<html>
<body>
<pre>
<h1>礦ision Build Log</h1>
<h2>Tool Versions:</h2>
IDE-Version: μVision V5.36.0.0
Copyright (C) 2021 ARM Ltd and ARM Germany GmbH. All rights reserved.
License Information: Chen Haotian, DUT, LIC=32B1Q-NQXZ7-JJZ6S-LTE5N-Q06QR-LQNX7
 
Tool Versions:
Toolchain:       MDK-ARM Plus  Version: 5.36.0.0
Toolchain Path:  D:\Keil_v5\ARM\ARMCC\Bin
C Compiler:      Armcc.exe V5.06 update 7 (build 960)
Assembler:       Armasm.exe V5.06 update 7 (build 960)
Linker/Locator:  ArmLink.exe V5.06 update 7 (build 960)
Library Manager: ArmAr.exe V5.06 update 7 (build 960)
Hex Converter:   FromElf.exe V5.06 update 7 (build 960)
CPU DLL:         SARMCM3.DLL V5.36.0.0
Dialog DLL:      DCM.DLL V1.17.3.0
Target DLL:      STLink\ST-LINKIII-KEIL_SWO.dll V3.0.9.0
Dialog DLL:      TCM.DLL V1.53.0.0
 
<h2>Project:</h2>
D:\智能小汪Plus\Project\MDK-ARM(uV5)\project.uvprojx
Project File Date:  04/12/2023

<h2>Output:</h2>
*** Using Compiler 'V5.06 update 7 (build 960)', folder: 'D:\Keil_v5\ARM\ARMCC\Bin'
Rebuild target 'Flash'
compiling bsp_cpu.c...
compiling bsp_clk.c...
compiling bsp_os.c...
compiling os_app_hooks.c...
compiling bsp_fmc_io.c...
compiling bsp_beep.c...
compiling bsp_timer.c...
compiling bsp_key.c...
compiling bsp_int_armv7m.c...
compiling bsp_led.c...
compiling app_audio_lib.c...
compiling App_SysFunction.c...
compiling app_wav_lib.c...
compiling main.c...
compiling bsp.c...
compiling bsp_camera.c...
assembling startup_stm32h743xx.s...
compiling bsp_sdio_sd.c...
compiling bsp_i2c_gpio.c...
compiling stm32h7xx_it.c...
compiling bsp_i2c_eeprom_24xx.c...
compiling bsp_uart_fifo.c...
compiling bsp_spi_bus.c...
compiling bsp_cpu_rtc.c...
compiling bsp_fmc_sdram.c...
compiling stm32h7xx_hal.c...
compiling bsp_tim_pwm.c...
compiling bsp_spi_flash.c...
compiling stm32h7xx_hal_timebase_tim.c...
compiling bsp_fmc_ad7606.c...
compiling bsp_i2c_wm8978.c...
compiling stm32h7xx_hal_cortex.c...
compiling stm32h7xx_hal_gpio.c...
compiling stm32h7xx_hal_sram.c...
compiling stm32h7xx_hal_uart_ex.c...
compiling stm32h7xx_ll_fmc.c...
compiling stm32h7xx_hal_tim_ex.c...
compiling stm32h7xx_hal_uart.c...
compiling stm32h7xx_hal_sdram.c...
compiling stm32h7xx_hal_mdma.c...
compiling stm32h7xx_hal_dma_ex.c...
compiling stm32h7xx_hal_tim.c...
compiling stm32h7xx_hal_rcc.c...
compiling stm32h7xx_hal_rcc_ex.c...
compiling stm32h7xx_hal_dma.c...
compiling stm32h7xx_hal_hrtim.c...
compiling stm32h7xx_hal_sd_ex.c...
compiling stm32h7xx_hal_spi_ex.c...
compiling stm32h7xx_hal_pwr.c...
compiling stm32h7xx_ll_sdmmc.c...
compiling stm32h7xx_hal_pcd.c...
compiling stm32h7xx_hal_ltdc.c...
compiling stm32h7xx_hal_spi.c...
compiling stm32h7xx_hal_flash.c...
compiling stm32h7xx_hal_jpeg.c...
compiling stm32h7xx_hal_flash_ex.c...
compiling stm32h7xx_hal_sd.c...
compiling stm32h7xx_hal_i2s_ex.c...
compiling stm32h7xx_hal_pwr_ex.c...
compiling stm32h7xx_hal_pcd_ex.c...
compiling cc936.c...
compiling diskio.c...
compiling ff.c...
compiling syscall.c...
compiling ff_gen_drv.c...
assembling HardFaultHandler.S...
compiling stm32h7xx_ll_usb.c...
compiling SEGGER_RTT.c...
compiling SEGGER_RTT_printf.c...
compiling cpu_core.c...
compiling cpu_c.c...
assembling cpu_a.asm...
compiling lib_ascii.c...
compiling lib_math.c...
compiling lib_mem.c...
compiling lib_str.c...
compiling os_cfg_app.c...
compiling os_core.c...
compiling os_dbg.c...
compiling os_flag.c...
compiling os_mem.c...
compiling os_msg.c...
compiling os_mutex.c...
compiling os_prio.c...
compiling os_q.c...
compiling os_sem.c...
compiling os_stat.c...
compiling os_task.c...
compiling os_tick.c...
compiling os_time.c...
compiling os_tmr.c...
compiling os_var.c...
compiling os_cpu_c.c...
assembling os_cpu_a.asm...
assembling os_cpu_isr.asm...
compiling stm32h7xx_ll_delayblock.c...
compiling stm32h7xx_hal_dcmi.c...
compiling stm32h7xx_hal_qspi.c...
compiling stm32h7xx_hal_i2c_ex.c...
compiling system_stm32h7xx.c...
compiling stm32h7xx_hal_rtc.c...
compiling stm32h7xx_hal_sai.c...
compiling stm32h7xx_hal_i2s.c...
compiling GUI_X_uCOS-III.c...
compiling stm32h7xx_hal_rtc_ex.c...
compiling stm32h7xx_hal_dma2d.c...
compiling SEGGER_HardFaultHandler.c...
compiling sd_diskio_dma.c...
compiling stm32h7xx_hal_i2c.c...
compiling bsp_ts_gt811.c...
compiling bsp_ts_ft5x06.c...
compiling bsp_ts_stmpe811.c...
compiling bsp_tft_lcd.c...
compiling bsp_tft_h7.c...
compiling bsp_ts_gt911.c...
compiling GUIConf.c...
compiling bsp_ts_touch.c...
compiling LCDConf_Lin_Template.c...
compiling GUI_Font12.c...
compiling GUI_Font16.c...
compiling GUI_Font24.c...
compiling GUI_Font32.c...
compiling GUI_Font48.c...
compiling GUI_UC_EncodeNone.c...
compiling GUI_Reserved_DLG.c...
..\..\emWin\emWinTask\GUI_Reserved_DLG.c(80): warning:  #177-D: variable "err"  was declared but never referenced
  		OS_ERR  err;
..\..\emWin\emWinTask\GUI_Reserved_DLG.c(51): warning:  #177-D: variable "s_tMusicMsg"  was declared but never referenced
  	static MusicMsg_T s_tMusicMsg;            		 /* 用于给音乐播放任务发消息，发送音乐类型和歌曲路径 */
..\..\emWin\emWinTask\GUI_Reserved_DLG.c: 2 warnings, 0 errors
compiling GUI_Camera_DLG.c...
compiling Background_clock.c...
compiling Button_appoint.c...
compiling Button_lock.c...
compiling GUI_Clock_DLG.c...
compiling Button_unlock.c...
compiling colon.c...
compiling ClockBkPic.c...
compiling next.c...
compiling num0.c...
compiling num1.c...
compiling num2.c...
compiling num3.c...
compiling num4.c...
compiling GUI_Calendar_DLG.c...
compiling num5.c...
compiling num6.c...
compiling num7.c...
compiling num8.c...
compiling num9.c...
compiling pause.c...
compiling play.c...
compiling previous.c...
compiling recorder_cancel.c...
compiling recorder_play.c...
compiling recorder_record.c...
compiling recorder_save.c...
compiling brush.c...
compiling eraser.c...
compiling Switch.c...
compiling _settings.c...
compiling calculator.c...
compiling calendar.c...
compiling camera.c...
compiling clock.c...
compiling codedlock.c...
compiling GUI_Main.c...
compiling drawingboard.c...
compiling control.c...
compiling folder.c...
compiling game.c...
compiling gps.c...
compiling music.c...
compiling lamplight.c...
compiling mycomputer.c...
compiling news.c...
compiling oscilloscope.c...
compiling picture.c...
compiling radio.c...
compiling recorder.c...
compiling setting.c...
compiling asc12.c...
compiling usb.c...
compiling video.c...
compiling asc24.c...
compiling asc16.c...
compiling asc32.c...
compiling hz16.c...
compiling hz12.c...
compiling hz24.c...
compiling hz32.c...
compiling ra8875_asc_width.c...
compiling rt_Memory.c...
compiling decode_dma.c...
compiling JPEGConf.c...
compiling GUI_BMPdisplay.c...
compiling GUI_Picture_DLG.c...
..\..\emWin\emWinTask\GUI_Picture_DLG.c(221): warning:  #177-D: variable "hItem"  was declared but never referenced
  	WM_HWIN hItem;
..\..\emWin\emWinTask\GUI_Picture_DLG.c(225): warning:  #177-D: variable "acMask"  was declared but never referenced
  	const char        acMask[] = "*.*";
..\..\emWin\emWinTask\GUI_Picture_DLG.c(226): warning:  #177-D: variable "Info"  was declared but never referenced
  	CHOOSEFILE_INFO   Info = { 0 };
..\..\emWin\emWinTask\GUI_Picture_DLG.c(227): warning:  #177-D: variable "r"  was declared but never referenced
  	int               r;
..\..\emWin\emWinTask\GUI_Picture_DLG.c(228): warning:  #177-D: variable "acDir"  was declared but never referenced
  	char             acDir[_MAX_PATH] = "1:";
..\..\emWin\emWinTask\GUI_Picture_DLG.c(229): warning:  #177-D: variable "apDrives"  was declared but never referenced
  	char const* apDrives[1] = { 0 };
..\..\emWin\emWinTask\GUI_Picture_DLG.c: 6 warnings, 0 errors
compiling GUI_Music_DLG.c...
compiling GUI_DrawingBoard_DLG.c...
compiling GUI_Setting_DLG.c...
compiling GUI_Oscilloscope_DLG.c...
compiling GUICharPEx.c...
linking...
Program Size: Code=264108 RO-data=1779584 RW-data=5304 ZI-data=4480752  
FromELF: creating hex file...
After Build - User command #1: CopyHex_Flash.bat
D:\智能小汪Plus\Project\MDK-ARM(uV5)>copy Objects\output.hex ..\output(mdk).hex 
已复制         1 个文件。
".\Objects\output.axf" - 0 Error(s), 8 Warning(s).

<h2>Software Packages used:</h2>

Package Vendor: Keil
                http://www.keil.com/pack/Keil.STM32H7xx_DFP.3.0.0.pack
                Keil.STM32H7xx_DFP.3.0.0
                STMicroelectronics STM32H7 Series Device Support and Examples

<h2>Collection of Component include folders:</h2>
  D:\Keil_v5\Arm\Packs\Keil\STM32H7xx_DFP\3.0.0\Drivers\CMSIS\Device\ST\STM32H7xx\Include

<h2>Collection of Component Files used:</h2>
Build Time Elapsed:  00:04:09
</pre>
</body>
</html>
