Component: ARM Compiler 5.06 update 7 (build 960) Tool: armlink [4d3601]

==============================================================================

Section Cross References

    startup_stm32f411xe.o(RESET) refers to startup_stm32f411xe.o(STACK) for __initial_sp
    startup_stm32f411xe.o(RESET) refers to startup_stm32f411xe.o(.text) for Reset_Handler
    startup_stm32f411xe.o(RESET) refers to stm32f4xx_it.o(i.NMI_Handler) for NMI_Handler
    startup_stm32f411xe.o(RESET) refers to stm32f4xx_it.o(i.HardFault_Handler) for HardFault_Handler
    startup_stm32f411xe.o(RESET) refers to stm32f4xx_it.o(i.MemManage_Handler) for MemManage_Handler
    startup_stm32f411xe.o(RESET) refers to stm32f4xx_it.o(i.BusFault_Handler) for BusFault_Handler
    startup_stm32f411xe.o(RESET) refers to stm32f4xx_it.o(i.UsageFault_Handler) for UsageFault_Handler
    startup_stm32f411xe.o(RESET) refers to port.o(.emb_text) for SVC_Handler
    startup_stm32f411xe.o(RESET) refers to stm32f4xx_it.o(i.DebugMon_Handler) for DebugMon_Handler
    startup_stm32f411xe.o(RESET) refers to cmsis_os2.o(i.SysTick_Handler) for SysTick_Handler
    startup_stm32f411xe.o(RESET) refers to stm32f4xx_it.o(i.ADC_IRQHandler) for ADC_IRQHandler
    startup_stm32f411xe.o(RESET) refers to stm32f4xx_it.o(i.TIM1_UP_TIM10_IRQHandler) for TIM1_UP_TIM10_IRQHandler
    startup_stm32f411xe.o(RESET) refers to stm32f4xx_it.o(i.TIM2_IRQHandler) for TIM2_IRQHandler
    startup_stm32f411xe.o(RESET) refers to stm32f4xx_it.o(i.USART1_IRQHandler) for USART1_IRQHandler
    startup_stm32f411xe.o(RESET) refers to stm32f4xx_it.o(i.USART2_IRQHandler) for USART2_IRQHandler
    startup_stm32f411xe.o(.text) refers to system_stm32f4xx.o(i.SystemInit) for SystemInit
    startup_stm32f411xe.o(.text) refers to entry.o(.ARM.Collect$$$$00000000) for __main
    main.o(i.HAL_TIM_PeriodElapsedCallback) refers to stm32f4xx_hal.o(i.HAL_IncTick) for HAL_IncTick
    main.o(i.SystemClock_Config) refers to memseta.o(.text) for __aeabi_memclr4
    main.o(i.SystemClock_Config) refers to stm32f4xx_hal_rcc.o(i.HAL_RCC_OscConfig) for HAL_RCC_OscConfig
    main.o(i.SystemClock_Config) refers to stm32f4xx_hal_rcc.o(i.HAL_RCC_ClockConfig) for HAL_RCC_ClockConfig
    main.o(i.main) refers to stm32f4xx_hal.o(i.HAL_Init) for HAL_Init
    main.o(i.main) refers to main.o(i.SystemClock_Config) for SystemClock_Config
    main.o(i.main) refers to gpio.o(i.MX_GPIO_Init) for MX_GPIO_Init
    main.o(i.main) refers to adc.o(i.MX_ADC1_Init) for MX_ADC1_Init
    main.o(i.main) refers to tim.o(i.MX_TIM2_Init) for MX_TIM2_Init
    main.o(i.main) refers to usart.o(i.MX_USART1_UART_Init) for MX_USART1_UART_Init
    main.o(i.main) refers to usart.o(i.MX_USART2_UART_Init) for MX_USART2_UART_Init
    main.o(i.main) refers to cmsis_os2.o(i.osKernelInitialize) for osKernelInitialize
    main.o(i.main) refers to freertos.o(i.MX_FREERTOS_Init) for MX_FREERTOS_Init
    main.o(i.main) refers to cmsis_os2.o(i.osKernelStart) for osKernelStart
    gpio.o(i.MX_GPIO_Init) refers to memseta.o(.text) for __aeabi_memclr4
    gpio.o(i.MX_GPIO_Init) refers to gpio.o(i.LL_AHB1_GRP1_EnableClock) for LL_AHB1_GRP1_EnableClock
    gpio.o(i.MX_GPIO_Init) refers to stm32f4xx_ll_gpio.o(i.LL_GPIO_Init) for LL_GPIO_Init
    freertos.o(i.AppTask_DebugUsart) refers to cmsis_os2.o(i.osDelay) for osDelay
    freertos.o(i.AppTask_Led) refers to cmsis_os2.o(i.osDelay) for osDelay
    freertos.o(i.AppTask_Start) refers to cmsis_os2.o(i.osDelay) for osDelay
    freertos.o(i.MX_FREERTOS_Init) refers to cmsis_os2.o(i.osThreadNew) for osThreadNew
    freertos.o(i.MX_FREERTOS_Init) refers to freertos.o(.constdata) for .constdata
    freertos.o(i.MX_FREERTOS_Init) refers to freertos.o(i.AppTask_Start) for AppTask_Start
    freertos.o(i.MX_FREERTOS_Init) refers to freertos.o(.data) for .data
    freertos.o(i.MX_FREERTOS_Init) refers to freertos.o(i.AppTask_Led) for AppTask_Led
    freertos.o(i.MX_FREERTOS_Init) refers to freertos.o(i.AppTask_DebugUsart) for AppTask_DebugUsart
    freertos.o(.constdata) refers to freertos.o(.conststring) for .conststring
    adc.o(i.MX_ADC1_Init) refers to memseta.o(.text) for __aeabi_memclr4
    adc.o(i.MX_ADC1_Init) refers to stm32f4xx_ll_gpio.o(i.LL_GPIO_Init) for LL_GPIO_Init
    adc.o(i.MX_ADC1_Init) refers to stm32f4xx_ll_adc.o(i.LL_ADC_Init) for LL_ADC_Init
    adc.o(i.MX_ADC1_Init) refers to stm32f4xx_ll_adc.o(i.LL_ADC_REG_Init) for LL_ADC_REG_Init
    adc.o(i.MX_ADC1_Init) refers to stm32f4xx_ll_adc.o(i.LL_ADC_CommonInit) for LL_ADC_CommonInit
    tim.o(i.MX_TIM2_Init) refers to memseta.o(.text) for __aeabi_memclr4
    tim.o(i.MX_TIM2_Init) refers to stm32f4xx_ll_tim.o(i.LL_TIM_Init) for LL_TIM_Init
    usart.o(i.HAL_UART_MspDeInit) refers to stm32f4xx_hal_gpio.o(i.HAL_GPIO_DeInit) for HAL_GPIO_DeInit
    usart.o(i.HAL_UART_MspDeInit) refers to stm32f4xx_hal_cortex.o(i.HAL_NVIC_DisableIRQ) for HAL_NVIC_DisableIRQ
    usart.o(i.HAL_UART_MspInit) refers to memseta.o(.text) for __aeabi_memclr4
[...]
    Removing timers.o(i.xTimerIsTimerActive), (48 bytes).
    Removing timers.o(i.xTimerPendFunctionCall), (60 bytes).
    Removing timers.o(i.xTimerPendFunctionCallFromISR), (40 bytes).
    Removing cmsis_os2.o(.rev16_text), (4 bytes).
    Removing cmsis_os2.o(.revsh_text), (4 bytes).
    Removing cmsis_os2.o(.rrx_text), (6 bytes).
    Removing cmsis_os2.o(i.AllocBlock), (18 bytes).
    Removing cmsis_os2.o(i.CreateBlock), (26 bytes).
    Removing cmsis_os2.o(i.OS_Tick_GetCount), (12 bytes).
    Removing cmsis_os2.o(i.TimerCallback), (24 bytes).
    Removing cmsis_os2.o(i.osDelayUntil), (46 bytes).
    Removing cmsis_os2.o(i.osEventFlagsClear), (62 bytes).
    Removing cmsis_os2.o(i.osEventFlagsDelete), (32 bytes).
    Removing cmsis_os2.o(i.osEventFlagsGet), (22 bytes).
    Removing cmsis_os2.o(i.osEventFlagsNew), (44 bytes).
    Removing cmsis_os2.o(i.osEventFlagsSet), (84 bytes).
    Removing cmsis_os2.o(i.osEventFlagsWait), (98 bytes).
    Removing cmsis_os2.o(i.osKernelGetInfo), (60 bytes).
    Removing cmsis_os2.o(i.osKernelGetState), (32 bytes).
    Removing cmsis_os2.o(i.osKernelGetSysTimerCount), (66 bytes).
    Removing cmsis_os2.o(i.osKernelGetSysTimerFreq), (12 bytes).
    Removing cmsis_os2.o(i.osKernelGetTickCount), (14 bytes).
    Removing cmsis_os2.o(i.osKernelGetTickFreq), (6 bytes).
    Removing cmsis_os2.o(i.osKernelLock), (42 bytes).
    Removing cmsis_os2.o(i.osKernelRestoreLock), (66 bytes).
    Removing cmsis_os2.o(i.osKernelUnlock), (58 bytes).
    Removing cmsis_os2.o(i.osMemoryPoolAlloc), (144 bytes).
    Removing cmsis_os2.o(i.osMemoryPoolDelete), (96 bytes).
    Removing cmsis_os2.o(i.osMemoryPoolFree), (184 bytes).
    Removing cmsis_os2.o(i.osMemoryPoolGetBlockSize), (24 bytes).
    Removing cmsis_os2.o(i.osMemoryPoolGetCapacity), (24 bytes).
    Removing cmsis_os2.o(i.osMemoryPoolGetCount), (52 bytes).
    Removing cmsis_os2.o(i.osMemoryPoolGetName), (18 bytes).
    Removing cmsis_os2.o(i.osMemoryPoolGetSpace), (40 bytes).
    Removing cmsis_os2.o(i.osMemoryPoolNew), (228 bytes).
    Removing cmsis_os2.o(i.osMessageQueueDelete), (42 bytes).
    Removing cmsis_os2.o(i.osMessageQueueGet), (100 bytes).
    Removing cmsis_os2.o(i.osMessageQueueGetCapacity), (8 bytes).
    Removing cmsis_os2.o(i.osMessageQueueGetCount), (20 bytes).
    Removing cmsis_os2.o(i.osMessageQueueGetMsgSize), (8 bytes).
    Removing cmsis_os2.o(i.osMessageQueueGetSpace), (44 bytes).
    Removing cmsis_os2.o(i.osMessageQueueNew), (88 bytes).
    Removing cmsis_os2.o(i.osMessageQueuePut), (104 bytes).
    Removing cmsis_os2.o(i.osMessageQueueReset), (34 bytes).
    Removing cmsis_os2.o(i.osMutexAcquire), (82 bytes).
    Removing cmsis_os2.o(i.osMutexDelete), (44 bytes).
    Removing cmsis_os2.o(i.osMutexGetOwner), (20 bytes).
    Removing cmsis_os2.o(i.osMutexNew), (104 bytes).
    Removing cmsis_os2.o(i.osMutexRelease), (66 bytes).
    Removing cmsis_os2.o(i.osSemaphoreAcquire), (92 bytes).
    Removing cmsis_os2.o(i.osSemaphoreDelete), (42 bytes).
    Removing cmsis_os2.o(i.osSemaphoreGetCount), (20 bytes).
    Removing cmsis_os2.o(i.osSemaphoreNew), (152 bytes).
    Removing cmsis_os2.o(i.osSemaphoreRelease), (88 bytes).
    Removing cmsis_os2.o(i.osThreadEnumerate), (98 bytes).
    Removing cmsis_os2.o(i.osThreadExit), (8 bytes).
    Removing cmsis_os2.o(i.osThreadFlagsClear), (78 bytes).
    Removing cmsis_os2.o(i.osThreadFlagsGet), (44 bytes).
    Removing cmsis_os2.o(i.osThreadFlagsSet), (116 bytes).
    Removing cmsis_os2.o(i.osThreadFlagsWait), (150 bytes).
    Removing cmsis_os2.o(i.osThreadGetCount), (14 bytes).
    Removing cmsis_os2.o(i.osThreadGetId), (4 bytes).
    Removing cmsis_os2.o(i.osThreadGetName), (16 bytes).
    Removing cmsis_os2.o(i.osThreadGetPriority), (18 bytes).
    Removing cmsis_os2.o(i.osThreadGetStackSpace), (22 bytes).
    Removing cmsis_os2.o(i.osThreadGetState), (54 bytes).
    Removing cmsis_os2.o(i.osThreadResume), (32 bytes).
    Removing cmsis_os2.o(i.osThreadSetPriority), (40 bytes).
    Removing cmsis_os2.o(i.osThreadSuspend), (32 bytes).
    Removing cmsis_os2.o(i.osThreadTerminate), (52 bytes).
    Removing cmsis_os2.o(i.osThreadYield), (36 bytes).
    Removing cmsis_os2.o(i.osTimerDelete), (68 bytes).
    Removing cmsis_os2.o(i.osTimerGetName), (16 bytes).
    Removing cmsis_os2.o(i.osTimerIsRunning), (16 bytes).
    Removing cmsis_os2.o(i.osTimerNew), (120 bytes).
    Removing cmsis_os2.o(i.osTimerStart), (50 bytes).
    Removing cmsis_os2.o(i.osTimerStop), (68 bytes).
    Removing heap_4.o(i.vPortGetHeapStats), (108 bytes).
    Removing heap_4.o(i.vPortInitialiseBlocks), (2 bytes).
    Removing heap_4.o(i.xPortGetFreeHeapSize), (12 bytes).
    Removing heap_4.o(i.xPortGetMinimumEverFreeHeapSize), (12 bytes).
    Removing port.o(i.vPortEndScheduler), (32 bytes).

704 unused section(s) (total 47454 bytes) removed from the image.

==============================================================================

Image Symbol Table

    Local Symbols

    Symbol Name                              Value     Ov Type        Size  Object(Section)

    ../Core/Src/adc.c                        0x00000000   Number         0  adc.o ABSOLUTE
    ../Core/Src/freertos.c                   0x00000000   Number         0  freertos.o ABSOLUTE
    ../Core/Src/gpio.c                       0x00000000   Number         0  gpio.o ABSOLUTE
    ../Core/Src/main.c                       0x00000000   Number         0  main.o ABSOLUTE
    ../Core/Src/stm32f4xx_hal_msp.c          0x00000000   Number         0  stm32f4xx_hal_msp.o ABSOLUTE
    ../Core/Src/stm32f4xx_hal_timebase_tim.c 0x00000000   Number         0  stm32f4xx_hal_timebase_tim.o ABSOLUTE
    ../Core/Src/stm32f4xx_it.c               0x00000000   Number         0  stm32f4xx_it.o ABSOLUTE
    ../Core/Src/system_stm32f4xx.c           0x00000000   Number         0  system_stm32f4xx.o ABSOLUTE
    ../Core/Src/tim.c                        0x00000000   Number         0  tim.o ABSOLUTE
    ../Core/Src/usart.c                      0x00000000   Number         0  usart.o ABSOLUTE
    ../Drivers/STM32F4xx_HAL_Driver/Src/stm32f4xx_hal.c 0x00000000   Number         0  stm32f4xx_hal.o ABSOLUTE
    ../Drivers/STM32F4xx_HAL_Driver/Src/stm32f4xx_hal_cortex.c 0x00000000   Number         0  stm32f4xx_hal_cortex.o ABSOLUTE
    ../Drivers/STM32F4xx_HAL_Driver/Src/stm32f4xx_hal_dma.c 0x00000000   Number         0  stm32f4xx_hal_dma.o ABSOLUTE
    ../Drivers/STM32F4xx_HAL_Driver/Src/stm32f4xx_hal_dma_ex.c 0x00000000   Number         0  stm32f4xx_hal_dma_ex.o ABSOLUTE
    ../Drivers/STM32F4xx_HAL_Driver/Src/stm32f4xx_hal_exti.c 0x00000000   Number         0  stm32f4xx_hal_exti.o ABSOLUTE
    ../Drivers/STM32F4xx_HAL_Driver/Src/stm32f4xx_hal_flash.c 0x00000000   Number         0  stm32f4xx_hal_flash.o ABSOLUTE
    ../Drivers/STM32F4xx_HAL_Driver/Src/stm32f4xx_hal_flash_ex.c 0x00000000   Number         0  stm32f4xx_hal_flash_ex.o ABSOLUTE
    ../Drivers/STM32F4xx_HAL_Driver/Src/stm32f4xx_hal_flash_ramfunc.c 0x00000000   Number         0  stm32f4xx_hal_flash_ramfunc.o ABSOLUTE
    ../Drivers/STM32F4xx_HAL_Driver/Src/stm32f4xx_hal_gpio.c 0x00000000   Number         0  stm32f4xx_hal_gpio.o ABSOLUTE
    ../Drivers/STM32F4xx_HAL_Driver/Src/stm32f4xx_hal_pwr.c 0x00000000   Number         0  stm32f4xx_hal_pwr.o ABSOLUTE
    ../Drivers/STM32F4xx_HAL_Driver/Src/stm32f4xx_hal_pwr_ex.c 0x00000000   Number         0  stm32f4xx_hal_pwr_ex.o ABSOLUTE
    ../Drivers/STM32F4xx_HAL_Driver/Src/stm32f4xx_hal_rcc.c 0x00000000   Number         0  stm32f4xx_hal_rcc.o ABSOLUTE
    ../Drivers/STM32F4xx_HAL_Driver/Src/stm32f4xx_hal_rcc_ex.c 0x00000000   Number         0  stm32f4xx_hal_rcc_ex.o ABSOLUTE
    ../Drivers/STM32F4xx_HAL_Driver/Src/stm32f4xx_hal_tim.c 0x00000000   Number         0  stm32f4xx_hal_tim.o ABSOLUTE
    ../Drivers/STM32F4xx_HAL_Driver/Src/stm32f4xx_hal_tim_ex.c 0x00000000   Number         0  stm32f4xx_hal_tim_ex.o ABSOLUTE
    ../Drivers/STM32F4xx_HAL_Driver/Src/stm32f4xx_hal_uart.c 0x00000000   Number         0  stm32f4xx_hal_uart.o ABSOLUTE
    ../Drivers/STM32F4xx_HAL_Driver/Src/stm32f4xx_ll_adc.c 0x00000000   Number         0  stm32f4xx_ll_adc.o ABSOLUTE
    ../Drivers/STM32F4xx_HAL_Driver/Src/stm32f4xx_ll_dma.c 0x00000000   Number         0  stm32f4xx_ll_dma.o ABSOLUTE
    ../Drivers/STM32F4xx_HAL_Driver/Src/stm32f4xx_ll_exti.c 0x00000000   Number         0  stm32f4xx_ll_exti.o ABSOLUTE
    ../Drivers/STM32F4xx_HAL_Driver/Src/stm32f4xx_ll_gpio.c 0x00000000   Number         0  stm32f4xx_ll_gpio.o ABSOLUTE
    ../Drivers/STM32F4xx_HAL_Driver/Src/stm32f4xx_ll_rcc.c 0x00000000   Number         0  stm32f4xx_ll_rcc.o ABSOLUTE
    ../Drivers/STM32F4xx_HAL_Driver/Src/stm32f4xx_ll_tim.c 0x00000000   Number         0  stm32f4xx_ll_tim.o ABSOLUTE
    ../Drivers/STM32F4xx_HAL_Driver/Src/stm32f4xx_ll_utils.c 0x00000000   Number         0  stm32f4xx_ll_utils.o ABSOLUTE
    ../Middlewares/Third_Party/FreeRTOS/Source/CMSIS_RTOS_V2/cmsis_os2.c 0x00000000   Number         0  cmsis_os2.o ABSOLUTE
    ../Middlewares/Third_Party/FreeRTOS/Source/croutine.c 0x00000000   Number         0  croutine.o ABSOLUTE
    ../Middlewares/Third_Party/FreeRTOS/Source/event_groups.c 0x00000000   Number         0  event_groups.o ABSOLUTE
    ../Middlewares/Third_Party/FreeRTOS/Source/list.c 0x00000000   Number         0  list.o ABSOLUTE
    ../Middlewares/Third_Party/FreeRTOS/Source/portable/MemMang/heap_4.c 0x00000000   Number         0  heap_4.o ABSOLUTE
    ../Middlewares/Third_Party/FreeRTOS/Source/portable/RVDS/ARM_CM4F/port.c 0x00000000   Number         0  port.o ABSOLUTE
    ../Middlewares/Third_Party/FreeRTOS/Source/queue.c 0x00000000   Number         0  queue.o ABSOLUTE
    ../Middlewares/Third_Party/FreeRTOS/Source/stream_buffer.c 0x00000000   Number         0  stream_buffer.o ABSOLUTE
    ../Middlewares/Third_Party/FreeRTOS/Source/tasks.c 0x00000000   Number         0  tasks.o ABSOLUTE
    ../Middlewares/Third_Party/FreeRTOS/Source/timers.c 0x00000000   Number         0  timers.o ABSOLUTE
    ../clib/microlib/division.c              0x00000000   Number         0  uldiv.o ABSOLUTE
    ../clib/microlib/init/entry.s            0x00000000   Number         0  entry5.o ABSOLUTE
    ../clib/microlib/init/entry.s            0x00000000   Number         0  entry.o ABSOLUTE
    ../clib/microlib/init/entry.s            0x00000000   Number         0  entry8b.o ABSOLUTE
    ../clib/microlib/init/entry.s            0x00000000   Number         0  entry2.o ABSOLUTE
    ../clib/microlib/init/entry.s            0x00000000   Number         0  entry7a.o ABSOLUTE
    ../clib/microlib/init/entry.s            0x00000000   Number         0  entry7b.o ABSOLUTE
    ../clib/microlib/init/entry.s            0x00000000   Number         0  entry8a.o ABSOLUTE
    ../clib/microlib/init/entry.s            0x00000000   Number         0  entry9a.o ABSOLUTE
    ../clib/microlib/init/entry.s            0x00000000   Number         0  entry12b.o ABSOLUTE
    ../clib/microlib/init/entry.s            0x00000000   Number         0  entry12a.o ABSOLUTE
    ../clib/microlib/init/entry.s            0x00000000   Number         0  entry9b.o ABSOLUTE
    ../clib/microlib/init/entry.s            0x00000000   Number         0  entry11b.o ABSOLUTE
    ../clib/microlib/init/entry.s            0x00000000   Number         0  entry11a.o ABSOLUTE
    ../clib/microlib/init/entry.s            0x00000000   Number         0  entry10a.o ABSOLUTE
    ../clib/microlib/init/entry.s            0x00000000   Number         0  entry10b.o ABSOLUTE
    ../clib/microlib/longlong.c              0x00000000   Number         0  llushr.o ABSOLUTE
    ../clib/microlib/longlong.c              0x00000000   Number         0  llshl.o ABSOLUTE
    ../clib/microlib/string/memcpy.c         0x00000000   Number         0  memcpya.o ABSOLUTE
    ../clib/microlib/string/memcpy.c         0x00000000   Number         0  memcpyb.o ABSOLUTE
    ../clib/microlib/string/memset.c         0x00000000   Number         0  memseta.o ABSOLUTE
    ../clib/microlib/string/memset.c         0x00000000   Number         0  memset.o ABSOLUTE
    ..\Core\Src\adc.c                        0x00000000   Number         0  adc.o ABSOLUTE
    ..\Core\Src\freertos.c                   0x00000000   Number         0  freertos.o ABSOLUTE
    ..\Core\Src\gpio.c                       0x00000000   Number         0  gpio.o ABSOLUTE
    ..\Core\Src\main.c                       0x00000000   Number         0  main.o ABSOLUTE
    ..\Core\Src\stm32f4xx_hal_msp.c          0x00000000   Number         0  stm32f4xx_hal_msp.o ABSOLUTE
    ..\Core\Src\stm32f4xx_hal_timebase_tim.c 0x00000000   Number         0  stm32f4xx_hal_timebase_tim.o ABSOLUTE
    ..\Core\Src\stm32f4xx_it.c               0x00000000   Number         0  stm32f4xx_it.o ABSOLUTE
    ..\Core\Src\system_stm32f4xx.c           0x00000000   Number         0  system_stm32f4xx.o ABSOLUTE
    ..\Core\Src\tim.c                        0x00000000   Number         0  tim.o ABSOLUTE
    ..\Core\Src\usart.c                      0x00000000   Number         0  usart.o ABSOLUTE
    ..\Drivers\STM32F4xx_HAL_Driver\Src\stm32f4xx_hal.c 0x00000000   Number         0  stm32f4xx_hal.o ABSOLUTE
    ..\Drivers\STM32F4xx_HAL_Driver\Src\stm32f4xx_hal_cortex.c 0x00000000   Number         0  stm32f4xx_hal_cortex.o ABSOLUTE
    ..\Drivers\STM32F4xx_HAL_Driver\Src\stm32f4xx_hal_dma.c 0x00000000   Number         0  stm32f4xx_hal_dma.o ABSOLUTE
    ..\Drivers\STM32F4xx_HAL_Driver\Src\stm32f4xx_hal_dma_ex.c 0x00000000   Number         0  stm32f4xx_hal_dma_ex.o ABSOLUTE
    ..\Drivers\STM32F4xx_HAL_Driver\Src\stm32f4xx_hal_exti.c 0x00000000   Number         0  stm32f4xx_hal_exti.o ABSOLUTE
    ..\Drivers\STM32F4xx_HAL_Driver\Src\stm32f4xx_hal_flash.c 0x00000000   Number         0  stm32f4xx_hal_flash.o ABSOLUTE
    ..\Drivers\STM32F4xx_HAL_Driver\Src\stm32f4xx_hal_flash_ex.c 0x00000000   Number         0  stm32f4xx_hal_flash_ex.o ABSOLUTE
    ..\Drivers\STM32F4xx_HAL_Driver\Src\stm32f4xx_hal_flash_ramfunc.c 0x00000000   Number         0  stm32f4xx_hal_flash_ramfunc.o ABSOLUTE
    ..\Drivers\STM32F4xx_HAL_Driver\Src\stm32f4xx_hal_gpio.c 0x00000000   Number         0  stm32f4xx_hal_gpio.o ABSOLUTE
    ..\Drivers\STM32F4xx_HAL_Driver\Src\stm32f4xx_hal_pwr.c 0x00000000   Number         0  stm32f4xx_hal_pwr.o ABSOLUTE
    ..\Drivers\STM32F4xx_HAL_Driver\Src\stm32f4xx_hal_pwr_ex.c 0x00000000   Number         0  stm32f4xx_hal_pwr_ex.o ABSOLUTE
    ..\Drivers\STM32F4xx_HAL_Driver\Src\stm32f4xx_hal_rcc.c 0x00000000   Number         0  stm32f4xx_hal_rcc.o ABSOLUTE
    ..\Drivers\STM32F4xx_HAL_Driver\Src\stm32f4xx_hal_rcc_ex.c 0x00000000   Number         0  stm32f4xx_hal_rcc_ex.o ABSOLUTE
    ..\Drivers\STM32F4xx_HAL_Driver\Src\stm32f4xx_hal_tim.c 0x00000000   Number         0  stm32f4xx_hal_tim.o ABSOLUTE
    ..\Drivers\STM32F4xx_HAL_Driver\Src\stm32f4xx_hal_tim_ex.c 0x00000000   Number         0  stm32f4xx_hal_tim_ex.o ABSOLUTE
    ..\Drivers\STM32F4xx_HAL_Driver\Src\stm32f4xx_hal_uart.c 0x00000000   Number         0  stm32f4xx_hal_uart.o ABSOLUTE
    ..\Drivers\STM32F4xx_HAL_Driver\Src\stm32f4xx_ll_adc.c 0x00000000   Number         0  stm32f4xx_ll_adc.o ABSOLUTE
    ..\Drivers\STM32F4xx_HAL_Driver\Src\stm32f4xx_ll_dma.c 0x00000000   Number         0  stm32f4xx_ll_dma.o ABSOLUTE
    ..\Drivers\STM32F4xx_HAL_Driver\Src\stm32f4xx_ll_exti.c 0x00000000   Number         0  stm32f4xx_ll_exti.o ABSOLUTE
    ..\Drivers\STM32F4xx_HAL_Driver\Src\stm32f4xx_ll_gpio.c 0x00000000   Number         0  stm32f4xx_ll_gpio.o ABSOLUTE
    ..\Drivers\STM32F4xx_HAL_Driver\Src\stm32f4xx_ll_rcc.c 0x00000000   Number         0  stm32f4xx_ll_rcc.o ABSOLUTE
    ..\Drivers\STM32F4xx_HAL_Driver\Src\stm32f4xx_ll_tim.c 0x00000000   Number         0  stm32f4xx_ll_tim.o ABSOLUTE
    ..\Drivers\STM32F4xx_HAL_Driver\Src\stm32f4xx_ll_utils.c 0x00000000   Number         0  stm32f4xx_ll_utils.o ABSOLUTE
    ..\Middlewares\Third_Party\FreeRTOS\Source\CMSIS_RTOS_V2\cmsis_os2.c 0x00000000   Number         0  cmsis_os2.o ABSOLUTE
    ..\Middlewares\Third_Party\FreeRTOS\Source\portable\RVDS\ARM_CM4F\port.c 0x00000000   Number         0  port.o ABSOLUTE
    dc.s                                     0x00000000   Number         0  dc.o ABSOLUTE
    handlers.s                               0x00000000   Number         0  handlers.o ABSOLUTE
    init.s                                   0x00000000   Number         0  init.o ABSOLUTE
    startup_stm32f411xe.s                    0x00000000   Number         0  startup_stm32f411xe.o ABSOLUTE
    RESET                                    0x08000000   Section      408  startup_stm32f411xe.o(RESET)
    .ARM.Collect$$$$00000000                 0x08000198   Section        0  entry.o(.ARM.Collect$$$$00000000)
    .ARM.Collect$$$$00000001                 0x08000198   Section        4  entry2.o(.ARM.Collect$$$$00000001)
    .ARM.Collect$$$$00000004                 0x0800019c   Section        4  entry5.o(.ARM.Collect$$$$00000004)
    .ARM.Collect$$$$00000008                 0x080001a0   Section        0  entry7b.o(.ARM.Collect$$$$00000008)
    .ARM.Collect$$$$0000000A                 0x080001a0   Section        0  entry8b.o(.ARM.Collect$$$$0000000A)
    .ARM.Collect$$$$0000000B                 0x080001a0   Section        8  entry9a.o(.ARM.Collect$$$$0000000B)
    .ARM.Collect$$$$0000000E                 0x080001a8   Section        4  entry12b.o(.ARM.Collect$$$$0000000E)
    .ARM.Collect$$$$0000000F                 0x080001ac   Section        0  entry10a.o(.ARM.Collect$$$$0000000F)
    .ARM.Collect$$$$00000011                 0x080001ac   Section        0  entry11a.o(.ARM.Collect$$$$00000011)
    .ARM.Collect$$$$00002712                 0x080001ac   Section        4  entry2.o(.ARM.Collect$$$$00002712)
    __lit__00000000                          0x080001ac   Data           4  entry2.o(.ARM.Collect$$$$00002712)
    .emb_text                                0x080001b0   Section      190  port.o(.emb_text)
    $v0                                      0x080001b0   Number         0  port.o(.emb_text)
    .text                                    0x08000270   Section       36  startup_stm32f411xe.o(.text)
    $v0                                      0x08000270   Number         0  startup_stm32f411xe.o(.text)
    .text                                    0x08000294   Section        0  uldiv.o(.text)
    .text                                    0x080002f6   Section        0  memcpya.o(.text)
    .text                                    0x0800031a   Section        0  memseta.o(.text)
    .text                                    0x0800033e   Section        0  llshl.o(.text)
    .text                                    0x0800035c   Section        0  llushr.o(.text)
    .text                                    0x0800037c   Section       36  init.o(.text)
    i.ADC_IRQHandler                         0x080003a0   Section        0  stm32f4xx_it.o(i.ADC_IRQHandler)
    i.AppTask_DebugUsart                     0x080003a2   Section        0  freertos.o(i.AppTask_DebugUsart)
    i.AppTask_Led                            0x080003ac   Section        0  freertos.o(i.AppTask_Led)
    i.AppTask_Start                          0x080003d4   Section        0  freertos.o(i.AppTask_Start)
    i.BusFault_Handler                       0x080003dc   Section        0  stm32f4xx_it.o(i.BusFault_Handler)
    i.DebugMon_Handler                       0x080003de   Section        0  stm32f4xx_it.o(i.DebugMon_Handler)
    i.Error_Handler                          0x080003e0   Section        0  main.o(i.Error_Handler)
    i.HAL_DMA_Abort                          0x080003e4   Section        0  stm32f4xx_hal_dma.o(i.HAL_DMA_Abort)
    i.HAL_DMA_Abort_IT                       0x08000476   Section        0  stm32f4xx_hal_dma.o(i.HAL_DMA_Abort_IT)
    i.HAL_GPIO_Init                          0x0800049c   Section        0  stm32f4xx_hal_gpio.o(i.HAL_GPIO_Init)
    i.HAL_GetTick                            0x0800067c   Section        0  stm32f4xx_hal.o(i.HAL_GetTick)
    i.HAL_IncTick                            0x08000688   Section        0  stm32f4xx_hal.o(i.HAL_IncTick)
    i.HAL_Init                               0x08000698   Section        0  stm32f4xx_hal.o(i.HAL_Init)
    i.HAL_InitTick                           0x080006cc   Section        0  stm32f4xx_hal_timebase_tim.o(i.HAL_InitTick)
    i.HAL_MspInit                            0x08000740   Section        0  stm32f4xx_hal_msp.o(i.HAL_MspInit)
    i.HAL_NVIC_EnableIRQ                     0x08000778   Section        0  stm32f4xx_hal_cortex.o(i.HAL_NVIC_EnableIRQ)
    i.HAL_NVIC_SetPriority                   0x08000794   Section        0  stm32f4xx_hal_cortex.o(i.HAL_NVIC_SetPriority)
    i.HAL_NVIC_SetPriorityGrouping           0x080007d4   Section        0  stm32f4xx_hal_cortex.o(i.HAL_NVIC_SetPriorityGrouping)
    i.HAL_RCC_ClockConfig                    0x080007f8   Section        0  stm32f4xx_hal_rcc.o(i.HAL_RCC_ClockConfig)
    i.HAL_RCC_GetClockConfig                 0x0800092c   Section        0  stm32f4xx_hal_rcc.o(i.HAL_RCC_GetClockConfig)
    i.HAL_RCC_GetPCLK1Freq                   0x0800096c   Section        0  stm32f4xx_hal_rcc.o(i.HAL_RCC_GetPCLK1Freq)
    i.HAL_RCC_GetPCLK2Freq                   0x0800098c   Section        0  stm32f4xx_hal_rcc.o(i.HAL_RCC_GetPCLK2Freq)
    i.HAL_RCC_GetSysClockFreq                0x080009ac   Section        0  stm32f4xx_hal_rcc.o(i.HAL_RCC_GetSysClockFreq)
    i.HAL_RCC_OscConfig                      0x08000a10   Section        0  stm32f4xx_hal_rcc.o(i.HAL_RCC_OscConfig)
    i.HAL_TIMEx_BreakCallback                0x08000d7c   Section        0  stm32f4xx_hal_tim_ex.o(i.HAL_TIMEx_BreakCallback)
    i.HAL_TIMEx_CommutCallback               0x08000d7e   Section        0  stm32f4xx_hal_tim_ex.o(i.HAL_TIMEx_CommutCallback)
    i.HAL_TIM_Base_Init                      0x08000d80   Section        0  stm32f4xx_hal_tim.o(i.HAL_TIM_Base_Init)
    i.HAL_TIM_Base_MspInit                   0x08000dda   Section        0  stm32f4xx_hal_tim.o(i.HAL_TIM_Base_MspInit)
    i.HAL_TIM_Base_Start_IT                  0x08000ddc   Section        0  stm32f4xx_hal_tim.o(i.HAL_TIM_Base_Start_IT)
    i.HAL_TIM_IC_CaptureCallback             0x08000e48   Section        0  stm32f4xx_hal_tim.o(i.HAL_TIM_IC_CaptureCallback)
    i.HAL_TIM_IRQHandler                     0x08000e4a   Section        0  stm32f4xx_hal_tim.o(i.HAL_TIM_IRQHandler)
    i.HAL_TIM_OC_DelayElapsedCallback        0x08000fb0   Section        0  stm32f4xx_hal_tim.o(i.HAL_TIM_OC_DelayElapsedCallback)
    i.HAL_TIM_PWM_PulseFinishedCallback      0x08000fb2   Section        0  stm32f4xx_hal_tim.o(i.HAL_TIM_PWM_PulseFinishedCallback)
    i.HAL_TIM_PeriodElapsedCallback          0x08000fb4   Section        0  main.o(i.HAL_TIM_PeriodElapsedCallback)
    i.HAL_TIM_TriggerCallback                0x08000fc8   Section        0  stm32f4xx_hal_tim.o(i.HAL_TIM_TriggerCallback)
    i.HAL_UARTEx_RxEventCallback             0x08000fca   Section        0  stm32f4xx_hal_uart.o(i.HAL_UARTEx_RxEventCallback)
    i.HAL_UART_ErrorCallback                 0x08000fcc   Section        0  stm32f4xx_hal_uart.o(i.HAL_UART_ErrorCallback)
    i.HAL_UART_IRQHandler                    0x08000fd0   Section        0  stm32f4xx_hal_uart.o(i.HAL_UART_IRQHandler)
    i.HAL_UART_Init                          0x08001238   Section        0  stm32f4xx_hal_uart.o(i.HAL_UART_Init)
    i.HAL_UART_MspInit                       0x0800129c   Section        0  usart.o(i.HAL_UART_MspInit)
    i.HAL_UART_RxCpltCallback                0x08001364   Section        0  stm32f4xx_hal_uart.o(i.HAL_UART_RxCpltCallback)
    i.HAL_UART_TxCpltCallback                0x08001366   Section        0  stm32f4xx_hal_uart.o(i.HAL_UART_TxCpltCallback)
    i.HardFault_Handler                      0x08001368   Section        0  stm32f4xx_it.o(i.HardFault_Handler)
    i.LL_ADC_CommonInit                      0x0800136c   Section        0  stm32f4xx_ll_adc.o(i.LL_ADC_CommonInit)
    i.LL_ADC_Init                            0x08001390   Section        0  stm32f4xx_ll_adc.o(i.LL_ADC_Init)
    i.LL_ADC_REG_Init                        0x080013c4   Section        0  stm32f4xx_ll_adc.o(i.LL_ADC_REG_Init)
    i.LL_AHB1_GRP1_EnableClock               0x08001414   Section        0  gpio.o(i.LL_AHB1_GRP1_EnableClock)
    LL_AHB1_GRP1_EnableClock                 0x08001415   Thumb Code    18  gpio.o(i.LL_AHB1_GRP1_EnableClock)
    i.LL_GPIO_Init                           0x0800142c   Section        0  stm32f4xx_ll_gpio.o(i.LL_GPIO_Init)
    i.LL_TIM_Init                            0x08001564   Section        0  stm32f4xx_ll_tim.o(i.LL_TIM_Init)
    i.MX_ADC1_Init                           0x080015fc   Section        0  adc.o(i.MX_ADC1_Init)
    i.MX_FREERTOS_Init                       0x08001744   Section        0  freertos.o(i.MX_FREERTOS_Init)
    i.MX_GPIO_Init                           0x08001788   Section        0  gpio.o(i.MX_GPIO_Init)
    i.MX_TIM2_Init                           0x08001834   Section        0  tim.o(i.MX_TIM2_Init)
    i.MX_USART1_UART_Init                    0x080018e0   Section        0  usart.o(i.MX_USART1_UART_Init)
    i.MX_USART2_UART_Init                    0x08001918   Section        0  usart.o(i.MX_USART2_UART_Init)
    i.MemManage_Handler                      0x08001950   Section        0  stm32f4xx_it.o(i.MemManage_Handler)
    i.NMI_Handler                            0x08001952   Section        0  stm32f4xx_it.o(i.NMI_Handler)
    i.SysTick_Handler                        0x08001954   Section        0  cmsis_os2.o(i.SysTick_Handler)
    i.SystemClock_Config                     0x08001970   Section        0  main.o(i.SystemClock_Config)
    i.SystemInit                             0x08001a00   Section        0  system_stm32f4xx.o(i.SystemInit)
    i.TIM1_UP_TIM10_IRQHandler               0x08001a10   Section        0  stm32f4xx_it.o(i.TIM1_UP_TIM10_IRQHandler)
    i.TIM2_IRQHandler                        0x08001a1c   Section        0  stm32f4xx_it.o(i.TIM2_IRQHandler)
    i.TIM_Base_SetConfig                     0x08001a20   Section        0  stm32f4xx_hal_tim.o(i.TIM_Base_SetConfig)
    i.UART_DMAAbortOnError                   0x08001ab8   Section        0  stm32f4xx_hal_uart.o(i.UART_DMAAbortOnError)
    UART_DMAAbortOnError                     0x08001ab9   Thumb Code    16  stm32f4xx_hal_uart.o(i.UART_DMAAbortOnError)
    i.UART_EndRxTransfer                     0x08001ac8   Section        0  stm32f4xx_hal_uart.o(i.UART_EndRxTransfer)
    UART_EndRxTransfer                       0x08001ac9   Thumb Code    78  stm32f4xx_hal_uart.o(i.UART_EndRxTransfer)
    i.UART_Receive_IT                        0x08001b16   Section        0  stm32f4xx_hal_uart.o(i.UART_Receive_IT)
    UART_Receive_IT                          0x08001b17   Thumb Code   192  stm32f4xx_hal_uart.o(i.UART_Receive_IT)
    i.UART_SetConfig                         0x08001bd8   Section        0  stm32f4xx_hal_uart.o(i.UART_SetConfig)
    UART_SetConfig                           0x08001bd9   Thumb Code   258  stm32f4xx_hal_uart.o(i.UART_SetConfig)
    i.USART1_IRQHandler                      0x08001ce4   Section        0  stm32f4xx_it.o(i.USART1_IRQHandler)
    i.USART2_IRQHandler                      0x08001cf0   Section        0  stm32f4xx_it.o(i.USART2_IRQHandler)
    i.UsageFault_Handler                     0x08001cfc   Section        0  stm32f4xx_it.o(i.UsageFault_Handler)
    i.__NVIC_SetPriority                     0x08001cfe   Section        0  stm32f4xx_hal_cortex.o(i.__NVIC_SetPriority)
    __NVIC_SetPriority                       0x08001cff   Thumb Code    32  stm32f4xx_hal_cortex.o(i.__NVIC_SetPriority)
    i.__scatterload_copy                     0x08001d1e   Section       14  handlers.o(i.__scatterload_copy)
    i.__scatterload_null                     0x08001d2c   Section        2  handlers.o(i.__scatterload_null)
    i.__scatterload_zeroinit                 0x08001d2e   Section       14  handlers.o(i.__scatterload_zeroinit)
    i.main                                   0x08001d3c   Section        0  main.o(i.main)
    i.osDelay                                0x08001d66   Section        0  cmsis_os2.o(i.osDelay)
    i.osKernelInitialize                     0x08001d80   Section        0  cmsis_os2.o(i.osKernelInitialize)
    i.osKernelStart                          0x08001da4   Section        0  cmsis_os2.o(i.osKernelStart)
    i.osThreadNew                            0x08001ddc   Section        0  cmsis_os2.o(i.osThreadNew)
    i.prvAddCurrentTaskToDelayedList         0x08001e68   Section        0  tasks.o(i.prvAddCurrentTaskToDelayedList)
    prvAddCurrentTaskToDelayedList           0x08001e69   Thumb Code    84  tasks.o(i.prvAddCurrentTaskToDelayedList)
    i.prvAddNewTaskToReadyList               0x08001ec4   Section        0  tasks.o(i.prvAddNewTaskToReadyList)
    prvAddNewTaskToReadyList                 0x08001ec5   Thumb Code   190  tasks.o(i.prvAddNewTaskToReadyList)
    i.prvCheckForValidListAndQueue           0x08001f94   Section        0  timers.o(i.prvCheckForValidListAndQueue)
    prvCheckForValidListAndQueue             0x08001f95   Thumb Code    72  timers.o(i.prvCheckForValidListAndQueue)
    i.prvCopyDataFromQueue                   0x08001fec   Section        0  queue.o(i.prvCopyDataFromQueue)
    prvCopyDataFromQueue                     0x08001fed   Thumb Code    38  queue.o(i.prvCopyDataFromQueue)
    i.prvCopyDataToQueue                     0x08002012   Section        0  queue.o(i.prvCopyDataToQueue)
    prvCopyDataToQueue                       0x08002013   Thumb Code   108  queue.o(i.prvCopyDataToQueue)
    i.prvDeleteTCB                           0x0800207e   Section        0  tasks.o(i.prvDeleteTCB)
    prvDeleteTCB                             0x0800207f   Thumb Code    52  tasks.o(i.prvDeleteTCB)
    i.prvHeapInit                            0x080020b4   Section        0  heap_4.o(i.prvHeapInit)
    prvHeapInit                              0x080020b5   Thumb Code    66  heap_4.o(i.prvHeapInit)
    i.prvIdleTask                            0x08002100   Section        0  tasks.o(i.prvIdleTask)
    prvIdleTask                              0x08002101   Thumb Code    82  tasks.o(i.prvIdleTask)
    i.prvInitialiseNewQueue                  0x08002160   Section        0  queue.o(i.prvInitialiseNewQueue)
    prvInitialiseNewQueue                    0x08002161   Thumb Code    34  queue.o(i.prvInitialiseNewQueue)
    i.prvInitialiseNewTask                   0x08002184   Section        0  tasks.o(i.prvInitialiseNewTask)
    prvInitialiseNewTask                     0x08002185   Thumb Code   176  tasks.o(i.prvInitialiseNewTask)
    i.prvInsertBlockIntoFreeList             0x08002234   Section        0  heap_4.o(i.prvInsertBlockIntoFreeList)
    prvInsertBlockIntoFreeList               0x08002235   Thumb Code    72  heap_4.o(i.prvInsertBlockIntoFreeList)
    i.prvInsertTimerInActiveList             0x08002280   Section        0  timers.o(i.prvInsertTimerInActiveList)
    prvInsertTimerInActiveList               0x08002281   Thumb Code    52  timers.o(i.prvInsertTimerInActiveList)
    i.prvIsQueueEmpty                        0x080022b8   Section        0  queue.o(i.prvIsQueueEmpty)
    prvIsQueueEmpty                          0x080022b9   Thumb Code    28  queue.o(i.prvIsQueueEmpty)
    i.prvProcessReceivedCommands             0x080022d4   Section        0  timers.o(i.prvProcessReceivedCommands)
    prvProcessReceivedCommands               0x080022d5   Thumb Code   248  timers.o(i.prvProcessReceivedCommands)
    i.prvProcessTimerOrBlockTask             0x080023d0   Section        0  timers.o(i.prvProcessTimerOrBlockTask)
    prvProcessTimerOrBlockTask               0x080023d1   Thumb Code   182  timers.o(i.prvProcessTimerOrBlockTask)
    i.prvResetNextTaskUnblockTime            0x08002490   Section        0  tasks.o(i.prvResetNextTaskUnblockTime)
    prvResetNextTaskUnblockTime              0x08002491   Thumb Code    26  tasks.o(i.prvResetNextTaskUnblockTime)
    i.prvSampleTimeNow                       0x080024b0   Section        0  timers.o(i.prvSampleTimeNow)
    prvSampleTimeNow                         0x080024b1   Thumb Code    36  timers.o(i.prvSampleTimeNow)
    i.prvSwitchTimerLists                    0x080024d8   Section        0  timers.o(i.prvSwitchTimerLists)
    prvSwitchTimerLists                      0x080024d9   Thumb Code   104  timers.o(i.prvSwitchTimerLists)
    i.prvTaskExitError                       0x08002544   Section        0  port.o(i.prvTaskExitError)
    prvTaskExitError                         0x08002545   Thumb Code    36  port.o(i.prvTaskExitError)
    i.prvTimerTask                           0x0800256c   Section        0  timers.o(i.prvTimerTask)
    prvTimerTask                             0x0800256d   Thumb Code    32  timers.o(i.prvTimerTask)
    i.prvUnlockQueue                         0x08002590   Section        0  queue.o(i.prvUnlockQueue)
    prvUnlockQueue                           0x08002591   Thumb Code   106  queue.o(i.prvUnlockQueue)
    i.pvPortMalloc                           0x080025fc   Section        0  heap_4.o(i.pvPortMalloc)
    i.pxPortInitialiseStack                  0x080026d8   Section        0  port.o(i.pxPortInitialiseStack)
    i.uxListRemove                           0x08002704   Section        0  list.o(i.uxListRemove)
    i.vApplicationGetIdleTaskMemory          0x0800272c   Section        0  cmsis_os2.o(i.vApplicationGetIdleTaskMemory)
    i.vApplicationGetTimerTaskMemory         0x08002740   Section        0  cmsis_os2.o(i.vApplicationGetTimerTaskMemory)
    i.vListInitialise                        0x08002758   Section        0  list.o(i.vListInitialise)
    i.vListInitialiseItem                    0x0800276e   Section        0  list.o(i.vListInitialiseItem)
    i.vListInsert                            0x08002774   Section        0  list.o(i.vListInsert)
    i.vListInsertEnd                         0x080027a4   Section        0  list.o(i.vListInsertEnd)
    i.vPortEnterCritical                     0x080027bc   Section        0  port.o(i.vPortEnterCritical)
    i.vPortExitCritical                      0x080027fc   Section        0  port.o(i.vPortExitCritical)
    i.vPortFree                              0x08002824   Section        0  heap_4.o(i.vPortFree)
    i.vPortSetupTimerInterrupt               0x08002888   Section        0  port.o(i.vPortSetupTimerInterrupt)
    i.vPortValidateInterruptPriority         0x080028ac   Section        0  port.o(i.vPortValidateInterruptPriority)
    i.vQueueAddToRegistry                    0x08002900   Section        0  queue.o(i.vQueueAddToRegistry)
    i.vQueueWaitForMessageRestricted         0x08002928   Section        0  queue.o(i.vQueueWaitForMessageRestricted)
    i.vTaskDelay                             0x0800296c   Section        0  tasks.o(i.vTaskDelay)
    i.vTaskInternalSetTimeOutState           0x080029b8   Section        0  tasks.o(i.vTaskInternalSetTimeOutState)
    i.vTaskMissedYield                       0x080029c8   Section        0  tasks.o(i.vTaskMissedYield)
    i.vTaskPlaceOnEventList                  0x080029d4   Section        0  tasks.o(i.vTaskPlaceOnEventList)
    i.vTaskPlaceOnEventListRestricted        0x08002a04   Section        0  tasks.o(i.vTaskPlaceOnEventListRestricted)
    i.vTaskStartScheduler                    0x08002a3c   Section        0  tasks.o(i.vTaskStartScheduler)
    i.vTaskSuspendAll                        0x08002ac4   Section        0  tasks.o(i.vTaskSuspendAll)
    i.vTaskSwitchContext                     0x08002ad4   Section        0  tasks.o(i.vTaskSwitchContext)
    i.xPortStartScheduler                    0x08002b38   Section        0  port.o(i.xPortStartScheduler)
    i.xPortSysTickHandler                    0x08002c2c   Section        0  port.o(i.xPortSysTickHandler)
    i.xQueueGenericCreateStatic              0x08002c58   Section        0  queue.o(i.xQueueGenericCreateStatic)
    i.xQueueGenericReset                     0x08002cc0   Section        0  queue.o(i.xQueueGenericReset)
    i.xQueueGenericSend                      0x08002d48   Section        0  queue.o(i.xQueueGenericSend)
    i.xQueueGenericSendFromISR               0x08002ea8   Section        0  queue.o(i.xQueueGenericSendFromISR)
    i.xQueueReceive                          0x08002f68   Section        0  queue.o(i.xQueueReceive)
    i.xTaskCheckForTimeOut                   0x080030a0   Section        0  tasks.o(i.xTaskCheckForTimeOut)
    i.xTaskCreate                            0x08003114   Section        0  tasks.o(i.xTaskCreate)
    i.xTaskCreateStatic                      0x0800316e   Section        0  tasks.o(i.xTaskCreateStatic)
    i.xTaskGetSchedulerState                 0x080031c4   Section        0  tasks.o(i.xTaskGetSchedulerState)
    i.xTaskGetTickCount                      0x080031e0   Section        0  tasks.o(i.xTaskGetTickCount)
    i.xTaskIncrementTick                     0x080031ec   Section        0  tasks.o(i.xTaskIncrementTick)
    i.xTaskPriorityDisinherit                0x080032b4   Section        0  tasks.o(i.xTaskPriorityDisinherit)
    i.xTaskRemoveFromEventList               0x08003334   Section        0  tasks.o(i.xTaskRemoveFromEventList)
    i.xTaskResumeAll                         0x080033a4   Section        0  tasks.o(i.xTaskResumeAll)
    i.xTimerCreateTimerTask                  0x08003468   Section        0  timers.o(i.xTimerCreateTimerTask)
    i.xTimerGenericCommand                   0x080034c8   Section        0  timers.o(i.xTimerGenericCommand)
    .constdata                               0x08003530   Section      108  freertos.o(.constdata)
    .constdata                               0x0800359c   Section       16  system_stm32f4xx.o(.constdata)
    .constdata                               0x080035ac   Section        8  system_stm32f4xx.o(.constdata)
    .conststring                             0x080035b4   Section       39  freertos.o(.conststring)
    .data                                    0x20000000   Section       12  freertos.o(.data)
    .data                                    0x2000000c   Section       12  stm32f4xx_hal.o(.data)
    .data                                    0x20000018   Section        4  system_stm32f4xx.o(.data)
    .data                                    0x2000001c   Section       60  tasks.o(.data)
    uxDeletedTasksWaitingCleanUp             0x20000020   Data           4  tasks.o(.data)
    uxCurrentNumberOfTasks                   0x20000024   Data           4  tasks.o(.data)
    xTickCount                               0x20000028   Data           4  tasks.o(.data)
    uxTopReadyPriority                       0x2000002c   Data           4  tasks.o(.data)
    xSchedulerRunning                        0x20000030   Data           4  tasks.o(.data)
    xPendedTicks                             0x20000034   Data           4  tasks.o(.data)
    xYieldPending                            0x20000038   Data           4  tasks.o(.data)
    xNumOfOverflows                          0x2000003c   Data           4  tasks.o(.data)
    uxTaskNumber                             0x20000040   Data           4  tasks.o(.data)
    xNextTaskUnblockTime                     0x20000044   Data           4  tasks.o(.data)
    xIdleTaskHandle                          0x20000048   Data           4  tasks.o(.data)
    uxSchedulerSuspended                     0x2000004c   Data           4  tasks.o(.data)
    pxDelayedTaskList                        0x20000050   Data           4  tasks.o(.data)
    pxOverflowDelayedTaskList                0x20000054   Data           4  tasks.o(.data)
    .data                                    0x20000058   Section       20  timers.o(.data)
    xTimerQueue                              0x20000058   Data           4  timers.o(.data)
    xTimerTaskHandle                         0x2000005c   Data           4  timers.o(.data)
    xLastTime                                0x20000060   Data           4  timers.o(.data)
    pxCurrentTimerList                       0x20000064   Data           4  timers.o(.data)
    pxOverflowTimerList                      0x20000068   Data           4  timers.o(.data)
    .data                                    0x2000006c   Section        4  cmsis_os2.o(.data)
    KernelState                              0x2000006c   Data           4  cmsis_os2.o(.data)
    .data                                    0x20000070   Section       32  heap_4.o(.data)
    pxEnd                                    0x20000070   Data           4  heap_4.o(.data)
    xFreeBytesRemaining                      0x20000074   Data           4  heap_4.o(.data)
    xMinimumEverFreeBytesRemaining           0x20000078   Data           4  heap_4.o(.data)
    xNumberOfSuccessfulAllocations           0x2000007c   Data           4  heap_4.o(.data)
    xNumberOfSuccessfulFrees                 0x20000080   Data           4  heap_4.o(.data)
    xBlockAllocatedBit                       0x20000084   Data           4  heap_4.o(.data)
    xStart                                   0x20000088   Data           8  heap_4.o(.data)
    .data                                    0x20000090   Section       12  port.o(.data)
    ucMaxSysCallPriority                     0x20000090   Data           1  port.o(.data)
    uxCriticalNesting                        0x20000094   Data           4  port.o(.data)
    ulMaxPRIGROUPValue                       0x20000098   Data           4  port.o(.data)
    .bss                                     0x2000009c   Section      136  usart.o(.bss)
    .bss                                     0x20000124   Section       72  stm32f4xx_hal_timebase_tim.o(.bss)
    .bss                                     0x2000016c   Section       64  queue.o(.bss)
    .bss                                     0x200001ac   Section     1220  tasks.o(.bss)
    pxReadyTasksLists                        0x200001ac   Data        1120  tasks.o(.bss)
    xDelayedTaskList1                        0x2000060c   Data          20  tasks.o(.bss)
    xDelayedTaskList2                        0x20000620   Data          20  tasks.o(.bss)
    xPendingReadyList                        0x20000634   Data          20  tasks.o(.bss)
    xTasksWaitingTermination                 0x20000648   Data          20  tasks.o(.bss)
    xSuspendedTaskList                       0x2000065c   Data          20  tasks.o(.bss)
    .bss                                     0x20000670   Section      280  timers.o(.bss)
    xStaticTimerQueue                        0x20000670   Data          80  timers.o(.bss)
    ucStaticTimerQueueStorage                0x200006c0   Data         160  timers.o(.bss)
    xActiveTimerList1                        0x20000760   Data          20  timers.o(.bss)
    xActiveTimerList2                        0x20000774   Data          20  timers.o(.bss)
    .bss                                     0x20000788   Section     1720  cmsis_os2.o(.bss)
    Idle_TCB                                 0x20000788   Data          92  cmsis_os2.o(.bss)
    Idle_Stack                               0x200007e4   Data         512  cmsis_os2.o(.bss)
    Timer_TCB                                0x200009e4   Data          92  cmsis_os2.o(.bss)
    Timer_Stack                              0x20000a40   Data        1024  cmsis_os2.o(.bss)
    .bss                                     0x20000e40   Section    15360  heap_4.o(.bss)
    ucHeap                                   0x20000e40   Data       15360  heap_4.o(.bss)
    STACK                                    0x20004a40   Section     1024  startup_stm32f411xe.o(STACK)

    Global Symbols

    Symbol Name                              Value     Ov Type        Size  Object(Section)

    BuildAttributes$$THM_ISAv4$E$P$D$K$B$S$7EM$VFPi3$EXTD16$VFPS$VFMA$PE$A:L22UL41UL21$X:L11$S22US41US21$IEEE1$IW$USESV6$~STKCKD$USESV7$~SHL$OSPACE$EBA8$MICROLIB$REQ8$PRES8$EABIv2 0x00000000   Number         0  anon$$obj.o ABSOLUTE
    __ARM_use_no_argv                        0x00000000   Number         0  main.o ABSOLUTE
    __arm_fini_                               - Undefined Weak Reference
    __cpp_initialize__aeabi_                  - Undefined Weak Reference
    __cxa_finalize                            - Undefined Weak Reference
    __decompress                              - Undefined Weak Reference
    _clock_init                               - Undefined Weak Reference
    _microlib_exit                            - Undefined Weak Reference
    __Vectors_Size                           0x00000198   Number         0  startup_stm32f411xe.o ABSOLUTE
    __Vectors                                0x08000000   Data           4  startup_stm32f411xe.o(RESET)
    __Vectors_End                            0x08000198   Data           0  startup_stm32f411xe.o(RESET)
    __main                                   0x08000199   Thumb Code     0  entry.o(.ARM.Collect$$$$00000000)
    _main_stk                                0x08000199   Thumb Code     0  entry2.o(.ARM.Collect$$$$00000001)
    _main_scatterload                        0x0800019d   Thumb Code     0  entry5.o(.ARM.Collect$$$$00000004)
    __main_after_scatterload                 0x080001a1   Thumb Code     0  entry5.o(.ARM.Collect$$$$00000004)
    _main_clock                              0x080001a1   Thumb Code     0  entry7b.o(.ARM.Collect$$$$00000008)
    _main_cpp_init                           0x080001a1   Thumb Code     0  entry8b.o(.ARM.Collect$$$$0000000A)
    _main_init                               0x080001a1   Thumb Code     0  entry9a.o(.ARM.Collect$$$$0000000B)
    __rt_lib_shutdown_fini                   0x080001a9   Thumb Code     0  entry12b.o(.ARM.Collect$$$$0000000E)
    __rt_final_cpp                           0x080001ad   Thumb Code     0  entry10a.o(.ARM.Collect$$$$0000000F)
    __rt_final_exit                          0x080001ad   Thumb Code     0  entry11a.o(.ARM.Collect$$$$00000011)
    SVC_Handler                              0x080001b1   Thumb Code    28  port.o(.emb_text)
    __asm___6_port_c_39a90d8d__prvStartFirstTask 0x080001d1   Thumb Code    36  port.o(.emb_text)
    __asm___6_port_c_39a90d8d__prvEnableVFP  0x080001f9   Thumb Code    16  port.o(.emb_text)
    PendSV_Handler                           0x0800020d   Thumb Code    88  port.o(.emb_text)
    vPortGetIPSR                             0x08000269   Thumb Code     6  port.o(.emb_text)
    Reset_Handler                            0x08000271   Thumb Code     8  startup_stm32f411xe.o(.text)
    DMA1_Stream0_IRQHandler                  0x0800028b   Thumb Code     0  startup_stm32f411xe.o(.text)
    DMA1_Stream1_IRQHandler                  0x0800028b   Thumb Code     0  startup_stm32f411xe.o(.text)
    DMA1_Stream2_IRQHandler                  0x0800028b   Thumb Code     0  startup_stm32f411xe.o(.text)
    DMA1_Stream3_IRQHandler                  0x0800028b   Thumb Code     0  startup_stm32f411xe.o(.text)
    DMA1_Stream4_IRQHandler                  0x0800028b   Thumb Code     0  startup_stm32f411xe.o(.text)
    DMA1_Stream5_IRQHandler                  0x0800028b   Thumb Code     0  startup_stm32f411xe.o(.text)
    DMA1_Stream6_IRQHandler                  0x0800028b   Thumb Code     0  startup_stm32f411xe.o(.text)
    DMA1_Stream7_IRQHandler                  0x0800028b   Thumb Code     0  startup_stm32f411xe.o(.text)
    DMA2_Stream0_IRQHandler                  0x0800028b   Thumb Code     0  startup_stm32f411xe.o(.text)
    DMA2_Stream1_IRQHandler                  0x0800028b   Thumb Code     0  startup_stm32f411xe.o(.text)
    DMA2_Stream2_IRQHandler                  0x0800028b   Thumb Code     0  startup_stm32f411xe.o(.text)
    DMA2_Stream3_IRQHandler                  0x0800028b   Thumb Code     0  startup_stm32f411xe.o(.text)
    DMA2_Stream4_IRQHandler                  0x0800028b   Thumb Code     0  startup_stm32f411xe.o(.text)
    DMA2_Stream5_IRQHandler                  0x0800028b   Thumb Code     0  startup_stm32f411xe.o(.text)
    DMA2_Stream6_IRQHandler                  0x0800028b   Thumb Code     0  startup_stm32f411xe.o(.text)
    DMA2_Stream7_IRQHandler                  0x0800028b   Thumb Code     0  startup_stm32f411xe.o(.text)
    EXTI0_IRQHandler                         0x0800028b   Thumb Code     0  startup_stm32f411xe.o(.text)
    EXTI15_10_IRQHandler                     0x0800028b   Thumb Code     0  startup_stm32f411xe.o(.text)
    EXTI1_IRQHandler                         0x0800028b   Thumb Code     0  startup_stm32f411xe.o(.text)
    EXTI2_IRQHandler                         0x0800028b   Thumb Code     0  startup_stm32f411xe.o(.text)
    EXTI3_IRQHandler                         0x0800028b   Thumb Code     0  startup_stm32f411xe.o(.text)
    EXTI4_IRQHandler                         0x0800028b   Thumb Code     0  startup_stm32f411xe.o(.text)
    EXTI9_5_IRQHandler                       0x0800028b   Thumb Code     0  startup_stm32f411xe.o(.text)
    FLASH_IRQHandler                         0x0800028b   Thumb Code     0  startup_stm32f411xe.o(.text)
    FPU_IRQHandler                           0x0800028b   Thumb Code     0  startup_stm32f411xe.o(.text)
    I2C1_ER_IRQHandler                       0x0800028b   Thumb Code     0  startup_stm32f411xe.o(.text)
    I2C1_EV_IRQHandler                       0x0800028b   Thumb Code     0  startup_stm32f411xe.o(.text)
    I2C2_ER_IRQHandler                       0x0800028b   Thumb Code     0  startup_stm32f411xe.o(.text)
    I2C2_EV_IRQHandler                       0x0800028b   Thumb Code     0  startup_stm32f411xe.o(.text)
    I2C3_ER_IRQHandler                       0x0800028b   Thumb Code     0  startup_stm32f411xe.o(.text)
    I2C3_EV_IRQHandler                       0x0800028b   Thumb Code     0  startup_stm32f411xe.o(.text)
    OTG_FS_IRQHandler                        0x0800028b   Thumb Code     0  startup_stm32f411xe.o(.text)
    OTG_FS_WKUP_IRQHandler                   0x0800028b   Thumb Code     0  startup_stm32f411xe.o(.text)
    PVD_IRQHandler                           0x0800028b   Thumb Code     0  startup_stm32f411xe.o(.text)
    RCC_IRQHandler                           0x0800028b   Thumb Code     0  startup_stm32f411xe.o(.text)
    RTC_Alarm_IRQHandler                     0x0800028b   Thumb Code     0  startup_stm32f411xe.o(.text)
    RTC_WKUP_IRQHandler                      0x0800028b   Thumb Code     0  startup_stm32f411xe.o(.text)
    SDIO_IRQHandler                          0x0800028b   Thumb Code     0  startup_stm32f411xe.o(.text)
    SPI1_IRQHandler                          0x0800028b   Thumb Code     0  startup_stm32f411xe.o(.text)
    SPI2_IRQHandler                          0x0800028b   Thumb Code     0  startup_stm32f411xe.o(.text)
    SPI3_IRQHandler                          0x0800028b   Thumb Code     0  startup_stm32f411xe.o(.text)
    SPI4_IRQHandler                          0x0800028b   Thumb Code     0  startup_stm32f411xe.o(.text)
    SPI5_IRQHandler                          0x0800028b   Thumb Code     0  startup_stm32f411xe.o(.text)
    TAMP_STAMP_IRQHandler                    0x0800028b   Thumb Code     0  startup_stm32f411xe.o(.text)
    TIM1_BRK_TIM9_IRQHandler                 0x0800028b   Thumb Code     0  startup_stm32f411xe.o(.text)
    TIM1_CC_IRQHandler                       0x0800028b   Thumb Code     0  startup_stm32f411xe.o(.text)
    TIM1_TRG_COM_TIM11_IRQHandler            0x0800028b   Thumb Code     0  startup_stm32f411xe.o(.text)
    TIM3_IRQHandler                          0x0800028b   Thumb Code     0  startup_stm32f411xe.o(.text)
    TIM4_IRQHandler                          0x0800028b   Thumb Code     0  startup_stm32f411xe.o(.text)
    TIM5_IRQHandler                          0x0800028b   Thumb Code     0  startup_stm32f411xe.o(.text)
    USART6_IRQHandler                        0x0800028b   Thumb Code     0  startup_stm32f411xe.o(.text)
    WWDG_IRQHandler                          0x0800028b   Thumb Code     0  startup_stm32f411xe.o(.text)
    __aeabi_uldivmod                         0x08000295   Thumb Code    98  uldiv.o(.text)
    __aeabi_memcpy                           0x080002f7   Thumb Code    36  memcpya.o(.text)
    __aeabi_memcpy4                          0x080002f7   Thumb Code     0  memcpya.o(.text)
    __aeabi_memcpy8                          0x080002f7   Thumb Code     0  memcpya.o(.text)
    __aeabi_memset                           0x0800031b   Thumb Code    14  memseta.o(.text)
    __aeabi_memset4                          0x0800031b   Thumb Code     0  memseta.o(.text)
    __aeabi_memset8                          0x0800031b   Thumb Code     0  memseta.o(.text)
    __aeabi_memclr                           0x08000329   Thumb Code     4  memseta.o(.text)
    __aeabi_memclr4                          0x08000329   Thumb Code     0  memseta.o(.text)
    __aeabi_memclr8                          0x08000329   Thumb Code     0  memseta.o(.text)
    memset                                   0x0800032d   Thumb Code    18  memseta.o(.text)
    __aeabi_llsl                             0x0800033f   Thumb Code    30  llshl.o(.text)
    _ll_shift_l                              0x0800033f   Thumb Code     0  llshl.o(.text)
    __aeabi_llsr                             0x0800035d   Thumb Code    32  llushr.o(.text)
    _ll_ushift_r                             0x0800035d   Thumb Code     0  llushr.o(.text)
    __scatterload                            0x0800037d   Thumb Code    28  init.o(.text)
    __scatterload_rt2                        0x0800037d   Thumb Code     0  init.o(.text)
    ADC_IRQHandler                           0x080003a1   Thumb Code     2  stm32f4xx_it.o(i.ADC_IRQHandler)
    AppTask_DebugUsart                       0x080003a3   Thumb Code     8  freertos.o(i.AppTask_DebugUsart)
    AppTask_Led                              0x080003ad   Thumb Code    34  freertos.o(i.AppTask_Led)
    AppTask_Start                            0x080003d5   Thumb Code     8  freertos.o(i.AppTask_Start)
    BusFault_Handler                         0x080003dd   Thumb Code     2  stm32f4xx_it.o(i.BusFault_Handler)
    DebugMon_Handler                         0x080003df   Thumb Code     2  stm32f4xx_it.o(i.DebugMon_Handler)
    Error_Handler                            0x080003e1   Thumb Code     4  main.o(i.Error_Handler)
    HAL_DMA_Abort                            0x080003e5   Thumb Code   146  stm32f4xx_hal_dma.o(i.HAL_DMA_Abort)
    HAL_DMA_Abort_IT                         0x08000477   Thumb Code    36  stm32f4xx_hal_dma.o(i.HAL_DMA_Abort_IT)
    HAL_GPIO_Init                            0x0800049d   Thumb Code   446  stm32f4xx_hal_gpio.o(i.HAL_GPIO_Init)
    HAL_GetTick                              0x0800067d   Thumb Code     6  stm32f4xx_hal.o(i.HAL_GetTick)
    HAL_IncTick                              0x08000689   Thumb Code    12  stm32f4xx_hal.o(i.HAL_IncTick)
    HAL_Init                                 0x08000699   Thumb Code    48  stm32f4xx_hal.o(i.HAL_Init)
    HAL_InitTick                             0x080006cd   Thumb Code    98  stm32f4xx_hal_timebase_tim.o(i.HAL_InitTick)
    HAL_MspInit                              0x08000741   Thumb Code    52  stm32f4xx_hal_msp.o(i.HAL_MspInit)
    HAL_NVIC_EnableIRQ                       0x08000779   Thumb Code    26  stm32f4xx_hal_cortex.o(i.HAL_NVIC_EnableIRQ)
    HAL_NVIC_SetPriority                     0x08000795   Thumb Code    60  stm32f4xx_hal_cortex.o(i.HAL_NVIC_SetPriority)
    HAL_NVIC_SetPriorityGrouping             0x080007d5   Thumb Code    26  stm32f4xx_hal_cortex.o(i.HAL_NVIC_SetPriorityGrouping)
    HAL_RCC_ClockConfig                      0x080007f9   Thumb Code   288  stm32f4xx_hal_rcc.o(i.HAL_RCC_ClockConfig)
    HAL_RCC_GetClockConfig                   0x0800092d   Thumb Code    54  stm32f4xx_hal_rcc.o(i.HAL_RCC_GetClockConfig)
    HAL_RCC_GetPCLK1Freq                     0x0800096d   Thumb Code    20  stm32f4xx_hal_rcc.o(i.HAL_RCC_GetPCLK1Freq)
    HAL_RCC_GetPCLK2Freq                     0x0800098d   Thumb Code    20  stm32f4xx_hal_rcc.o(i.HAL_RCC_GetPCLK2Freq)
    HAL_RCC_GetSysClockFreq                  0x080009ad   Thumb Code    88  stm32f4xx_hal_rcc.o(i.HAL_RCC_GetSysClockFreq)
    HAL_RCC_OscConfig                        0x08000a11   Thumb Code   856  stm32f4xx_hal_rcc.o(i.HAL_RCC_OscConfig)
    HAL_TIMEx_BreakCallback                  0x08000d7d   Thumb Code     2  stm32f4xx_hal_tim_ex.o(i.HAL_TIMEx_BreakCallback)
    HAL_TIMEx_CommutCallback                 0x08000d7f   Thumb Code     2  stm32f4xx_hal_tim_ex.o(i.HAL_TIMEx_CommutCallback)
    HAL_TIM_Base_Init                        0x08000d81   Thumb Code    90  stm32f4xx_hal_tim.o(i.HAL_TIM_Base_Init)
    HAL_TIM_Base_MspInit                     0x08000ddb   Thumb Code     2  stm32f4xx_hal_tim.o(i.HAL_TIM_Base_MspInit)
    HAL_TIM_Base_Start_IT                    0x08000ddd   Thumb Code    88  stm32f4xx_hal_tim.o(i.HAL_TIM_Base_Start_IT)
    HAL_TIM_IC_CaptureCallback               0x08000e49   Thumb Code     2  stm32f4xx_hal_tim.o(i.HAL_TIM_IC_CaptureCallback)
    HAL_TIM_IRQHandler                       0x08000e4b   Thumb Code   358  stm32f4xx_hal_tim.o(i.HAL_TIM_IRQHandler)
    HAL_TIM_OC_DelayElapsedCallback          0x08000fb1   Thumb Code     2  stm32f4xx_hal_tim.o(i.HAL_TIM_OC_DelayElapsedCallback)
    HAL_TIM_PWM_PulseFinishedCallback        0x08000fb3   Thumb Code     2  stm32f4xx_hal_tim.o(i.HAL_TIM_PWM_PulseFinishedCallback)
    HAL_TIM_PeriodElapsedCallback            0x08000fb5   Thumb Code    14  main.o(i.HAL_TIM_PeriodElapsedCallback)
    HAL_TIM_TriggerCallback                  0x08000fc9   Thumb Code     2  stm32f4xx_hal_tim.o(i.HAL_TIM_TriggerCallback)
    HAL_UARTEx_RxEventCallback               0x08000fcb   Thumb Code     2  stm32f4xx_hal_uart.o(i.HAL_UARTEx_RxEventCallback)
    HAL_UART_ErrorCallback                   0x08000fcd   Thumb Code     2  stm32f4xx_hal_uart.o(i.HAL_UART_ErrorCallback)
    HAL_UART_IRQHandler                      0x08000fd1   Thumb Code   610  stm32f4xx_hal_uart.o(i.HAL_UART_IRQHandler)
    HAL_UART_Init                            0x08001239   Thumb Code    98  stm32f4xx_hal_uart.o(i.HAL_UART_Init)
    HAL_UART_MspInit                         0x0800129d   Thumb Code   182  usart.o(i.HAL_UART_MspInit)
    HAL_UART_RxCpltCallback                  0x08001365   Thumb Code     2  stm32f4xx_hal_uart.o(i.HAL_UART_RxCpltCallback)
    HAL_UART_TxCpltCallback                  0x08001367   Thumb Code     2  stm32f4xx_hal_uart.o(i.HAL_UART_TxCpltCallback)
    HardFault_Handler                        0x08001369   Thumb Code     2  stm32f4xx_it.o(i.HardFault_Handler)
    LL_ADC_CommonInit                        0x0800136d   Thumb Code    32  stm32f4xx_ll_adc.o(i.LL_ADC_CommonInit)
    LL_ADC_Init                              0x08001391   Thumb Code    48  stm32f4xx_ll_adc.o(i.LL_ADC_Init)
    LL_ADC_REG_Init                          0x080013c5   Thumb Code    74  stm32f4xx_ll_adc.o(i.LL_ADC_REG_Init)
    LL_GPIO_Init                             0x0800142d   Thumb Code   310  stm32f4xx_ll_gpio.o(i.LL_GPIO_Init)
    LL_TIM_Init                              0x08001565   Thumb Code   122  stm32f4xx_ll_tim.o(i.LL_TIM_Init)
    MX_ADC1_Init                             0x080015fd   Thumb Code   302  adc.o(i.MX_ADC1_Init)
    MX_FREERTOS_Init                         0x08001745   Thumb Code    46  freertos.o(i.MX_FREERTOS_Init)
    MX_GPIO_Init                             0x08001789   Thumb Code   156  gpio.o(i.MX_GPIO_Init)
    MX_TIM2_Init                             0x08001835   Thumb Code   158  tim.o(i.MX_TIM2_Init)
    MX_USART1_UART_Init                      0x080018e1   Thumb Code    48  usart.o(i.MX_USART1_UART_Init)
    MX_USART2_UART_Init                      0x08001919   Thumb Code    48  usart.o(i.MX_USART2_UART_Init)
    MemManage_Handler                        0x08001951   Thumb Code     2  stm32f4xx_it.o(i.MemManage_Handler)
    NMI_Handler                              0x08001953   Thumb Code     2  stm32f4xx_it.o(i.NMI_Handler)
    SysTick_Handler                          0x08001955   Thumb Code    26  cmsis_os2.o(i.SysTick_Handler)
    SystemClock_Config                       0x08001971   Thumb Code   136  main.o(i.SystemClock_Config)
    SystemInit                               0x08001a01   Thumb Code    12  system_stm32f4xx.o(i.SystemInit)
    TIM1_UP_TIM10_IRQHandler                 0x08001a11   Thumb Code     6  stm32f4xx_it.o(i.TIM1_UP_TIM10_IRQHandler)
    TIM2_IRQHandler                          0x08001a1d   Thumb Code     2  stm32f4xx_it.o(i.TIM2_IRQHandler)
    TIM_Base_SetConfig                       0x08001a21   Thumb Code   122  stm32f4xx_hal_tim.o(i.TIM_Base_SetConfig)
    USART1_IRQHandler                        0x08001ce5   Thumb Code     6  stm32f4xx_it.o(i.USART1_IRQHandler)
    USART2_IRQHandler                        0x08001cf1   Thumb Code     6  stm32f4xx_it.o(i.USART2_IRQHandler)
    UsageFault_Handler                       0x08001cfd   Thumb Code     2  stm32f4xx_it.o(i.UsageFault_Handler)
    __scatterload_copy                       0x08001d1f   Thumb Code    14  handlers.o(i.__scatterload_copy)
    __scatterload_null                       0x08001d2d   Thumb Code     2  handlers.o(i.__scatterload_null)
    __scatterload_zeroinit                   0x08001d2f   Thumb Code    14  handlers.o(i.__scatterload_zeroinit)
    main                                     0x08001d3d   Thumb Code    42  main.o(i.main)
    osDelay                                  0x08001d67   Thumb Code    26  cmsis_os2.o(i.osDelay)
    osKernelInitialize                       0x08001d81   Thumb Code    32  cmsis_os2.o(i.osKernelInitialize)
    osKernelStart                            0x08001da5   Thumb Code    48  cmsis_os2.o(i.osKernelStart)
    osThreadNew                              0x08001ddd   Thumb Code   138  cmsis_os2.o(i.osThreadNew)
    pvPortMalloc                             0x080025fd   Thumb Code   216  heap_4.o(i.pvPortMalloc)
    pxPortInitialiseStack                    0x080026d9   Thumb Code    40  port.o(i.pxPortInitialiseStack)
    uxListRemove                             0x08002705   Thumb Code    38  list.o(i.uxListRemove)
    vApplicationGetIdleTaskMemory            0x0800272d   Thumb Code    16  cmsis_os2.o(i.vApplicationGetIdleTaskMemory)
    vApplicationGetTimerTaskMemory           0x08002741   Thumb Code    18  cmsis_os2.o(i.vApplicationGetTimerTaskMemory)
    vListInitialise                          0x08002759   Thumb Code    22  list.o(i.vListInitialise)
    vListInitialiseItem                      0x0800276f   Thumb Code     6  list.o(i.vListInitialiseItem)
    vListInsert                              0x08002775   Thumb Code    48  list.o(i.vListInsert)
    vListInsertEnd                           0x080027a5   Thumb Code    24  list.o(i.vListInsertEnd)
    vPortEnterCritical                       0x080027bd   Thumb Code    54  port.o(i.vPortEnterCritical)
    vPortExitCritical                        0x080027fd   Thumb Code    34  port.o(i.vPortExitCritical)
    vPortFree                                0x08002825   Thumb Code    94  heap_4.o(i.vPortFree)
    vPortSetupTimerInterrupt                 0x08002889   Thumb Code    32  port.o(i.vPortSetupTimerInterrupt)
    vPortValidateInterruptPriority           0x080028ad   Thumb Code    74  port.o(i.vPortValidateInterruptPriority)
    vQueueAddToRegistry                      0x08002901   Thumb Code    34  queue.o(i.vQueueAddToRegistry)
    vQueueWaitForMessageRestricted           0x08002929   Thumb Code    68  queue.o(i.vQueueWaitForMessageRestricted)
    vTaskDelay                               0x0800296d   Thumb Code    66  tasks.o(i.vTaskDelay)
    vTaskInternalSetTimeOutState             0x080029b9   Thumb Code    12  tasks.o(i.vTaskInternalSetTimeOutState)
    vTaskMissedYield                         0x080029c9   Thumb Code     8  tasks.o(i.vTaskMissedYield)
    vTaskPlaceOnEventList                    0x080029d5   Thumb Code    44  tasks.o(i.vTaskPlaceOnEventList)
    vTaskPlaceOnEventListRestricted          0x08002a05   Thumb Code    52  tasks.o(i.vTaskPlaceOnEventListRestricted)
    vTaskStartScheduler                      0x08002a3d   Thumb Code   118  tasks.o(i.vTaskStartScheduler)
    vTaskSuspendAll                          0x08002ac5   Thumb Code    10  tasks.o(i.vTaskSuspendAll)
    vTaskSwitchContext                       0x08002ad5   Thumb Code    90  tasks.o(i.vTaskSwitchContext)
    xPortStartScheduler                      0x08002b39   Thumb Code   222  port.o(i.xPortStartScheduler)
    xPortSysTickHandler                      0x08002c2d   Thumb Code    38  port.o(i.xPortSysTickHandler)
    xQueueGenericCreateStatic                0x08002c59   Thumb Code   102  queue.o(i.xQueueGenericCreateStatic)
    xQueueGenericReset                       0x08002cc1   Thumb Code   132  queue.o(i.xQueueGenericReset)
    xQueueGenericSend                        0x08002d49   Thumb Code   346  queue.o(i.xQueueGenericSend)
    xQueueGenericSendFromISR                 0x08002ea9   Thumb Code   190  queue.o(i.xQueueGenericSendFromISR)
    xQueueReceive                            0x08002f69   Thumb Code   308  queue.o(i.xQueueReceive)
    xTaskCheckForTimeOut                     0x080030a1   Thumb Code   112  tasks.o(i.xTaskCheckForTimeOut)
    xTaskCreate                              0x08003115   Thumb Code    90  tasks.o(i.xTaskCreate)
    xTaskCreateStatic                        0x0800316f   Thumb Code    86  tasks.o(i.xTaskCreateStatic)
    xTaskGetSchedulerState                   0x080031c5   Thumb Code    22  tasks.o(i.xTaskGetSchedulerState)
    xTaskGetTickCount                        0x080031e1   Thumb Code     6  tasks.o(i.xTaskGetTickCount)
    xTaskIncrementTick                       0x080031ed   Thumb Code   192  tasks.o(i.xTaskIncrementTick)
    xTaskPriorityDisinherit                  0x080032b5   Thumb Code   118  tasks.o(i.xTaskPriorityDisinherit)
    xTaskRemoveFromEventList                 0x08003335   Thumb Code    98  tasks.o(i.xTaskRemoveFromEventList)
    xTaskResumeAll                           0x080033a5   Thumb Code   182  tasks.o(i.xTaskResumeAll)
    xTimerCreateTimerTask                    0x08003469   Thumb Code    78  timers.o(i.xTimerCreateTimerTask)
    xTimerGenericCommand                     0x080034c9   Thumb Code    98  timers.o(i.xTimerGenericCommand)
    Task_Start_attributes                    0x08003530   Data          36  freertos.o(.constdata)
    Task_LED_attributes                      0x08003554   Data          36  freertos.o(.constdata)
    Task_DebugUsart_attributes               0x08003578   Data          36  freertos.o(.constdata)
    AHBPrescTable                            0x0800359c   Data          16  system_stm32f4xx.o(.constdata)
    APBPrescTable                            0x080035ac   Data           8  system_stm32f4xx.o(.constdata)
    Region$$Table$$Base                      0x080035dc   Number         0  anon$$obj.o(Region$$Table)
    Region$$Table$$Limit                     0x080035fc   Number         0  anon$$obj.o(Region$$Table)
    Task_StartHandle                         0x20000000   Data           4  freertos.o(.data)
    Task_LEDHandle                           0x20000004   Data           4  freertos.o(.data)
    Task_DebugUsartHandle                    0x20000008   Data           4  freertos.o(.data)
    uwTickFreq                               0x2000000c   Data           1  stm32f4xx_hal.o(.data)
    uwTickPrio                               0x20000010   Data           4  stm32f4xx_hal.o(.data)
    uwTick                                   0x20000014   Data           4  stm32f4xx_hal.o(.data)
    SystemCoreClock                          0x20000018   Data           4  system_stm32f4xx.o(.data)
    pxCurrentTCB                             0x2000001c   Data           4  tasks.o(.data)
    huart1                                   0x2000009c   Data          68  usart.o(.bss)
    huart2                                   0x200000e0   Data          68  usart.o(.bss)
    htim1                                    0x20000124   Data          72  stm32f4xx_hal_timebase_tim.o(.bss)
    xQueueRegistry                           0x2000016c   Data          64  queue.o(.bss)
    __initial_sp                             0x20004e40   Data           0  startup_stm32f411xe.o(STACK)



==============================================================================

Memory Map of the image

  Image Entry point : 0x08000199

  Load Region LR_IROM1 (Base: 0x08000000, Size: 0x00003698, Max: 0x00080000, ABSOLUTE)

    Execution Region ER_IROM1 (Exec base: 0x08000000, Load base: 0x08000000, Size: 0x000035fc, Max: 0x00080000, ABSOLUTE)

    Exec Addr    Load Addr    Size         Type   Attr      Idx    E Section Name        Object

    0x08000000   0x08000000   0x00000198   Data   RO            3    RESET               startup_stm32f411xe.o
    0x08000198   0x08000198   0x00000000   Code   RO         5439  * .ARM.Collect$$$$00000000  mc_w.l(entry.o)
    0x08000198   0x08000198   0x00000004   Code   RO         5452    .ARM.Collect$$$$00000001  mc_w.l(entry2.o)
    0x0800019c   0x0800019c   0x00000004   Code   RO         5455    .ARM.Collect$$$$00000004  mc_w.l(entry5.o)
    0x080001a0   0x080001a0   0x00000000   Code   RO         5457    .ARM.Collect$$$$00000008  mc_w.l(entry7b.o)
    0x080001a0   0x080001a0   0x00000000   Code   RO         5459    .ARM.Collect$$$$0000000A  mc_w.l(entry8b.o)
    0x080001a0   0x080001a0   0x00000008   Code   RO         5460    .ARM.Collect$$$$0000000B  mc_w.l(entry9a.o)
    0x080001a8   0x080001a8   0x00000004   Code   RO         5467    .ARM.Collect$$$$0000000E  mc_w.l(entry12b.o)
    0x080001ac   0x080001ac   0x00000000   Code   RO         5462    .ARM.Collect$$$$0000000F  mc_w.l(entry10a.o)
    0x080001ac   0x080001ac   0x00000000   Code   RO         5464    .ARM.Collect$$$$00000011  mc_w.l(entry11a.o)
    0x080001ac   0x080001ac   0x00000004   Code   RO         5453    .ARM.Collect$$$$00002712  mc_w.l(entry2.o)
    0x080001b0   0x080001b0   0x000000be   Code   RO         5362    .emb_text           port.o
    0x0800026e   0x0800026e   0x00000002   PAD
    0x08000270   0x08000270   0x00000024   Code   RO            4    .text               startup_stm32f411xe.o
    0x08000294   0x08000294   0x00000062   Code   RO         5442    .text               mc_w.l(uldiv.o)
    0x080002f6   0x080002f6   0x00000024   Code   RO         5444    .text               mc_w.l(memcpya.o)
    0x0800031a   0x0800031a   0x00000024   Code   RO         5448    .text               mc_w.l(memseta.o)
    0x0800033e   0x0800033e   0x0000001e   Code   RO         5468    .text               mc_w.l(llshl.o)
    0x0800035c   0x0800035c   0x00000020   Code   RO         5470    .text               mc_w.l(llushr.o)
    0x0800037c   0x0800037c   0x00000024   Code   RO         5472    .text               mc_w.l(init.o)
    0x080003a0   0x080003a0   0x00000002   Code   RO          436    i.ADC_IRQHandler    stm32f4xx_it.o
    0x080003a2   0x080003a2   0x00000008   Code   RO          266    i.AppTask_DebugUsart  freertos.o
    0x080003aa   0x080003aa   0x00000002   PAD
    0x080003ac   0x080003ac   0x00000028   Code   RO          267    i.AppTask_Led       freertos.o
    0x080003d4   0x080003d4   0x00000008   Code   RO          268    i.AppTask_Start     freertos.o
    0x080003dc   0x080003dc   0x00000002   Code   RO          437    i.BusFault_Handler  stm32f4xx_it.o
    0x080003de   0x080003de   0x00000002   Code   RO          438    i.DebugMon_Handler  stm32f4xx_it.o
    0x080003e0   0x080003e0   0x00000004   Code   RO           13    i.Error_Handler     main.o
    0x080003e4   0x080003e4   0x00000092   Code   RO         1285    i.HAL_DMA_Abort     stm32f4xx_hal_dma.o
    0x08000476   0x08000476   0x00000024   Code   RO         1286    i.HAL_DMA_Abort_IT  stm32f4xx_hal_dma.o
    0x0800049a   0x0800049a   0x00000002   PAD
    0x0800049c   0x0800049c   0x000001e0   Code   RO         1178    i.HAL_GPIO_Init     stm32f4xx_hal_gpio.o
    0x0800067c   0x0800067c   0x0000000c   Code   RO         1734    i.HAL_GetTick       stm32f4xx_hal.o
    0x08000688   0x08000688   0x00000010   Code   RO         1740    i.HAL_IncTick       stm32f4xx_hal.o
    0x08000698   0x08000698   0x00000034   Code   RO         1741    i.HAL_Init          stm32f4xx_hal.o
    0x080006cc   0x080006cc   0x00000074   Code   RO          548    i.HAL_InitTick      stm32f4xx_hal_timebase_tim.o
    0x08000740   0x08000740   0x00000038   Code   RO          524    i.HAL_MspInit       stm32f4xx_hal_msp.o
    0x08000778   0x08000778   0x0000001a   Code   RO         1591    i.HAL_NVIC_EnableIRQ  stm32f4xx_hal_cortex.o
    0x08000792   0x08000792   0x00000002   PAD
    0x08000794   0x08000794   0x00000040   Code   RO         1597    i.HAL_NVIC_SetPriority  stm32f4xx_hal_cortex.o
    0x080007d4   0x080007d4   0x00000024   Code   RO         1598    i.HAL_NVIC_SetPriorityGrouping  stm32f4xx_hal_cortex.o
    0x080007f8   0x080007f8   0x00000134   Code   RO          770    i.HAL_RCC_ClockConfig  stm32f4xx_hal_rcc.o
    0x0800092c   0x0800092c   0x00000040   Code   RO          774    i.HAL_RCC_GetClockConfig  stm32f4xx_hal_rcc.o
    0x0800096c   0x0800096c   0x00000020   Code   RO          777    i.HAL_RCC_GetPCLK1Freq  stm32f4xx_hal_rcc.o
    0x0800098c   0x0800098c   0x00000020   Code   RO          778    i.HAL_RCC_GetPCLK2Freq  stm32f4xx_hal_rcc.o
    0x080009ac   0x080009ac   0x00000064   Code   RO          779    i.HAL_RCC_GetSysClockFreq  stm32f4xx_hal_rcc.o
    0x08000a10   0x08000a10   0x0000036c   Code   RO          782    i.HAL_RCC_OscConfig  stm32f4xx_hal_rcc.o
    0x08000d7c   0x08000d7c   0x00000002   Code   RO         2900    i.HAL_TIMEx_BreakCallback  stm32f4xx_hal_tim_ex.o
    0x08000d7e   0x08000d7e   0x00000002   Code   RO         2901    i.HAL_TIMEx_CommutCallback  stm32f4xx_hal_tim_ex.o
    0x08000d80   0x08000d80   0x0000005a   Code   RO         2196    i.HAL_TIM_Base_Init  stm32f4xx_hal_tim.o
    0x08000dda   0x08000dda   0x00000002   Code   RO         2198    i.HAL_TIM_Base_MspInit  stm32f4xx_hal_tim.o
    0x08000ddc   0x08000ddc   0x0000006c   Code   RO         2201    i.HAL_TIM_Base_Start_IT  stm32f4xx_hal_tim.o
    0x08000e48   0x08000e48   0x00000002   Code   RO         2230    i.HAL_TIM_IC_CaptureCallback  stm32f4xx_hal_tim.o
    0x08000e4a   0x08000e4a   0x00000166   Code   RO         2244    i.HAL_TIM_IRQHandler  stm32f4xx_hal_tim.o
    0x08000fb0   0x08000fb0   0x00000002   Code   RO         2247    i.HAL_TIM_OC_DelayElapsedCallback  stm32f4xx_hal_tim.o
    0x08000fb2   0x08000fb2   0x00000002   Code   RO         2274    i.HAL_TIM_PWM_PulseFinishedCallback  stm32f4xx_hal_tim.o
    0x08000fb4   0x08000fb4   0x00000014   Code   RO           14    i.HAL_TIM_PeriodElapsedCallback  main.o
    0x08000fc8   0x08000fc8   0x00000002   Code   RO         2287    i.HAL_TIM_TriggerCallback  stm32f4xx_hal_tim.o
    0x08000fca   0x08000fca   0x00000002   Code   RO         3300    i.HAL_UARTEx_RxEventCallback  stm32f4xx_hal_uart.o
    0x08000fcc   0x08000fcc   0x00000002   Code   RO         3314    i.HAL_UART_ErrorCallback  stm32f4xx_hal_uart.o
    0x08000fce   0x08000fce   0x00000002   PAD
    0x08000fd0   0x08000fd0   0x00000268   Code   RO         3317    i.HAL_UART_IRQHandler  stm32f4xx_hal_uart.o
    0x08001238   0x08001238   0x00000062   Code   RO         3318    i.HAL_UART_Init     stm32f4xx_hal_uart.o
    0x0800129a   0x0800129a   0x00000002   PAD
    0x0800129c   0x0800129c   0x000000c8   Code   RO          389    i.HAL_UART_MspInit  usart.o
    0x08001364   0x08001364   0x00000002   Code   RO         3324    i.HAL_UART_RxCpltCallback  stm32f4xx_hal_uart.o
    0x08001366   0x08001366   0x00000002   Code   RO         3329    i.HAL_UART_TxCpltCallback  stm32f4xx_hal_uart.o
    0x08001368   0x08001368   0x00000002   Code   RO          439    i.HardFault_Handler  stm32f4xx_it.o
    0x0800136a   0x0800136a   0x00000002   PAD
    0x0800136c   0x0800136c   0x00000024   Code   RO          640    i.LL_ADC_CommonInit  stm32f4xx_ll_adc.o
    0x08001390   0x08001390   0x00000034   Code   RO          645    i.LL_ADC_Init       stm32f4xx_ll_adc.o
    0x080013c4   0x080013c4   0x00000050   Code   RO          646    i.LL_ADC_REG_Init   stm32f4xx_ll_adc.o
    0x08001414   0x08001414   0x00000018   Code   RO          231    i.LL_AHB1_GRP1_EnableClock  gpio.o
    0x0800142c   0x0800142c   0x00000136   Code   RO          590    i.LL_GPIO_Init      stm32f4xx_ll_gpio.o
    0x08001562   0x08001562   0x00000002   PAD
    0x08001564   0x08001564   0x00000098   Code   RO         3180    i.LL_TIM_Init       stm32f4xx_ll_tim.o
    0x080015fc   0x080015fc   0x00000148   Code   RO          324    i.MX_ADC1_Init      adc.o
    0x08001744   0x08001744   0x00000044   Code   RO          269    i.MX_FREERTOS_Init  freertos.o
    0x08001788   0x08001788   0x000000ac   Code   RO          232    i.MX_GPIO_Init      gpio.o
    0x08001834   0x08001834   0x000000ac   Code   RO          358    i.MX_TIM2_Init      tim.o
    0x080018e0   0x080018e0   0x00000038   Code   RO          390    i.MX_USART1_UART_Init  usart.o
    0x08001918   0x08001918   0x00000038   Code   RO          391    i.MX_USART2_UART_Init  usart.o
    0x08001950   0x08001950   0x00000002   Code   RO          440    i.MemManage_Handler  stm32f4xx_it.o
    0x08001952   0x08001952   0x00000002   Code   RO          441    i.NMI_Handler       stm32f4xx_it.o
    0x08001954   0x08001954   0x0000001a   Code   RO         4794    i.SysTick_Handler   cmsis_os2.o
    0x0800196e   0x0800196e   0x00000002   PAD
    0x08001970   0x08001970   0x00000090   Code   RO           15    i.SystemClock_Config  main.o
    0x08001a00   0x08001a00   0x00000010   Code   RO         3647    i.SystemInit        system_stm32f4xx.o
    0x08001a10   0x08001a10   0x0000000c   Code   RO          442    i.TIM1_UP_TIM10_IRQHandler  stm32f4xx_it.o
    0x08001a1c   0x08001a1c   0x00000002   Code   RO          443    i.TIM2_IRQHandler   stm32f4xx_it.o
    0x08001a1e   0x08001a1e   0x00000002   PAD
    0x08001a20   0x08001a20   0x00000098   Code   RO         2289    i.TIM_Base_SetConfig  stm32f4xx_hal_tim.o
    0x08001ab8   0x08001ab8   0x00000010   Code   RO         3331    i.UART_DMAAbortOnError  stm32f4xx_hal_uart.o
    0x08001ac8   0x08001ac8   0x0000004e   Code   RO         3341    i.UART_EndRxTransfer  stm32f4xx_hal_uart.o
    0x08001b16   0x08001b16   0x000000c0   Code   RO         3343    i.UART_Receive_IT   stm32f4xx_hal_uart.o
    0x08001bd6   0x08001bd6   0x00000002   PAD
    0x08001bd8   0x08001bd8   0x0000010c   Code   RO         3344    i.UART_SetConfig    stm32f4xx_hal_uart.o
    0x08001ce4   0x08001ce4   0x0000000c   Code   RO          444    i.USART1_IRQHandler  stm32f4xx_it.o
    0x08001cf0   0x08001cf0   0x0000000c   Code   RO          445    i.USART2_IRQHandler  stm32f4xx_it.o
    0x08001cfc   0x08001cfc   0x00000002   Code   RO          446    i.UsageFault_Handler  stm32f4xx_it.o
    0x08001cfe   0x08001cfe   0x00000020   Code   RO         1604    i.__NVIC_SetPriority  stm32f4xx_hal_cortex.o
    0x08001d1e   0x08001d1e   0x0000000e   Code   RO         5476    i.__scatterload_copy  mc_w.l(handlers.o)
    0x08001d2c   0x08001d2c   0x00000002   Code   RO         5477    i.__scatterload_null  mc_w.l(handlers.o)
    0x08001d2e   0x08001d2e   0x0000000e   Code   RO         5478    i.__scatterload_zeroinit  mc_w.l(handlers.o)
    0x08001d3c   0x08001d3c   0x0000002a   Code   RO           16    i.main              main.o
    0x08001d66   0x08001d66   0x0000001a   Code   RO         4796    i.osDelay           cmsis_os2.o
    0x08001d80   0x08001d80   0x00000024   Code   RO         4810    i.osKernelInitialize  cmsis_os2.o
    0x08001da4   0x08001da4   0x00000038   Code   RO         4813    i.osKernelStart     cmsis_os2.o
    0x08001ddc   0x08001ddc   0x0000008a   Code   RO         4855    i.osThreadNew       cmsis_os2.o
    0x08001e66   0x08001e66   0x00000002   PAD
    0x08001e68   0x08001e68   0x0000005c   Code   RO         4255    i.prvAddCurrentTaskToDelayedList  tasks.o
    0x08001ec4   0x08001ec4   0x000000d0   Code   RO         4256    i.prvAddNewTaskToReadyList  tasks.o
    0x08001f94   0x08001f94   0x00000058   Code   RO         4620    i.prvCheckForValidListAndQueue  timers.o
    0x08001fec   0x08001fec   0x00000026   Code   RO         3852    i.prvCopyDataFromQueue  queue.o
    0x08002012   0x08002012   0x0000006c   Code   RO         3853    i.prvCopyDataToQueue  queue.o
    0x0800207e   0x0800207e   0x00000034   Code   RO         4257    i.prvDeleteTCB      tasks.o
    0x080020b2   0x080020b2   0x00000002   PAD
    0x080020b4   0x080020b4   0x0000004c   Code   RO         5307    i.prvHeapInit       heap_4.o
    0x08002100   0x08002100   0x00000060   Code   RO         4258    i.prvIdleTask       tasks.o
    0x08002160   0x08002160   0x00000022   Code   RO         3855    i.prvInitialiseNewQueue  queue.o
    0x08002182   0x08002182   0x00000002   PAD
    0x08002184   0x08002184   0x000000b0   Code   RO         4259    i.prvInitialiseNewTask  tasks.o
    0x08002234   0x08002234   0x0000004c   Code   RO         5308    i.prvInsertBlockIntoFreeList  heap_4.o
    0x08002280   0x08002280   0x00000038   Code   RO         4622    i.prvInsertTimerInActiveList  timers.o
    0x080022b8   0x080022b8   0x0000001c   Code   RO         3856    i.prvIsQueueEmpty   queue.o
    0x080022d4   0x080022d4   0x000000fc   Code   RO         4623    i.prvProcessReceivedCommands  timers.o
    0x080023d0   0x080023d0   0x000000c0   Code   RO         4624    i.prvProcessTimerOrBlockTask  timers.o
    0x08002490   0x08002490   0x00000020   Code   RO         4261    i.prvResetNextTaskUnblockTime  tasks.o
    0x080024b0   0x080024b0   0x00000028   Code   RO         4625    i.prvSampleTimeNow  timers.o
    0x080024d8   0x080024d8   0x0000006c   Code   RO         4626    i.prvSwitchTimerLists  timers.o
    0x08002544   0x08002544   0x00000028   Code   RO         5363    i.prvTaskExitError  port.o
    0x0800256c   0x0800256c   0x00000024   Code   RO         4627    i.prvTimerTask      timers.o
    0x08002590   0x08002590   0x0000006a   Code   RO         3857    i.prvUnlockQueue    queue.o
    0x080025fa   0x080025fa   0x00000002   PAD
    0x080025fc   0x080025fc   0x000000dc   Code   RO         5309    i.pvPortMalloc      heap_4.o
    0x080026d8   0x080026d8   0x0000002c   Code   RO         5364    i.pxPortInitialiseStack  port.o
    0x08002704   0x08002704   0x00000026   Code   RO         3812    i.uxListRemove      list.o
    0x0800272a   0x0800272a   0x00000002   PAD
    0x0800272c   0x0800272c   0x00000014   Code   RO         4867    i.vApplicationGetIdleTaskMemory  cmsis_os2.o
    0x08002740   0x08002740   0x00000018   Code   RO         4868    i.vApplicationGetTimerTaskMemory  cmsis_os2.o
    0x08002758   0x08002758   0x00000016   Code   RO         3813    i.vListInitialise   list.o
    0x0800276e   0x0800276e   0x00000006   Code   RO         3814    i.vListInitialiseItem  list.o
    0x08002774   0x08002774   0x00000030   Code   RO         3815    i.vListInsert       list.o
    0x080027a4   0x080027a4   0x00000018   Code   RO         3816    i.vListInsertEnd    list.o
    0x080027bc   0x080027bc   0x00000040   Code   RO         5366    i.vPortEnterCritical  port.o
    0x080027fc   0x080027fc   0x00000028   Code   RO         5367    i.vPortExitCritical  port.o
    0x08002824   0x08002824   0x00000064   Code   RO         5310    i.vPortFree         heap_4.o
    0x08002888   0x08002888   0x00000024   Code   RO         5368    i.vPortSetupTimerInterrupt  port.o
    0x080028ac   0x080028ac   0x00000054   Code   RO         5369    i.vPortValidateInterruptPriority  port.o
    0x08002900   0x08002900   0x00000028   Code   RO         3863    i.vQueueAddToRegistry  queue.o
    0x08002928   0x08002928   0x00000044   Code   RO         3867    i.vQueueWaitForMessageRestricted  queue.o
    0x0800296c   0x0800296c   0x0000004c   Code   RO         4274    i.vTaskDelay        tasks.o
    0x080029b8   0x080029b8   0x00000010   Code   RO         4279    i.vTaskInternalSetTimeOutState  tasks.o
    0x080029c8   0x080029c8   0x0000000c   Code   RO         4280    i.vTaskMissedYield  tasks.o
    0x080029d4   0x080029d4   0x00000030   Code   RO         4282    i.vTaskPlaceOnEventList  tasks.o
    0x08002a04   0x08002a04   0x00000038   Code   RO         4283    i.vTaskPlaceOnEventListRestricted  tasks.o
    0x08002a3c   0x08002a3c   0x00000088   Code   RO         4291    i.vTaskStartScheduler  tasks.o
    0x08002ac4   0x08002ac4   0x00000010   Code   RO         4293    i.vTaskSuspendAll   tasks.o
    0x08002ad4   0x08002ad4   0x00000064   Code   RO         4294    i.vTaskSwitchContext  tasks.o
    0x08002b38   0x08002b38   0x000000f4   Code   RO         5370    i.xPortStartScheduler  port.o
    0x08002c2c   0x08002c2c   0x0000002c   Code   RO         5371    i.xPortSysTickHandler  port.o
    0x08002c58   0x08002c58   0x00000066   Code   RO         3873    i.xQueueGenericCreateStatic  queue.o
    0x08002cbe   0x08002cbe   0x00000002   PAD
    0x08002cc0   0x08002cc0   0x00000088   Code   RO         3874    i.xQueueGenericReset  queue.o
    0x08002d48   0x08002d48   0x00000160   Code   RO         3875    i.xQueueGenericSend  queue.o
    0x08002ea8   0x08002ea8   0x000000be   Code   RO         3876    i.xQueueGenericSendFromISR  queue.o
    0x08002f66   0x08002f66   0x00000002   PAD
    0x08002f68   0x08002f68   0x00000138   Code   RO         3885    i.xQueueReceive     queue.o
    0x080030a0   0x080030a0   0x00000074   Code   RO         4296    i.xTaskCheckForTimeOut  tasks.o
    0x08003114   0x08003114   0x0000005a   Code   RO         4297    i.xTaskCreate       tasks.o
    0x0800316e   0x0800316e   0x00000056   Code   RO         4298    i.xTaskCreateStatic  tasks.o
    0x080031c4   0x080031c4   0x0000001c   Code   RO         4302    i.xTaskGetSchedulerState  tasks.o
    0x080031e0   0x080031e0   0x0000000c   Code   RO         4303    i.xTaskGetTickCount  tasks.o
    0x080031ec   0x080031ec   0x000000c8   Code   RO         4305    i.xTaskIncrementTick  tasks.o
    0x080032b4   0x080032b4   0x00000080   Code   RO         4308    i.xTaskPriorityDisinherit  tasks.o
    0x08003334   0x08003334   0x00000070   Code   RO         4310    i.xTaskRemoveFromEventList  tasks.o
    0x080033a4   0x080033a4   0x000000c4   Code   RO         4311    i.xTaskResumeAll    tasks.o
    0x08003468   0x08003468   0x00000060   Code   RO         4636    i.xTimerCreateTimerTask  timers.o
    0x080034c8   0x080034c8   0x00000068   Code   RO         4637    i.xTimerGenericCommand  timers.o
    0x08003530   0x08003530   0x0000006c   Data   RO          270    .constdata          freertos.o
    0x0800359c   0x0800359c   0x00000010   Data   RO         3648    .constdata          system_stm32f4xx.o
    0x080035ac   0x080035ac   0x00000008   Data   RO         3649    .constdata          system_stm32f4xx.o
    0x080035b4   0x080035b4   0x00000027   Data   RO          271    .conststring        freertos.o
    0x080035db   0x080035db   0x00000001   PAD
    0x080035dc   0x080035dc   0x00000020   Data   RO         5474    Region$$Table       anon$$obj.o


    Execution Region RW_IRAM1 (Exec base: 0x20000000, Load base: 0x080035fc, Size: 0x00004e40, Max: 0x00020000, ABSOLUTE)

    Exec Addr    Load Addr    Size         Type   Attr      Idx    E Section Name        Object

    0x20000000   0x080035fc   0x0000000c   Data   RW          272    .data               freertos.o
    0x2000000c   0x08003608   0x0000000c   Data   RW         1748    .data               stm32f4xx_hal.o
    0x20000018   0x08003614   0x00000004   Data   RW         3650    .data               system_stm32f4xx.o
    0x2000001c   0x08003618   0x0000003c   Data   RW         4314    .data               tasks.o
    0x20000058   0x08003654   0x00000014   Data   RW         4645    .data               timers.o
    0x2000006c   0x08003668   0x00000004   Data   RW         4870    .data               cmsis_os2.o
    0x20000070   0x0800366c   0x00000020   Data   RW         5316    .data               heap_4.o
    0x20000090   0x0800368c   0x0000000c   Data   RW         5372    .data               port.o
    0x2000009c        -       0x00000088   Zero   RW          392    .bss                usart.o
    0x20000124        -       0x00000048   Zero   RW          551    .bss                stm32f4xx_hal_timebase_tim.o
    0x2000016c        -       0x00000040   Zero   RW         3889    .bss                queue.o
    0x200001ac        -       0x000004c4   Zero   RW         4313    .bss                tasks.o
    0x20000670        -       0x00000118   Zero   RW         4644    .bss                timers.o
    0x20000788        -       0x000006b8   Zero   RW         4869    .bss                cmsis_os2.o
    0x20000e40        -       0x00003c00   Zero   RW         5315    .bss                heap_4.o
    0x20004a40        -       0x00000400   Zero   RW            1    STACK               startup_stm32f411xe.o


==============================================================================

Image component sizes


      Code (inc. data)   RO Data    RW Data    ZI Data      Debug   Object Name

       328         26          0          0          0      72178   adc.o
       326         22          0          4       1720      65587   cmsis_os2.o
         0          0          0          0          0      19608   event_groups.o
       124         28        147         12          0       7335   freertos.o
       196         22          0          0          0       9411   gpio.o
       472         24          0         32      15360       5059   heap_4.o
       138          0          0          0          0       3738   list.o
       210         14          0          0          0     437076   main.o
       786         82          0         12          0      11893   port.o
      1514         20          0          0         64      17884   queue.o
        36          8        408          0       1024        868   startup_stm32f411xe.o
        80         14          0         12          0       8134   stm32f4xx_hal.o
       158         14          0          0          0      33318   stm32f4xx_hal_cortex.o
       182          0          0          0          0       2195   stm32f4xx_hal_dma.o
       480         34          0          0          0       1576   stm32f4xx_hal_gpio.o
        56          4          0          0          0        930   stm32f4xx_hal_msp.o
      1412         86          0          0          0       6121   stm32f4xx_hal_rcc.o
       718         50          0          0          0       7636   stm32f4xx_hal_tim.o
         4          0          0          0          0       1693   stm32f4xx_hal_tim_ex.o
       116         18          0          0         72       1511   stm32f4xx_hal_timebase_tim.o
      1276         16          0          0          0       8652   stm32f4xx_hal_uart.o
        52         18          0          0          0       5483   stm32f4xx_it.o
       168         14          0          0          0      46276   stm32f4xx_ll_adc.o
       310          0          0          0          0       7271   stm32f4xx_ll_gpio.o
       152         30          0          0          0      31138   stm32f4xx_ll_tim.o
         0          0          0          0          0        392   stream_buffer.o
        16          4         24          4          0       1223   system_stm32f4xx.o
      2084        168          0         60       1220      27732   tasks.o
       172         14          0          0          0      30359   tim.o
       972         80          0         20        280      32659   timers.o
       312         34          0          0        136       2595   usart.o

    ----------------------------------------------------------------------
     12886        844        612        156      19876     907531   Object Totals
         0          0         32          0          0          0   (incl. Generated)
        36          0          1          0          0          0   (incl. Padding)

    ----------------------------------------------------------------------

      Code (inc. data)   RO Data    RW Data    ZI Data      Debug   Library Member Name

         0          0          0          0          0          0   entry.o
         0          0          0          0          0          0   entry10a.o
         0          0          0          0          0          0   entry11a.o
         4          0          0          0          0          0   entry12b.o
         8          4          0          0          0          0   entry2.o
         4          0          0          0          0          0   entry5.o
         0          0          0          0          0          0   entry7b.o
         0          0          0          0          0          0   entry8b.o
         8          4          0          0          0          0   entry9a.o
        30          0          0          0          0          0   handlers.o
        36          8          0          0          0         68   init.o
        30          0          0          0          0         68   llshl.o
        32          0          0          0          0         68   llushr.o
        36          0          0          0          0         68   memcpya.o
        36          0          0          0          0        108   memseta.o
        98          0          0          0          0         92   uldiv.o

    ----------------------------------------------------------------------
       322         16          0          0          0        472   Library Totals
         0          0          0          0          0          0   (incl. Padding)

    ----------------------------------------------------------------------

      Code (inc. data)   RO Data    RW Data    ZI Data      Debug   Library Name

       322         16          0          0          0        472   mc_w.l

    ----------------------------------------------------------------------
       322         16          0          0          0        472   Library Totals

    ----------------------------------------------------------------------

==============================================================================


      Code (inc. data)   RO Data    RW Data    ZI Data      Debug   

     13208        860        612        156      19876     894751   Grand Totals
     13208        860        612        156      19876     894751   ELF Image Totals
     13208        860        612        156          0          0   ROM Totals

==============================================================================

    Total RO  Size (Code + RO Data)                13820 (  13.50kB)
    Total RW  Size (RW Data + ZI Data)             20032 (  19.56kB)
    Total ROM Size (Code + RO Data + RW Data)      13976 (  13.65kB)

==============================================================================

