Component: ARM Compiler 5.06 update 7 (build 960) Tool: armlink [4d3601]

==============================================================================

Section Cross References

    startup_stm32f411xe.o(RESET) refers to startup_stm32f411xe.o(STACK) for __initial_sp
    startup_stm32f411xe.o(RESET) refers to startup_stm32f411xe.o(.text) for Reset_Handler
    startup_stm32f411xe.o(RESET) refers to stm32f4xx_it.o(i.NMI_Handler) for NMI_Handler
    startup_stm32f411xe.o(RESET) refers to stm32f4xx_it.o(i.HardFault_Handler) for HardFault_Handler
    startup_stm32f411xe.o(RESET) refers to stm32f4xx_it.o(i.MemManage_Handler) for MemManage_Handler
    startup_stm32f411xe.o(RESET) refers to stm32f4xx_it.o(i.BusFault_Handler) for BusFault_Handler
    startup_stm32f411xe.o(RESET) refers to stm32f4xx_it.o(i.UsageFault_Handler) for UsageFault_Handler
    startup_stm32f411xe.o(RESET) refers to port.o(.emb_text) for SVC_Handler
    startup_stm32f411xe.o(RESET) refers to stm32f4xx_it.o(i.DebugMon_Handler) for DebugMon_Handler
    startup_stm32f411xe.o(RESET) refers to cmsis_os2.o(i.SysTick_Handler) for SysTick_Handler
    startup_stm32f411xe.o(RESET) refers to stm32f4xx_it.o(i.ADC_IRQHandler) for ADC_IRQHandler
    startup_stm32f411xe.o(RESET) refers to stm32f4xx_it.o(i.EXTI9_5_IRQHandler) for EXTI9_5_IRQHandler
    startup_stm32f411xe.o(RESET) refers to stm32f4xx_it.o(i.TIM1_UP_TIM10_IRQHandler) for TIM1_UP_TIM10_IRQHandler
    startup_stm32f411xe.o(RESET) refers to stm32f4xx_it.o(i.TIM2_IRQHandler) for TIM2_IRQHandler
    startup_stm32f411xe.o(RESET) refers to usart.o(i.USART1_IRQHandler) for USART1_IRQHandler
    startup_stm32f411xe.o(RESET) refers to usart.o(i.USART2_IRQHandler) for USART2_IRQHandler
    startup_stm32f411xe.o(RESET) refers to usart.o(i.USART6_IRQHandler) for USART6_IRQHandler
    startup_stm32f411xe.o(.text) refers to system_stm32f4xx.o(i.SystemInit) for SystemInit
    startup_stm32f411xe.o(.text) refers to entry.o(.ARM.Collect$$$$00000000) for __main
    main.o(i.HAL_TIM_PeriodElapsedCallback) refers to stm32f4xx_hal.o(i.HAL_IncTick) for HAL_IncTick
    main.o(i.SystemClock_Config) refers to memseta.o(.text) for __aeabi_memclr4
    main.o(i.SystemClock_Config) refers to stm32f4xx_hal_rcc.o(i.HAL_RCC_OscConfig) for HAL_RCC_OscConfig
    main.o(i.SystemClock_Config) refers to stm32f4xx_hal_rcc.o(i.HAL_RCC_ClockConfig) for HAL_RCC_ClockConfig
    main.o(i.main) refers to stm32f4xx_hal.o(i.HAL_Init) for HAL_Init
    main.o(i.main) refers to main.o(i.SystemClock_Config) for SystemClock_Config
    main.o(i.main) refers to gpio.o(i.MX_GPIO_Init) for MX_GPIO_Init
    main.o(i.main) refers to usart.o(i.bsp_InitUart) for bsp_InitUart
    main.o(i.main) refers to adc.o(i.MX_ADC1_Init) for MX_ADC1_Init
    main.o(i.main) refers to tim.o(i.MX_TIM2_Init) for MX_TIM2_Init
    main.o(i.main) refers to cmsis_os2.o(i.osKernelInitialize) for osKernelInitialize
    main.o(i.main) refers to freertos.o(i.MX_FREERTOS_Init) for MX_FREERTOS_Init
    main.o(i.main) refers to cmsis_os2.o(i.osKernelStart) for osKernelStart
    gpio.o(i.MX_GPIO_Init) refers to memseta.o(.text) for __aeabi_memclr4
    gpio.o(i.MX_GPIO_Init) refers to gpio.o(i.LL_AHB1_GRP1_EnableClock) for LL_AHB1_GRP1_EnableClock
    gpio.o(i.MX_GPIO_Init) refers to stm32f4xx_ll_gpio.o(i.LL_GPIO_Init) for LL_GPIO_Init
    freertos.o(i.AppTask_Command) refers to queue.o(i.xQueueSemaphoreTake) for xQueueSemaphoreTake
    freertos.o(i.AppTask_Command) refers to command.o(i.Command_Parsing) for Command_Parsing
    freertos.o(i.AppTask_Command) refers to freertos.o(.data) for .data
    freertos.o(i.AppTask_Command) refers to freertos.o(.bss) for .bss
    freertos.o(i.AppTask_Data) refers to event_groups.o(i.xEventGroupWaitBits) for xEventGroupWaitBits
    freertos.o(i.AppTask_Data) refers to cmsis_os2.o(i.osMessageQueueGet) for osMessageQueueGet
    freertos.o(i.AppTask_Data) refers to solution.o(i.Pressure_Calculation) for Pressure_Calculation
    freertos.o(i.AppTask_Data) refers to solution.o(i.Plantar_Data_Frame_Handling) for Plantar_Data_Frame_Handling
    freertos.o(i.AppTask_Data) refers to cmsis_os2.o(i.osMessageQueuePut) for osMessageQueuePut
    freertos.o(i.AppTask_Data) refers to solution.o(i.IMU_Data_Frame_Handling) for IMU_Data_Frame_Handling
    freertos.o(i.AppTask_Data) refers to tasks.o(i.vTaskDelay) for vTaskDelay
    freertos.o(i.AppTask_Data) refers to freertos.o(.data) for .data
    freertos.o(i.AppTask_Data) refers to solution.o(.bss) for Pressure_Buff
    freertos.o(i.AppTask_DebugUsart) refers to usart.o(i.Uart_RxBuf_Init) for Uart_RxBuf_Init
    freertos.o(i.AppTask_DebugUsart) refers to usart.o(i.Uart_RxBuf_Putin) for Uart_RxBuf_Putin
    freertos.o(i.AppTask_DebugUsart) refers to usart.o(i.Load_Command) for Load_Command
    freertos.o(i.AppTask_DebugUsart) refers to queue.o(i.xQueueGenericSend) for xQueueGenericSend
    freertos.o(i.AppTask_DebugUsart) refers to usart.o(i.comGetChar) for comGetChar
[...]
    .bss                                     0x20000238   Section    14468  usart.o(.bss)
    g_tUart1                                 0x20000238   Data          44  usart.o(.bss)
    g_TxBuf1                                 0x20000264   Data        1024  usart.o(.bss)
    g_RxBuf1                                 0x20000664   Data        2048  usart.o(.bss)
    g_tUart2                                 0x20000e64   Data          44  usart.o(.bss)
    g_TxBuf2                                 0x20000e90   Data        1024  usart.o(.bss)
    g_RxBuf2                                 0x20001290   Data        4096  usart.o(.bss)
    g_tUart6                                 0x20002290   Data          44  usart.o(.bss)
    g_TxBuf6                                 0x200022bc   Data        5120  usart.o(.bss)
    g_RxBuf6                                 0x200036bc   Data        1024  usart.o(.bss)
    .bss                                     0x20003abc   Section       72  stm32f4xx_hal_timebase_tim.o(.bss)
    .bss                                     0x20003b04   Section     1900  plantar.o(.bss)
    .bss                                     0x20004270   Section      544  wit_c_sdk.o(.bss)
    s_ucWitDataBuff                          0x20004270   Data         256  wit_c_sdk.o(.bss)
    .bss                                     0x20004490   Section     1520  imu.o(.bss)
    s_ucData                                 0x20004490   Data          50  imu.o(.bss)
    .bss                                     0x20004a80   Section     2398  solution.o(.bss)
    .bss                                     0x200053e0   Section       64  queue.o(.bss)
    .bss                                     0x20005420   Section     1220  tasks.o(.bss)
    pxReadyTasksLists                        0x20005420   Data        1120  tasks.o(.bss)
    xDelayedTaskList1                        0x20005880   Data          20  tasks.o(.bss)
    xDelayedTaskList2                        0x20005894   Data          20  tasks.o(.bss)
    xPendingReadyList                        0x200058a8   Data          20  tasks.o(.bss)
    xTasksWaitingTermination                 0x200058bc   Data          20  tasks.o(.bss)
    xSuspendedTaskList                       0x200058d0   Data          20  tasks.o(.bss)
    .bss                                     0x200058e4   Section      280  timers.o(.bss)
    xStaticTimerQueue                        0x200058e4   Data          80  timers.o(.bss)
    ucStaticTimerQueueStorage                0x20005934   Data         160  timers.o(.bss)
    xActiveTimerList1                        0x200059d4   Data          20  timers.o(.bss)
    xActiveTimerList2                        0x200059e8   Data          20  timers.o(.bss)
    .bss                                     0x200059fc   Section     1720  cmsis_os2.o(.bss)
    Idle_TCB                                 0x200059fc   Data          92  cmsis_os2.o(.bss)
    Idle_Stack                               0x20005a58   Data         512  cmsis_os2.o(.bss)
    Timer_TCB                                0x20005c58   Data          92  cmsis_os2.o(.bss)
    Timer_Stack                              0x20005cb4   Data        1024  cmsis_os2.o(.bss)
    .bss                                     0x200060b4   Section    15360  heap_4.o(.bss)
    ucHeap                                   0x200060b4   Data       15360  heap_4.o(.bss)
    STACK                                    0x20009cb8   Section     2048  startup_stm32f411xe.o(STACK)

    Global Symbols

    Symbol Name                              Value     Ov Type        Size  Object(Section)

    BuildAttributes$$THM_ISAv4$E$P$D$K$B$S$7EM$VFPi3$EXTD16$VFPS$VFMA$PE$A:L22UL41UL21$X:L11$S22US41US21$IEEE1$IW$USESV6$~STKCKD$USESV7$~SHL$OTIME$ROPI$IEEEX$EBA8$MICROLIB$REQ8$PRES8$EABIv2 0x00000000   Number         0  anon$$obj.o ABSOLUTE
    __ARM_use_no_argv                        0x00000000   Number         0  main.o ABSOLUTE
    _printf_a                                0x00000000   Number         0  stubs.o ABSOLUTE
    _printf_c                                0x00000000   Number         0  stubs.o ABSOLUTE
    _printf_charcount                        0x00000000   Number         0  stubs.o ABSOLUTE
    _printf_d                                0x00000000   Number         0  stubs.o ABSOLUTE
    _printf_e                                0x00000000   Number         0  stubs.o ABSOLUTE
    _printf_f                                0x00000000   Number         0  stubs.o ABSOLUTE
    _printf_flags                            0x00000000   Number         0  stubs.o ABSOLUTE
    _printf_fp_dec                           0x00000000   Number         0  stubs.o ABSOLUTE
    _printf_fp_hex                           0x00000000   Number         0  stubs.o ABSOLUTE
    _printf_g                                0x00000000   Number         0  stubs.o ABSOLUTE
    _printf_i                                0x00000000   Number         0  stubs.o ABSOLUTE
    _printf_int_dec                          0x00000000   Number         0  stubs.o ABSOLUTE
    _printf_l                                0x00000000   Number         0  stubs.o ABSOLUTE
    _printf_lc                               0x00000000   Number         0  stubs.o ABSOLUTE
    _printf_ll                               0x00000000   Number         0  stubs.o ABSOLUTE
    _printf_lld                              0x00000000   Number         0  stubs.o ABSOLUTE
    _printf_lli                              0x00000000   Number         0  stubs.o ABSOLUTE
    _printf_llo                              0x00000000   Number         0  stubs.o ABSOLUTE
    _printf_llu                              0x00000000   Number         0  stubs.o ABSOLUTE
    _printf_llx                              0x00000000   Number         0  stubs.o ABSOLUTE
    _printf_longlong_dec                     0x00000000   Number         0  stubs.o ABSOLUTE
    _printf_longlong_hex                     0x00000000   Number         0  stubs.o ABSOLUTE
    _printf_longlong_oct                     0x00000000   Number         0  stubs.o ABSOLUTE
    _printf_ls                               0x00000000   Number         0  stubs.o ABSOLUTE
    _printf_mbtowc                           0x00000000   Number         0  stubs.o ABSOLUTE
    _printf_n                                0x00000000   Number         0  stubs.o ABSOLUTE
    _printf_o                                0x00000000   Number         0  stubs.o ABSOLUTE
    _printf_p                                0x00000000   Number         0  stubs.o ABSOLUTE
    _printf_percent                          0x00000000   Number         0  stubs.o ABSOLUTE
    _printf_pre_padding                      0x00000000   Number         0  stubs.o ABSOLUTE
    _printf_return_value                     0x00000000   Number         0  stubs.o ABSOLUTE
    _printf_s                                0x00000000   Number         0  stubs.o ABSOLUTE
    _printf_sizespec                         0x00000000   Number         0  stubs.o ABSOLUTE
    _printf_str                              0x00000000   Number         0  stubs.o ABSOLUTE
    _printf_truncate_signed                  0x00000000   Number         0  stubs.o ABSOLUTE
    _printf_truncate_unsigned                0x00000000   Number         0  stubs.o ABSOLUTE
    _printf_u                                0x00000000   Number         0  stubs.o ABSOLUTE
    _printf_wc                               0x00000000   Number         0  stubs.o ABSOLUTE
    _printf_wctomb                           0x00000000   Number         0  stubs.o ABSOLUTE
    _printf_widthprec                        0x00000000   Number         0  stubs.o ABSOLUTE
    _printf_x                                0x00000000   Number         0  stubs.o ABSOLUTE
    __arm_fini_                               - Undefined Weak Reference
    __cpp_initialize__aeabi_                  - Undefined Weak Reference
    __cxa_finalize                            - Undefined Weak Reference
    __decompress                              - Undefined Weak Reference
    _clock_init                               - Undefined Weak Reference
    _microlib_exit                            - Undefined Weak Reference
    _scanf_int                                - Undefined Weak Reference
    _scanf_longlong                           - Undefined Weak Reference
    _scanf_string                             - Undefined Weak Reference
    __Vectors_Size                           0x00000198   Number         0  startup_stm32f411xe.o ABSOLUTE
    __Vectors                                0x08000000   Data           4  startup_stm32f411xe.o(RESET)
    __Vectors_End                            0x08000198   Data           0  startup_stm32f411xe.o(RESET)
    __main                                   0x08000199   Thumb Code     0  entry.o(.ARM.Collect$$$$00000000)
    _main_stk                                0x08000199   Thumb Code     0  entry2.o(.ARM.Collect$$$$00000001)
    _main_scatterload                        0x0800019d   Thumb Code     0  entry5.o(.ARM.Collect$$$$00000004)
    __main_after_scatterload                 0x080001a1   Thumb Code     0  entry5.o(.ARM.Collect$$$$00000004)
    _main_clock                              0x080001a1   Thumb Code     0  entry7b.o(.ARM.Collect$$$$00000008)
    _main_cpp_init                           0x080001a1   Thumb Code     0  entry8b.o(.ARM.Collect$$$$0000000A)
    _main_init                               0x080001a1   Thumb Code     0  entry9a.o(.ARM.Collect$$$$0000000B)
    __rt_lib_shutdown_fini                   0x080001a9   Thumb Code     0  entry12b.o(.ARM.Collect$$$$0000000E)
    __rt_final_cpp                           0x080001ad   Thumb Code     0  entry10a.o(.ARM.Collect$$$$0000000F)
    __rt_final_exit                          0x080001ad   Thumb Code     0  entry11a.o(.ARM.Collect$$$$00000011)
    SVC_Handler                              0x080001b1   Thumb Code    28  port.o(.emb_text)
    __asm___6_port_c_39a90d8d__prvStartFirstTask 0x080001d1   Thumb Code    36  port.o(.emb_text)
    __asm___6_port_c_39a90d8d__prvEnableVFP  0x080001f9   Thumb Code    16  port.o(.emb_text)
    PendSV_Handler                           0x0800020d   Thumb Code    88  port.o(.emb_text)
    vPortGetIPSR                             0x08000269   Thumb Code     6  port.o(.emb_text)
    Reset_Handler                            0x08000271   Thumb Code     8  startup_stm32f411xe.o(.text)
    DMA1_Stream0_IRQHandler                  0x0800028b   Thumb Code     0  startup_stm32f411xe.o(.text)
    DMA1_Stream1_IRQHandler                  0x0800028b   Thumb Code     0  startup_stm32f411xe.o(.text)
    DMA1_Stream2_IRQHandler                  0x0800028b   Thumb Code     0  startup_stm32f411xe.o(.text)
    DMA1_Stream3_IRQHandler                  0x0800028b   Thumb Code     0  startup_stm32f411xe.o(.text)
    DMA1_Stream4_IRQHandler                  0x0800028b   Thumb Code     0  startup_stm32f411xe.o(.text)
    DMA1_Stream5_IRQHandler                  0x0800028b   Thumb Code     0  startup_stm32f411xe.o(.text)
    DMA1_Stream6_IRQHandler                  0x0800028b   Thumb Code     0  startup_stm32f411xe.o(.text)
    DMA1_Stream7_IRQHandler                  0x0800028b   Thumb Code     0  startup_stm32f411xe.o(.text)
    DMA2_Stream0_IRQHandler                  0x0800028b   Thumb Code     0  startup_stm32f411xe.o(.text)
    DMA2_Stream1_IRQHandler                  0x0800028b   Thumb Code     0  startup_stm32f411xe.o(.text)
    DMA2_Stream2_IRQHandler                  0x0800028b   Thumb Code     0  startup_stm32f411xe.o(.text)
    DMA2_Stream3_IRQHandler                  0x0800028b   Thumb Code     0  startup_stm32f411xe.o(.text)
    DMA2_Stream4_IRQHandler                  0x0800028b   Thumb Code     0  startup_stm32f411xe.o(.text)
    DMA2_Stream5_IRQHandler                  0x0800028b   Thumb Code     0  startup_stm32f411xe.o(.text)
    DMA2_Stream6_IRQHandler                  0x0800028b   Thumb Code     0  startup_stm32f411xe.o(.text)
    DMA2_Stream7_IRQHandler                  0x0800028b   Thumb Code     0  startup_stm32f411xe.o(.text)
    EXTI0_IRQHandler                         0x0800028b   Thumb Code     0  startup_stm32f411xe.o(.text)
    EXTI15_10_IRQHandler                     0x0800028b   Thumb Code     0  startup_stm32f411xe.o(.text)
    EXTI1_IRQHandler                         0x0800028b   Thumb Code     0  startup_stm32f411xe.o(.text)
    EXTI2_IRQHandler                         0x0800028b   Thumb Code     0  startup_stm32f411xe.o(.text)
    EXTI3_IRQHandler                         0x0800028b   Thumb Code     0  startup_stm32f411xe.o(.text)
    EXTI4_IRQHandler                         0x0800028b   Thumb Code     0  startup_stm32f411xe.o(.text)
    FLASH_IRQHandler                         0x0800028b   Thumb Code     0  startup_stm32f411xe.o(.text)
    FPU_IRQHandler                           0x0800028b   Thumb Code     0  startup_stm32f411xe.o(.text)
    I2C1_ER_IRQHandler                       0x0800028b   Thumb Code     0  startup_stm32f411xe.o(.text)
    I2C1_EV_IRQHandler                       0x0800028b   Thumb Code     0  startup_stm32f411xe.o(.text)
    I2C2_ER_IRQHandler                       0x0800028b   Thumb Code     0  startup_stm32f411xe.o(.text)
    I2C2_EV_IRQHandler                       0x0800028b   Thumb Code     0  startup_stm32f411xe.o(.text)
    I2C3_ER_IRQHandler                       0x0800028b   Thumb Code     0  startup_stm32f411xe.o(.text)
    I2C3_EV_IRQHandler                       0x0800028b   Thumb Code     0  startup_stm32f411xe.o(.text)
    OTG_FS_IRQHandler                        0x0800028b   Thumb Code     0  startup_stm32f411xe.o(.text)
    OTG_FS_WKUP_IRQHandler                   0x0800028b   Thumb Code     0  startup_stm32f411xe.o(.text)
    PVD_IRQHandler                           0x0800028b   Thumb Code     0  startup_stm32f411xe.o(.text)
    RCC_IRQHandler                           0x0800028b   Thumb Code     0  startup_stm32f411xe.o(.text)
    RTC_Alarm_IRQHandler                     0x0800028b   Thumb Code     0  startup_stm32f411xe.o(.text)
    RTC_WKUP_IRQHandler                      0x0800028b   Thumb Code     0  startup_stm32f411xe.o(.text)
    SDIO_IRQHandler                          0x0800028b   Thumb Code     0  startup_stm32f411xe.o(.text)
    SPI1_IRQHandler                          0x0800028b   Thumb Code     0  startup_stm32f411xe.o(.text)
    SPI2_IRQHandler                          0x0800028b   Thumb Code     0  startup_stm32f411xe.o(.text)
    SPI3_IRQHandler                          0x0800028b   Thumb Code     0  startup_stm32f411xe.o(.text)
    SPI4_IRQHandler                          0x0800028b   Thumb Code     0  startup_stm32f411xe.o(.text)
    SPI5_IRQHandler                          0x0800028b   Thumb Code     0  startup_stm32f411xe.o(.text)
    TAMP_STAMP_IRQHandler                    0x0800028b   Thumb Code     0  startup_stm32f411xe.o(.text)
    TIM1_BRK_TIM9_IRQHandler                 0x0800028b   Thumb Code     0  startup_stm32f411xe.o(.text)
    TIM1_CC_IRQHandler                       0x0800028b   Thumb Code     0  startup_stm32f411xe.o(.text)
    TIM1_TRG_COM_TIM11_IRQHandler            0x0800028b   Thumb Code     0  startup_stm32f411xe.o(.text)
    TIM3_IRQHandler                          0x0800028b   Thumb Code     0  startup_stm32f411xe.o(.text)
    TIM4_IRQHandler                          0x0800028b   Thumb Code     0  startup_stm32f411xe.o(.text)
    TIM5_IRQHandler                          0x0800028b   Thumb Code     0  startup_stm32f411xe.o(.text)
    WWDG_IRQHandler                          0x0800028b   Thumb Code     0  startup_stm32f411xe.o(.text)
    __aeabi_uldivmod                         0x08000295   Thumb Code    98  uldiv.o(.text)
    __aeabi_memcpy                           0x080002f7   Thumb Code    36  memcpya.o(.text)
    __aeabi_memcpy4                          0x080002f7   Thumb Code     0  memcpya.o(.text)
    __aeabi_memcpy8                          0x080002f7   Thumb Code     0  memcpya.o(.text)
    __aeabi_memset                           0x0800031b   Thumb Code    14  memseta.o(.text)
    __aeabi_memset4                          0x0800031b   Thumb Code     0  memseta.o(.text)
    __aeabi_memset8                          0x0800031b   Thumb Code     0  memseta.o(.text)
    __aeabi_memclr                           0x08000329   Thumb Code     4  memseta.o(.text)
    __aeabi_memclr4                          0x08000329   Thumb Code     0  memseta.o(.text)
    __aeabi_memclr8                          0x08000329   Thumb Code     0  memseta.o(.text)
    memset                                   0x0800032d   Thumb Code    18  memseta.o(.text)
    __aeabi_dadd                             0x0800033f   Thumb Code   322  dadd.o(.text)
    __aeabi_dsub                             0x08000481   Thumb Code     6  dadd.o(.text)
    __aeabi_drsub                            0x08000487   Thumb Code     6  dadd.o(.text)
    __aeabi_dmul                             0x0800048d   Thumb Code   228  dmul.o(.text)
    __aeabi_i2d                              0x08000571   Thumb Code    34  dflti.o(.text)
    __aeabi_ui2d                             0x08000593   Thumb Code    26  dfltui.o(.text)
    __aeabi_d2iz                             0x080005ad   Thumb Code    62  dfixi.o(.text)
    __aeabi_d2uiz                            0x080005eb   Thumb Code    50  dfixui.o(.text)
    __aeabi_f2d                              0x0800061d   Thumb Code    38  f2d.o(.text)
    __aeabi_cdcmpeq                          0x08000645   Thumb Code     0  cdcmple.o(.text)
    __aeabi_cdcmple                          0x08000645   Thumb Code    48  cdcmple.o(.text)
    __aeabi_cdrcmple                         0x08000675   Thumb Code    48  cdrcmple.o(.text)
    __aeabi_d2f                              0x080006a5   Thumb Code    56  d2f.o(.text)
    __aeabi_uidiv                            0x080006dd   Thumb Code     0  uidiv.o(.text)
    __aeabi_uidivmod                         0x080006dd   Thumb Code    44  uidiv.o(.text)
    __aeabi_llsl                             0x08000709   Thumb Code    30  llshl.o(.text)
    _ll_shift_l                              0x08000709   Thumb Code     0  llshl.o(.text)
    __aeabi_llsr                             0x08000727   Thumb Code    32  llushr.o(.text)
    _ll_ushift_r                             0x08000727   Thumb Code     0  llushr.o(.text)
    __aeabi_lasr                             0x08000747   Thumb Code    36  llsshr.o(.text)
    _ll_sshift_r                             0x08000747   Thumb Code     0  llsshr.o(.text)
    __I$use$fp                               0x0800076b   Thumb Code     0  iusefp.o(.text)
    _float_round                             0x0800076b   Thumb Code    18  fepilogue.o(.text)
    _float_epilogue                          0x0800077d   Thumb Code    92  fepilogue.o(.text)
    _double_round                            0x080007d9   Thumb Code    30  depilogue.o(.text)
    _double_epilogue                         0x080007f7   Thumb Code   156  depilogue.o(.text)
    __aeabi_ddiv                             0x08000893   Thumb Code   222  ddiv.o(.text)
    __aeabi_d2ulz                            0x08000971   Thumb Code    48  dfixul.o(.text)
    __scatterload                            0x080009a1   Thumb Code    28  init.o(.text)
    __scatterload_rt2                        0x080009a1   Thumb Code     0  init.o(.text)
    ADC_IRQHandler                           0x080009c5   Thumb Code    20  stm32f4xx_it.o(i.ADC_IRQHandler)
    ADC_OneShot_Read                         0x080009dd   Thumb Code    76  adc.o(i.ADC_OneShot_Read)
    AppTask_Command                          0x08000a31   Thumb Code    30  freertos.o(i.AppTask_Command)
    AppTask_Data                             0x08000a59   Thumb Code   164  freertos.o(i.AppTask_Data)
    AppTask_DebugUsart                       0x08000b05   Thumb Code    72  freertos.o(i.AppTask_DebugUsart)
    AppTask_IMU                              0x08000b51   Thumb Code   456  freertos.o(i.AppTask_IMU)
    AppTask_Led                              0x08000d35   Thumb Code    42  freertos.o(i.AppTask_Led)
    AppTask_Plantar                          0x08000d65   Thumb Code   150  freertos.o(i.AppTask_Plantar)
    AppTask_Start                            0x08000e19   Thumb Code   110  freertos.o(i.AppTask_Start)
    AppTask_Transfer                         0x08000ead   Thumb Code    70  freertos.o(i.AppTask_Transfer)
    Array_Scanning_Sampling                  0x08000ef9   Thumb Code   130  plantar.o(i.Array_Scanning_Sampling)
    BusFault_Handler                         0x0800105d   Thumb Code     2  stm32f4xx_it.o(i.BusFault_Handler)
    Change_Bluetooth_Transfer_State          0x08001061   Thumb Code    46  command.o(i.Change_Bluetooth_Transfer_State)
    Change_IMU_Sampling_State                0x080010ed   Thumb Code    46  command.o(i.Change_IMU_Sampling_State)
    Change_Plantar_SamplingMode              0x08001169   Thumb Code     4  command.o(i.Change_Plantar_SamplingMode)
    Change_Plantar_SamplingRate              0x0800116d   Thumb Code     4  command.o(i.Change_Plantar_SamplingRate)
    Change_Plantar_Sampling_State            0x08001171   Thumb Code    44  command.o(i.Change_Plantar_Sampling_State)
    Change_Plantar_Selection                 0x080011f1   Thumb Code    68  command.o(i.Change_Plantar_Selection)
    ComToUSARTx                              0x080012e1   Thumb Code    26  usart.o(i.ComToUSARTx)
    ComToUart                                0x08001309   Thumb Code    32  usart.o(i.ComToUart)
    Command_Parsing                          0x08001335   Thumb Code   172  command.o(i.Command_Parsing)
    DebugMon_Handler                         0x080014a9   Thumb Code     2  stm32f4xx_it.o(i.DebugMon_Handler)
    Delayms                                  0x080014ab   Thumb Code     4  imu.o(i.Delayms)
    EXTI9_5_IRQHandler                       0x080014b1   Thumb Code    32  stm32f4xx_it.o(i.EXTI9_5_IRQHandler)
    Error_Handler                            0x080014ed   Thumb Code     4  main.o(i.Error_Handler)
    HAL_GPIO_Init                            0x080014f1   Thumb Code   446  stm32f4xx_hal_gpio.o(i.HAL_GPIO_Init)
    HAL_GetTick                              0x080016d1   Thumb Code     6  stm32f4xx_hal.o(i.HAL_GetTick)
    HAL_IncTick                              0x080016dd   Thumb Code    12  stm32f4xx_hal.o(i.HAL_IncTick)
    HAL_Init                                 0x080016ed   Thumb Code    48  stm32f4xx_hal.o(i.HAL_Init)
    HAL_InitTick                             0x08001721   Thumb Code    98  stm32f4xx_hal_timebase_tim.o(i.HAL_InitTick)
    HAL_MspInit                              0x08001795   Thumb Code    52  stm32f4xx_hal_msp.o(i.HAL_MspInit)
    HAL_NVIC_EnableIRQ                       0x080017cd   Thumb Code    26  stm32f4xx_hal_cortex.o(i.HAL_NVIC_EnableIRQ)
    HAL_NVIC_SetPriority                     0x080017e9   Thumb Code    60  stm32f4xx_hal_cortex.o(i.HAL_NVIC_SetPriority)
    HAL_NVIC_SetPriorityGrouping             0x08001829   Thumb Code    26  stm32f4xx_hal_cortex.o(i.HAL_NVIC_SetPriorityGrouping)
    HAL_RCC_ClockConfig                      0x0800184d   Thumb Code   288  stm32f4xx_hal_rcc.o(i.HAL_RCC_ClockConfig)
    HAL_RCC_GetClockConfig                   0x08001981   Thumb Code    54  stm32f4xx_hal_rcc.o(i.HAL_RCC_GetClockConfig)
    HAL_RCC_GetPCLK1Freq                     0x080019c1   Thumb Code    20  stm32f4xx_hal_rcc.o(i.HAL_RCC_GetPCLK1Freq)
    HAL_RCC_GetPCLK2Freq                     0x080019e1   Thumb Code    20  stm32f4xx_hal_rcc.o(i.HAL_RCC_GetPCLK2Freq)
    HAL_RCC_GetSysClockFreq                  0x08001a01   Thumb Code    88  stm32f4xx_hal_rcc.o(i.HAL_RCC_GetSysClockFreq)
    HAL_RCC_OscConfig                        0x08001a65   Thumb Code   856  stm32f4xx_hal_rcc.o(i.HAL_RCC_OscConfig)
    HAL_TIMEx_BreakCallback                  0x08001dd1   Thumb Code     2  stm32f4xx_hal_tim_ex.o(i.HAL_TIMEx_BreakCallback)
    HAL_TIMEx_CommutCallback                 0x08001dd3   Thumb Code     2  stm32f4xx_hal_tim_ex.o(i.HAL_TIMEx_CommutCallback)
    HAL_TIM_Base_Init                        0x08001dd5   Thumb Code    90  stm32f4xx_hal_tim.o(i.HAL_TIM_Base_Init)
    HAL_TIM_Base_MspInit                     0x08001e2f   Thumb Code     2  stm32f4xx_hal_tim.o(i.HAL_TIM_Base_MspInit)
    HAL_TIM_Base_Start_IT                    0x08001e31   Thumb Code    88  stm32f4xx_hal_tim.o(i.HAL_TIM_Base_Start_IT)
    HAL_TIM_IC_CaptureCallback               0x08001e9d   Thumb Code     2  stm32f4xx_hal_tim.o(i.HAL_TIM_IC_CaptureCallback)
    HAL_TIM_IRQHandler                       0x08001e9f   Thumb Code   358  stm32f4xx_hal_tim.o(i.HAL_TIM_IRQHandler)
    HAL_TIM_OC_DelayElapsedCallback          0x08002005   Thumb Code     2  stm32f4xx_hal_tim.o(i.HAL_TIM_OC_DelayElapsedCallback)
    HAL_TIM_PWM_PulseFinishedCallback        0x08002007   Thumb Code     2  stm32f4xx_hal_tim.o(i.HAL_TIM_PWM_PulseFinishedCallback)
    HAL_TIM_PeriodElapsedCallback            0x08002009   Thumb Code    14  main.o(i.HAL_TIM_PeriodElapsedCallback)
    HAL_TIM_TriggerCallback                  0x0800201d   Thumb Code     2  stm32f4xx_hal_tim.o(i.HAL_TIM_TriggerCallback)
    HAL_UART_Init                            0x0800201f   Thumb Code    98  stm32f4xx_hal_uart.o(i.HAL_UART_Init)
    HAL_UART_MspInit                         0x08002081   Thumb Code     2  stm32f4xx_hal_uart.o(i.HAL_UART_MspInit)
    HardFault_Handler                        0x08002083   Thumb Code     2  stm32f4xx_it.o(i.HardFault_Handler)
    IMU_Buff_Full_Judge                      0x08002085   Thumb Code    18  imu.o(i.IMU_Buff_Full_Judge)
    IMU_Buff_Init                            0x0800209d   Thumb Code    76  imu.o(i.IMU_Buff_Init)
    IMU_Data_Frame_Handling                  0x080020ed   Thumb Code   198  solution.o(i.IMU_Data_Frame_Handling)
    IMU_Data_Frame_Transmit                  0x080021c1   Thumb Code   584  solution.o(i.IMU_Data_Frame_Transmit)
    IMU_Init                                 0x08002411   Thumb Code    36  imu.o(i.IMU_Init)
    IMU_Put_into_Buff                        0x08002441   Thumb Code   250  imu.o(i.IMU_Put_into_Buff)
    IMU_Read_Write_Buff_Switch               0x08002541   Thumb Code   210  imu.o(i.IMU_Read_Write_Buff_Switch)
    IMU_TimeStamp                            0x08002619   Thumb Code    20  imu.o(i.IMU_TimeStamp)
    LL_ADC_CommonInit                        0x08002801   Thumb Code    32  stm32f4xx_ll_adc.o(i.LL_ADC_CommonInit)
    LL_ADC_Init                              0x08002825   Thumb Code    48  stm32f4xx_ll_adc.o(i.LL_ADC_Init)
    LL_ADC_REG_Init                          0x08002859   Thumb Code    74  stm32f4xx_ll_adc.o(i.LL_ADC_REG_Init)
    LL_GPIO_Init                             0x080028f1   Thumb Code   310  stm32f4xx_ll_gpio.o(i.LL_GPIO_Init)
    LL_TIM_Init                              0x08002a29   Thumb Code   122  stm32f4xx_ll_tim.o(i.LL_TIM_Init)
    Load_Command                             0x08002ac1   Thumb Code    60  usart.o(i.Load_Command)
    MX_ADC1_Init                             0x08002b19   Thumb Code   336  adc.o(i.MX_ADC1_Init)
    MX_FREERTOS_Init                         0x08002cad   Thumb Code   102  freertos.o(i.MX_FREERTOS_Init)
    MX_GPIO_Init                             0x08002d25   Thumb Code   282  gpio.o(i.MX_GPIO_Init)
    MX_TIM2_Init                             0x08002e61   Thumb Code   158  tim.o(i.MX_TIM2_Init)
    MemManage_Handler                        0x08002f0d   Thumb Code     2  stm32f4xx_it.o(i.MemManage_Handler)
    NMI_Handler                              0x08002f0f   Thumb Code     2  stm32f4xx_it.o(i.NMI_Handler)
    Plantar_Buff_Full_Judge                  0x08002f11   Thumb Code    18  plantar.o(i.Plantar_Buff_Full_Judge)
    Plantar_Buff_Init                        0x08002f29   Thumb Code    30  plantar.o(i.Plantar_Buff_Init)
    Plantar_ChannelChange                    0x08002f4d   Thumb Code    64  plantar.o(i.Plantar_ChannelChange)
    Plantar_ChannelJudge                     0x08002fd1   Thumb Code    38  plantar.o(i.Plantar_ChannelJudge)
    Plantar_Data_Frame_Handling              0x08002ffd   Thumb Code    64  solution.o(i.Plantar_Data_Frame_Handling)
    Plantar_Data_Frame_Transmit              0x08003049   Thumb Code    90  solution.o(i.Plantar_Data_Frame_Transmit)
    Plantar_Mode_Change                      0x080030ad   Thumb Code    96  plantar.o(i.Plantar_Mode_Change)
    Plantar_Rate_Change                      0x0800318d   Thumb Code    62  plantar.o(i.Plantar_Rate_Change)
    Plantar_Read_Write_Buff_Switch           0x080031d9   Thumb Code    38  plantar.o(i.Plantar_Read_Write_Buff_Switch)
    Plantar_SettingsInit                     0x08003205   Thumb Code    16  plantar.o(i.Plantar_SettingsInit)
    Plantar_TimeStamp                        0x08003219   Thumb Code    18  plantar.o(i.Plantar_TimeStamp)
    Pressure_Calculation                     0x08003231   Thumb Code   160  solution.o(i.Pressure_Calculation)
    SensorDataUpdate                         0x0800337d   Thumb Code   114  imu.o(i.SensorDataUpdate)
    SensorUartSend                           0x080033f5   Thumb Code    10  imu.o(i.SensorUartSend)
    Singal_Point_Sampling                    0x08003401   Thumb Code    98  plantar.o(i.Singal_Point_Sampling)
    Singel_Point_Calculation                 0x08003479   Thumb Code   106  solution.o(i.Singel_Point_Calculation)
    SysTick_Handler                          0x08003501   Thumb Code    26  cmsis_os2.o(i.SysTick_Handler)
    SystemClock_Config                       0x0800351d   Thumb Code   136  main.o(i.SystemClock_Config)
    SystemInit                               0x080035ad   Thumb Code    12  system_stm32f4xx.o(i.SystemInit)
    TIM1_UP_TIM10_IRQHandler                 0x080035bd   Thumb Code     6  stm32f4xx_it.o(i.TIM1_UP_TIM10_IRQHandler)
    TIM2_IRQHandler                          0x080035c9   Thumb Code     2  stm32f4xx_it.o(i.TIM2_IRQHandler)
    TIM_Base_SetConfig                       0x080035cd   Thumb Code   122  stm32f4xx_hal_tim.o(i.TIM_Base_SetConfig)
    USART1_IRQHandler                        0x08003771   Thumb Code     6  usart.o(i.USART1_IRQHandler)
    USART2_IRQHandler                        0x0800377d   Thumb Code     6  usart.o(i.USART2_IRQHandler)
    USART6_IRQHandler                        0x08003789   Thumb Code     6  usart.o(i.USART6_IRQHandler)
    Uart_RxBuf_Init                          0x080039a5   Thumb Code    18  usart.o(i.Uart_RxBuf_Init)
    Uart_RxBuf_Putin                         0x080039c1   Thumb Code    30  usart.o(i.Uart_RxBuf_Putin)
    UsageFault_Handler                       0x080039e5   Thumb Code     2  stm32f4xx_it.o(i.UsageFault_Handler)
    WitDelayMsRegister                       0x080039e9   Thumb Code    16  wit_c_sdk.o(i.WitDelayMsRegister)
    WitInit                                  0x080039fd   Thumb Code    22  wit_c_sdk.o(i.WitInit)
    WitReadReg                               0x08003a19   Thumb Code   312  wit_c_sdk.o(i.WitReadReg)
    WitRegisterCallBack                      0x08003b59   Thumb Code    16  wit_c_sdk.o(i.WitRegisterCallBack)
    WitSerialDataIn                          0x08003b6d   Thumb Code   244  wit_c_sdk.o(i.WitSerialDataIn)
    WitSerialWriteRegister                   0x08003c6d   Thumb Code    16  wit_c_sdk.o(i.WitSerialWriteRegister)
    __0printf                                0x08003c81   Thumb Code    22  printfa.o(i.__0printf)
    __1printf                                0x08003c81   Thumb Code     0  printfa.o(i.__0printf)
    __2printf                                0x08003c81   Thumb Code     0  printfa.o(i.__0printf)
    __c89printf                              0x08003c81   Thumb Code     0  printfa.o(i.__0printf)
    printf                                   0x08003c81   Thumb Code     0  printfa.o(i.__0printf)
    __0sprintf                               0x08003ca1   Thumb Code    34  printfa.o(i.__0sprintf)
    __1sprintf                               0x08003ca1   Thumb Code     0  printfa.o(i.__0sprintf)
    __2sprintf                               0x08003ca1   Thumb Code     0  printfa.o(i.__0sprintf)
    __c89sprintf                             0x08003ca1   Thumb Code     0  printfa.o(i.__0sprintf)
    sprintf                                  0x08003ca1   Thumb Code     0  printfa.o(i.__0sprintf)
    __ARM_fpclassify                         0x08003cc9   Thumb Code    48  fpclassify.o(i.__ARM_fpclassify)
    __hardfp_exp                             0x08003d49   Thumb Code   714  exp.o(i.__hardfp_exp)
    __kernel_poly                            0x080040a1   Thumb Code   248  poly.o(i.__kernel_poly)
    __mathlib_dbl_infnan                     0x08004199   Thumb Code    20  dunder.o(i.__mathlib_dbl_infnan)
    __mathlib_dbl_overflow                   0x080041b1   Thumb Code    24  dunder.o(i.__mathlib_dbl_overflow)
    __mathlib_dbl_underflow                  0x080041d1   Thumb Code    24  dunder.o(i.__mathlib_dbl_underflow)
    __scatterload_copy                       0x080041f1   Thumb Code    14  handlers.o(i.__scatterload_copy)
    __scatterload_null                       0x080041ff   Thumb Code     2  handlers.o(i.__scatterload_null)
    __scatterload_zeroinit                   0x08004201   Thumb Code    14  handlers.o(i.__scatterload_zeroinit)
    __set_errno                              0x08004211   Thumb Code     6  errno.o(i.__set_errno)
    bsp_InitUart                             0x08004ab1   Thumb Code    14  usart.o(i.bsp_InitUart)
    bsp_SetUartParam                         0x08004abf   Thumb Code    40  usart.o(i.bsp_SetUartParam)
    comGetChar                               0x08004ae7   Thumb Code    78  usart.o(i.comGetChar)
    comSendBuf                               0x08004b35   Thumb Code    28  usart.o(i.comSendBuf)
    comSetBaud                               0x08004b51   Thumb Code    24  usart.o(i.comSetBaud)
    float_u8Arry                             0x08004b69   Thumb Code    36  function.o(i.float_u8Arry)
    fputc                                    0x08004b8d   Thumb Code    12  usart.o(i.fputc)
    main                                     0x08004b9d   Thumb Code    38  main.o(i.main)
    osDelay                                  0x08004bc3   Thumb Code    26  cmsis_os2.o(i.osDelay)
    osEventFlagsNew                          0x08004bdd   Thumb Code    44  cmsis_os2.o(i.osEventFlagsNew)
    osKernelInitialize                       0x08004c09   Thumb Code    32  cmsis_os2.o(i.osKernelInitialize)
    osKernelStart                            0x08004c2d   Thumb Code    48  cmsis_os2.o(i.osKernelStart)
    osMessageQueueGet                        0x08004c65   Thumb Code    96  cmsis_os2.o(i.osMessageQueueGet)
    osMessageQueueNew                        0x08004cc9   Thumb Code    88  cmsis_os2.o(i.osMessageQueueNew)
    osMessageQueuePut                        0x08004d21   Thumb Code   100  cmsis_os2.o(i.osMessageQueuePut)
    osMutexNew                               0x08004d89   Thumb Code   104  cmsis_os2.o(i.osMutexNew)
    osSemaphoreNew                           0x08004df1   Thumb Code   152  cmsis_os2.o(i.osSemaphoreNew)
    osThreadNew                              0x08004e89   Thumb Code   138  cmsis_os2.o(i.osThreadNew)
    pvPortMalloc                             0x080056d5   Thumb Code   216  heap_4.o(i.pvPortMalloc)
    pvTaskIncrementMutexHeldCount            0x080057b1   Thumb Code    18  tasks.o(i.pvTaskIncrementMutexHeldCount)
    pxPortInitialiseStack                    0x080057c9   Thumb Code    40  port.o(i.pxPortInitialiseStack)
    u16_u8Arry                               0x080057f5   Thumb Code     8  function.o(i.u16_u8Arry)
    u32_u8Arry                               0x080057fd   Thumb Code    16  function.o(i.u32_u8Arry)
    uxListRemove                             0x0800580d   Thumb Code    38  list.o(i.uxListRemove)
    uxTaskResetEventItemValue                0x08005835   Thumb Code    20  tasks.o(i.uxTaskResetEventItemValue)
    vApplicationGetIdleTaskMemory            0x0800584d   Thumb Code    16  cmsis_os2.o(i.vApplicationGetIdleTaskMemory)
    vApplicationGetTimerTaskMemory           0x08005861   Thumb Code    18  cmsis_os2.o(i.vApplicationGetTimerTaskMemory)
    vListInitialise                          0x08005879   Thumb Code    22  list.o(i.vListInitialise)
    vListInitialiseItem                      0x0800588f   Thumb Code     6  list.o(i.vListInitialiseItem)
    vListInsert                              0x08005895   Thumb Code    48  list.o(i.vListInsert)
    vListInsertEnd                           0x080058c5   Thumb Code    24  list.o(i.vListInsertEnd)
    vPortEnterCritical                       0x080058dd   Thumb Code    54  port.o(i.vPortEnterCritical)
    vPortExitCritical                        0x0800591d   Thumb Code    34  port.o(i.vPortExitCritical)
    vPortFree                                0x08005945   Thumb Code    94  heap_4.o(i.vPortFree)
    vPortSetupTimerInterrupt                 0x080059a9   Thumb Code    32  port.o(i.vPortSetupTimerInterrupt)
    vPortValidateInterruptPriority           0x080059cd   Thumb Code    74  port.o(i.vPortValidateInterruptPriority)
    vQueueAddToRegistry                      0x08005a21   Thumb Code    34  queue.o(i.vQueueAddToRegistry)
    vQueueDelete                             0x08005a49   Thumb Code    46  queue.o(i.vQueueDelete)
    vQueueUnregisterQueue                    0x08005a79   Thumb Code    36  queue.o(i.vQueueUnregisterQueue)
    vQueueWaitForMessageRestricted           0x08005aa1   Thumb Code    68  queue.o(i.vQueueWaitForMessageRestricted)
    vTaskDelay                               0x08005ae5   Thumb Code    66  tasks.o(i.vTaskDelay)
    vTaskDelete                              0x08005b31   Thumb Code   130  tasks.o(i.vTaskDelete)
    vTaskInternalSetTimeOutState             0x08005bc1   Thumb Code    12  tasks.o(i.vTaskInternalSetTimeOutState)
    vTaskMissedYield                         0x08005bd1   Thumb Code     8  tasks.o(i.vTaskMissedYield)
    vTaskPlaceOnEventList                    0x08005bdd   Thumb Code    44  tasks.o(i.vTaskPlaceOnEventList)
    vTaskPlaceOnEventListRestricted          0x08005c0d   Thumb Code    52  tasks.o(i.vTaskPlaceOnEventListRestricted)
    vTaskPlaceOnUnorderedEventList           0x08005c45   Thumb Code    76  tasks.o(i.vTaskPlaceOnUnorderedEventList)
    vTaskPriorityDisinheritAfterTimeout      0x08005c95   Thumb Code   134  tasks.o(i.vTaskPriorityDisinheritAfterTimeout)
    vTaskRemoveFromUnorderedEventList        0x08005d25   Thumb Code   102  tasks.o(i.vTaskRemoveFromUnorderedEventList)
    vTaskStartScheduler                      0x08005d95   Thumb Code   118  tasks.o(i.vTaskStartScheduler)
    vTaskSuspendAll                          0x08005e1d   Thumb Code    10  tasks.o(i.vTaskSuspendAll)
    vTaskSwitchContext                       0x08005e2d   Thumb Code    90  tasks.o(i.vTaskSwitchContext)
    xEventGroupClearBits                     0x08005e91   Thumb Code    64  event_groups.o(i.xEventGroupClearBits)
    xEventGroupCreate                        0x08005ed1   Thumb Code    28  event_groups.o(i.xEventGroupCreate)
    xEventGroupCreateStatic                  0x08005eed   Thumb Code    44  event_groups.o(i.xEventGroupCreateStatic)
    xEventGroupSetBits                       0x08005f19   Thumb Code   140  event_groups.o(i.xEventGroupSetBits)
    xEventGroupWaitBits                      0x08005fa5   Thumb Code   260  event_groups.o(i.xEventGroupWaitBits)
    xPortStartScheduler                      0x080060ad   Thumb Code   222  port.o(i.xPortStartScheduler)
    xPortSysTickHandler                      0x080061a1   Thumb Code    38  port.o(i.xPortSysTickHandler)
    xQueueCreateCountingSemaphore            0x080061cd   Thumb Code    58  queue.o(i.xQueueCreateCountingSemaphore)
    xQueueCreateCountingSemaphoreStatic      0x08006207   Thumb Code    64  queue.o(i.xQueueCreateCountingSemaphoreStatic)
    xQueueCreateMutex                        0x08006247   Thumb Code    22  queue.o(i.xQueueCreateMutex)
    xQueueCreateMutexStatic                  0x0800625d   Thumb Code    26  queue.o(i.xQueueCreateMutexStatic)
    xQueueGenericCreate                      0x08006277   Thumb Code    66  queue.o(i.xQueueGenericCreate)
    xQueueGenericCreateStatic                0x080062b9   Thumb Code   102  queue.o(i.xQueueGenericCreateStatic)
    xQueueGenericReset                       0x08006321   Thumb Code   132  queue.o(i.xQueueGenericReset)
    xQueueGenericSend                        0x080063a9   Thumb Code   346  queue.o(i.xQueueGenericSend)
    xQueueGenericSendFromISR                 0x08006509   Thumb Code   190  queue.o(i.xQueueGenericSendFromISR)
    xQueueReceive                            0x080065c9   Thumb Code   308  queue.o(i.xQueueReceive)
    xQueueReceiveFromISR                     0x08006701   Thumb Code   154  queue.o(i.xQueueReceiveFromISR)
    xQueueSemaphoreTake                      0x0800679d   Thumb Code   372  queue.o(i.xQueueSemaphoreTake)
    xTaskCheckForTimeOut                     0x08006915   Thumb Code   112  tasks.o(i.xTaskCheckForTimeOut)
    xTaskCreate                              0x08006989   Thumb Code    90  tasks.o(i.xTaskCreate)
    xTaskCreateStatic                        0x080069e3   Thumb Code    86  tasks.o(i.xTaskCreateStatic)
    xTaskGetSchedulerState                   0x08006a39   Thumb Code    22  tasks.o(i.xTaskGetSchedulerState)
    xTaskGetTickCount                        0x08006a55   Thumb Code     6  tasks.o(i.xTaskGetTickCount)
    xTaskIncrementTick                       0x08006a61   Thumb Code   192  tasks.o(i.xTaskIncrementTick)
    xTaskPriorityDisinherit                  0x08006b29   Thumb Code   118  tasks.o(i.xTaskPriorityDisinherit)
    xTaskPriorityInherit                     0x08006ba9   Thumb Code   112  tasks.o(i.xTaskPriorityInherit)
    xTaskRemoveFromEventList                 0x08006c21   Thumb Code    98  tasks.o(i.xTaskRemoveFromEventList)
    xTaskResumeAll                           0x08006c91   Thumb Code   182  tasks.o(i.xTaskResumeAll)
    xTimerCreateTimerTask                    0x08006d55   Thumb Code    78  timers.o(i.xTimerCreateTimerTask)
    xTimerGenericCommand                     0x08006db5   Thumb Code    98  timers.o(i.xTimerGenericCommand)
    Task_Start_attributes                    0x08006e1c   Data          36  freertos.o(.constdata)
    Task_LED_attributes                      0x08006e40   Data          36  freertos.o(.constdata)
    Task_DebugUsart_attributes               0x08006e64   Data          36  freertos.o(.constdata)
    Task_Command_attributes                  0x08006e88   Data          36  freertos.o(.constdata)
    Task_Plantar_attributes                  0x08006eac   Data          36  freertos.o(.constdata)
    Task_IMU_attributes                      0x08006ed0   Data          36  freertos.o(.constdata)
    Task_Data_attributes                     0x08006ef4   Data          36  freertos.o(.constdata)
    Task_Transfer_attributes                 0x08006f18   Data          36  freertos.o(.constdata)
    GV_Mutex_attributes                      0x08006f3c   Data          16  freertos.o(.constdata)
    Command_Semaph_attributes                0x08006f4c   Data          16  freertos.o(.constdata)
    Bluetooth_Event_attributes               0x08006f5c   Data          16  freertos.o(.constdata)
    Sampling_Event_attributes                0x08006f6c   Data          16  freertos.o(.constdata)
    Data_Queue_attributes                    0x08006f7c   Data          24  freertos.o(.constdata)
    Transfer_Queue_attributes                0x08006f94   Data          24  freertos.o(.constdata)
    TranDone_Queue_attributes                0x08006fac   Data          24  freertos.o(.constdata)
    Sensor_Num_Column                        0x08006fc4   Data          20  plantar.o(.constdata)
    Plantar_Rate_Settings                    0x08006fd8   Data          20  plantar.o(.constdata)
    c_uiBaud                                 0x080071ec   Data          40  imu.o(.constdata)
    AHBPrescTable                            0x08007214   Data          16  system_stm32f4xx.o(.constdata)
    APBPrescTable                            0x08007224   Data           8  system_stm32f4xx.o(.constdata)
    Region$$Table$$Base                      0x08007374   Number         0  anon$$obj.o(Region$$Table)
    Region$$Table$$Limit                     0x08007394   Number         0  anon$$obj.o(Region$$Table)
    Task_StartHandle                         0x20000000   Data           4  freertos.o(.data)
    Task_LEDHandle                           0x20000004   Data           4  freertos.o(.data)
    Task_DebugUsartHandle                    0x20000008   Data           4  freertos.o(.data)
    Task_CommandHandle                       0x2000000c   Data           4  freertos.o(.data)
    Task_PlantarHandle                       0x20000010   Data           4  freertos.o(.data)
    Task_IMUHandle                           0x20000014   Data           4  freertos.o(.data)
    Task_DataHandle                          0x20000018   Data           4  freertos.o(.data)
    Task_TransferHandle                      0x2000001c   Data           4  freertos.o(.data)
    GV_MutexHandle                           0x20000020   Data           4  freertos.o(.data)
    Command_SemaphHandle                     0x20000024   Data           4  freertos.o(.data)
    BluetoothEventHandle                     0x20000028   Data           4  freertos.o(.data)
    Sampling_EventHandle                     0x2000002c   Data           4  freertos.o(.data)
    Data_QueueHandle                         0x20000030   Data           4  freertos.o(.data)
    Transfer_QueueHandle                     0x20000034   Data           4  freertos.o(.data)
    TranDone_QueueHandle                     0x20000038   Data           4  freertos.o(.data)
    Plantar                                  0x2000003c   Data           6  freertos.o(.data)
    Uart_Receive                             0x20000044   Data           8  usart.o(.data)
    s_cCmd                                   0x20000075   Data           1  imu.o(.data)
    s_cDataUpdate                            0x20000076   Data           2  imu.o(.data)
    Plantar_TimeStamp_Transfer               0x20000078   Data           4  solution.o(.data)
    IMU_TimeStamp_Transfer                   0x2000007c   Data           4  solution.o(.data)
    Atmospheric_Transfer                     0x20000080   Data           4  solution.o(.data)
    Height_Transfer                          0x20000084   Data           4  solution.o(.data)
    Magnetic_Transfer                        0x20000088   Data           6  solution.o(.data)
    uwTickFreq                               0x20000090   Data           1  stm32f4xx_hal.o(.data)
    uwTickPrio                               0x20000094   Data           4  stm32f4xx_hal.o(.data)
    uwTick                                   0x20000098   Data           4  stm32f4xx_hal.o(.data)
    SystemCoreClock                          0x2000009c   Data           4  system_stm32f4xx.o(.data)
    pxCurrentTCB                             0x200000a0   Data           4  tasks.o(.data)
    __stdout                                 0x20000120   Data           4  stdout.o(.data)
    Receive_Buff                             0x20000128   Data         256  freertos.o(.bss)
    Command_Buff                             0x20000228   Data          13  freertos.o(.bss)
    htim1                                    0x20003abc   Data          72  stm32f4xx_hal_timebase_tim.o(.bss)
    Plantar_Buff                             0x20003b04   Data          20  plantar.o(.bss)
    Plantar_Voltage_Buff_1                   0x20003b18   Data         900  plantar.o(.bss)
    Plantar_Voltage_Buff_2                   0x20003e9c   Data         900  plantar.o(.bss)
    Plantar_Time_Stamp_1                     0x20004220   Data          40  plantar.o(.bss)
    Plantar_Time_Stamp_2                     0x20004248   Data          40  plantar.o(.bss)
    sReg                                     0x20004370   Data         288  wit_c_sdk.o(.bss)
    IMU_Buff                                 0x200044c4   Data          68  imu.o(.bss)
    IMU_Accelerated_Buff_1                   0x20004508   Data         120  imu.o(.bss)
    IMU_Accelerated_Buff_2                   0x20004580   Data         120  imu.o(.bss)
    IMU_Gyroscope_Buff_1                     0x200045f8   Data         120  imu.o(.bss)
    IMU_Gyroscope_Buff_2                     0x20004670   Data         120  imu.o(.bss)
    IMU_Angle_Buff_1                         0x200046e8   Data         120  imu.o(.bss)
    IMU_Angle_Buff_2                         0x20004760   Data         120  imu.o(.bss)
    IMU_Magnetic_Buff_1                      0x200047d8   Data          60  imu.o(.bss)
    IMU_Magnetic_Buff_2                      0x20004814   Data          60  imu.o(.bss)
    IMU_Atmospheric_Buff_1                   0x20004850   Data          40  imu.o(.bss)
    IMU_Atmospheric_Buff_2                   0x20004878   Data          40  imu.o(.bss)
    IMU_Height_Buff_1                        0x200048a0   Data          40  imu.o(.bss)
    IMU_Height_Buff_2                        0x200048c8   Data          40  imu.o(.bss)
    IMU_Quaternion_Buff_1                    0x200048f0   Data         160  imu.o(.bss)
    IMU_Quaternion_Buff_2                    0x20004990   Data         160  imu.o(.bss)
    IMU_Time_Stamp_1                         0x20004a30   Data          40  imu.o(.bss)
    IMU_Time_Stamp_2                         0x20004a58   Data          40  imu.o(.bss)
    Pressure_Buff                            0x20004a80   Data        1800  solution.o(.bss)
    Plantar_Transfer                         0x20005188   Data         180  solution.o(.bss)
    Accelerated_Transfer                     0x2000523c   Data          12  solution.o(.bss)
    Gyroscope_Transfer                       0x20005248   Data          12  solution.o(.bss)
    Angle_Transfer                           0x20005254   Data          12  solution.o(.bss)
    Quaternion_Transfer                      0x20005260   Data          16  solution.o(.bss)
    Plantar_Transfer_Buffer                  0x20005270   Data         195  solution.o(.bss)
    Acc_Transfer_Buffer                      0x20005333   Data          27  solution.o(.bss)
    Gyro_Transfer_Buffer                     0x2000534e   Data          27  solution.o(.bss)
    Angle_Transfer_Buffer                    0x20005369   Data          27  solution.o(.bss)
    Mag_Transfer_Buffer                      0x20005384   Data          21  solution.o(.bss)
    Atmo_Transfer_Buffer                     0x20005399   Data          19  solution.o(.bss)
    Hight_Transfer_Buffer                    0x200053ac   Data          19  solution.o(.bss)
    Quat_Transfer_Buffer                     0x200053bf   Data          31  solution.o(.bss)
    xQueueRegistry                           0x200053e0   Data          64  queue.o(.bss)
    __initial_sp                             0x2000a4b8   Data           0  startup_stm32f411xe.o(STACK)



==============================================================================

Memory Map of the image

  Image Entry point : 0x08000199

  Load Region LR_IROM1 (Base: 0x08000000, Size: 0x000074bc, Max: 0x00080000, ABSOLUTE)

    Execution Region ER_IROM1 (Exec base: 0x08000000, Load base: 0x08000000, Size: 0x00007394, Max: 0x00080000, ABSOLUTE)

    Exec Addr    Load Addr    Size         Type   Attr      Idx    E Section Name        Object

    0x08000000   0x08000000   0x00000198   Data   RO            3    RESET               startup_stm32f411xe.o
    0x08000198   0x08000198   0x00000000   Code   RO         7512  * .ARM.Collect$$$$00000000  mc_w.l(entry.o)
    0x08000198   0x08000198   0x00000004   Code   RO         7869    .ARM.Collect$$$$00000001  mc_w.l(entry2.o)
    0x0800019c   0x0800019c   0x00000004   Code   RO         7872    .ARM.Collect$$$$00000004  mc_w.l(entry5.o)
    0x080001a0   0x080001a0   0x00000000   Code   RO         7874    .ARM.Collect$$$$00000008  mc_w.l(entry7b.o)
    0x080001a0   0x080001a0   0x00000000   Code   RO         7876    .ARM.Collect$$$$0000000A  mc_w.l(entry8b.o)
    0x080001a0   0x080001a0   0x00000008   Code   RO         7877    .ARM.Collect$$$$0000000B  mc_w.l(entry9a.o)
    0x080001a8   0x080001a8   0x00000004   Code   RO         7884    .ARM.Collect$$$$0000000E  mc_w.l(entry12b.o)
    0x080001ac   0x080001ac   0x00000000   Code   RO         7879    .ARM.Collect$$$$0000000F  mc_w.l(entry10a.o)
    0x080001ac   0x080001ac   0x00000000   Code   RO         7881    .ARM.Collect$$$$00000011  mc_w.l(entry11a.o)
    0x080001ac   0x080001ac   0x00000004   Code   RO         7870    .ARM.Collect$$$$00002712  mc_w.l(entry2.o)
    0x080001b0   0x080001b0   0x000000be   Code   RO         7409    .emb_text           port.o
    0x0800026e   0x0800026e   0x00000002   PAD
    0x08000270   0x08000270   0x00000024   Code   RO            4    .text               startup_stm32f411xe.o
    0x08000294   0x08000294   0x00000062   Code   RO         7515    .text               mc_w.l(uldiv.o)
    0x080002f6   0x080002f6   0x00000024   Code   RO         7519    .text               mc_w.l(memcpya.o)
    0x0800031a   0x0800031a   0x00000024   Code   RO         7523    .text               mc_w.l(memseta.o)
    0x0800033e   0x0800033e   0x0000014e   Code   RO         7830    .text               mf_w.l(dadd.o)
    0x0800048c   0x0800048c   0x000000e4   Code   RO         7832    .text               mf_w.l(dmul.o)
    0x08000570   0x08000570   0x00000022   Code   RO         7834    .text               mf_w.l(dflti.o)
    0x08000592   0x08000592   0x0000001a   Code   RO         7836    .text               mf_w.l(dfltui.o)
    0x080005ac   0x080005ac   0x0000003e   Code   RO         7838    .text               mf_w.l(dfixi.o)
    0x080005ea   0x080005ea   0x00000032   Code   RO         7840    .text               mf_w.l(dfixui.o)
    0x0800061c   0x0800061c   0x00000026   Code   RO         7842    .text               mf_w.l(f2d.o)
    0x08000642   0x08000642   0x00000002   PAD
    0x08000644   0x08000644   0x00000030   Code   RO         7844    .text               mf_w.l(cdcmple.o)
    0x08000674   0x08000674   0x00000030   Code   RO         7846    .text               mf_w.l(cdrcmple.o)
    0x080006a4   0x080006a4   0x00000038   Code   RO         7848    .text               mf_w.l(d2f.o)
    0x080006dc   0x080006dc   0x0000002c   Code   RO         7886    .text               mc_w.l(uidiv.o)
    0x08000708   0x08000708   0x0000001e   Code   RO         7888    .text               mc_w.l(llshl.o)
    0x08000726   0x08000726   0x00000020   Code   RO         7890    .text               mc_w.l(llushr.o)
    0x08000746   0x08000746   0x00000024   Code   RO         7892    .text               mc_w.l(llsshr.o)
    0x0800076a   0x0800076a   0x00000000   Code   RO         7909    .text               mc_w.l(iusefp.o)
    0x0800076a   0x0800076a   0x0000006e   Code   RO         7910    .text               mf_w.l(fepilogue.o)
    0x080007d8   0x080007d8   0x000000ba   Code   RO         7912    .text               mf_w.l(depilogue.o)
    0x08000892   0x08000892   0x000000de   Code   RO         7914    .text               mf_w.l(ddiv.o)
    0x08000970   0x08000970   0x00000030   Code   RO         7918    .text               mf_w.l(dfixul.o)
    0x080009a0   0x080009a0   0x00000024   Code   RO         7920    .text               mc_w.l(init.o)
    0x080009c4   0x080009c4   0x00000018   Code   RO          733    i.ADC_IRQHandler    stm32f4xx_it.o
    0x080009dc   0x080009dc   0x00000054   Code   RO          451    i.ADC_OneShot_Read  adc.o
    0x08000a30   0x08000a30   0x00000028   Code   RO          341    i.AppTask_Command   freertos.o
    0x08000a58   0x08000a58   0x000000ac   Code   RO          342    i.AppTask_Data      freertos.o
    0x08000b04   0x08000b04   0x0000004c   Code   RO          343    i.AppTask_DebugUsart  freertos.o
    0x08000b50   0x08000b50   0x000001e4   Code   RO          344    i.AppTask_IMU       freertos.o
    0x08000d34   0x08000d34   0x00000030   Code   RO          345    i.AppTask_Led       freertos.o
    0x08000d64   0x08000d64   0x000000b4   Code   RO          346    i.AppTask_Plantar   freertos.o
    0x08000e18   0x08000e18   0x00000094   Code   RO          347    i.AppTask_Start     freertos.o
    0x08000eac   0x08000eac   0x0000004c   Code   RO          348    i.AppTask_Transfer  freertos.o
    0x08000ef8   0x08000ef8   0x0000009c   Code   RO          887    i.Array_Scanning_Sampling  plantar.o
    0x08000f94   0x08000f94   0x000000c8   Code   RO         1838    i.AutoScanSensor    imu.o
    0x0800105c   0x0800105c   0x00000002   Code   RO          734    i.BusFault_Handler  stm32f4xx_it.o
    0x0800105e   0x0800105e   0x00000002   PAD
    0x08001060   0x08001060   0x0000008c   Code   RO         1626    i.Change_Bluetooth_Transfer_State  command.o
    0x080010ec   0x080010ec   0x0000007c   Code   RO         1627    i.Change_IMU_Sampling_State  command.o
    0x08001168   0x08001168   0x00000004   Code   RO         1628    i.Change_Plantar_SamplingMode  command.o
    0x0800116c   0x0800116c   0x00000004   Code   RO         1629    i.Change_Plantar_SamplingRate  command.o
    0x08001170   0x08001170   0x00000080   Code   RO         1630    i.Change_Plantar_Sampling_State  command.o
    0x080011f0   0x080011f0   0x000000ac   Code   RO         1631    i.Change_Plantar_Selection  command.o
    0x0800129c   0x0800129c   0x00000044   Code   RO          888    i.Column_Select     plantar.o
    0x080012e0   0x080012e0   0x00000028   Code   RO          565    i.ComToUSARTx       usart.o
    0x08001308   0x08001308   0x0000002c   Code   RO          566    i.ComToUart         usart.o
    0x08001334   0x08001334   0x000000c0   Code   RO         1632    i.Command_Parsing   command.o
    0x080013f4   0x080013f4   0x000000b4   Code   RO         1686    i.CopeWitData       wit_c_sdk.o
    0x080014a8   0x080014a8   0x00000002   Code   RO          735    i.DebugMon_Handler  stm32f4xx_it.o
    0x080014aa   0x080014aa   0x00000004   Code   RO         1840    i.Delayms           imu.o
    0x080014ae   0x080014ae   0x00000002   PAD
    0x080014b0   0x080014b0   0x0000003c   Code   RO          736    i.EXTI9_5_IRQHandler  stm32f4xx_it.o
    0x080014ec   0x080014ec   0x00000004   Code   RO           13    i.Error_Handler     main.o
    0x080014f0   0x080014f0   0x000001e0   Code   RO         2647    i.HAL_GPIO_Init     stm32f4xx_hal_gpio.o
    0x080016d0   0x080016d0   0x0000000c   Code   RO         3203    i.HAL_GetTick       stm32f4xx_hal.o
    0x080016dc   0x080016dc   0x00000010   Code   RO         3209    i.HAL_IncTick       stm32f4xx_hal.o
    0x080016ec   0x080016ec   0x00000034   Code   RO         3210    i.HAL_Init          stm32f4xx_hal.o
    0x08001720   0x08001720   0x00000074   Code   RO          848    i.HAL_InitTick      stm32f4xx_hal_timebase_tim.o
    0x08001794   0x08001794   0x00000038   Code   RO          824    i.HAL_MspInit       stm32f4xx_hal_msp.o
    0x080017cc   0x080017cc   0x0000001a   Code   RO         3060    i.HAL_NVIC_EnableIRQ  stm32f4xx_hal_cortex.o
    0x080017e6   0x080017e6   0x00000002   PAD
    0x080017e8   0x080017e8   0x00000040   Code   RO         3066    i.HAL_NVIC_SetPriority  stm32f4xx_hal_cortex.o
    0x08001828   0x08001828   0x00000024   Code   RO         3067    i.HAL_NVIC_SetPriorityGrouping  stm32f4xx_hal_cortex.o
    0x0800184c   0x0800184c   0x00000134   Code   RO         2239    i.HAL_RCC_ClockConfig  stm32f4xx_hal_rcc.o
    0x08001980   0x08001980   0x00000040   Code   RO         2243    i.HAL_RCC_GetClockConfig  stm32f4xx_hal_rcc.o
    0x080019c0   0x080019c0   0x00000020   Code   RO         2246    i.HAL_RCC_GetPCLK1Freq  stm32f4xx_hal_rcc.o
    0x080019e0   0x080019e0   0x00000020   Code   RO         2247    i.HAL_RCC_GetPCLK2Freq  stm32f4xx_hal_rcc.o
    0x08001a00   0x08001a00   0x00000064   Code   RO         2248    i.HAL_RCC_GetSysClockFreq  stm32f4xx_hal_rcc.o
    0x08001a64   0x08001a64   0x0000036c   Code   RO         2251    i.HAL_RCC_OscConfig  stm32f4xx_hal_rcc.o
    0x08001dd0   0x08001dd0   0x00000002   Code   RO         4831    i.HAL_TIMEx_BreakCallback  stm32f4xx_hal_tim_ex.o
    0x08001dd2   0x08001dd2   0x00000002   Code   RO         4832    i.HAL_TIMEx_CommutCallback  stm32f4xx_hal_tim_ex.o
    0x08001dd4   0x08001dd4   0x0000005a   Code   RO         4127    i.HAL_TIM_Base_Init  stm32f4xx_hal_tim.o
    0x08001e2e   0x08001e2e   0x00000002   Code   RO         4129    i.HAL_TIM_Base_MspInit  stm32f4xx_hal_tim.o
    0x08001e30   0x08001e30   0x0000006c   Code   RO         4132    i.HAL_TIM_Base_Start_IT  stm32f4xx_hal_tim.o
    0x08001e9c   0x08001e9c   0x00000002   Code   RO         4161    i.HAL_TIM_IC_CaptureCallback  stm32f4xx_hal_tim.o
    0x08001e9e   0x08001e9e   0x00000166   Code   RO         4175    i.HAL_TIM_IRQHandler  stm32f4xx_hal_tim.o
    0x08002004   0x08002004   0x00000002   Code   RO         4178    i.HAL_TIM_OC_DelayElapsedCallback  stm32f4xx_hal_tim.o
    0x08002006   0x08002006   0x00000002   Code   RO         4205    i.HAL_TIM_PWM_PulseFinishedCallback  stm32f4xx_hal_tim.o
    0x08002008   0x08002008   0x00000014   Code   RO           14    i.HAL_TIM_PeriodElapsedCallback  main.o
    0x0800201c   0x0800201c   0x00000002   Code   RO         4218    i.HAL_TIM_TriggerCallback  stm32f4xx_hal_tim.o
    0x0800201e   0x0800201e   0x00000062   Code   RO         5249    i.HAL_UART_Init     stm32f4xx_hal_uart.o
    0x08002080   0x08002080   0x00000002   Code   RO         5251    i.HAL_UART_MspInit  stm32f4xx_hal_uart.o
    0x08002082   0x08002082   0x00000002   Code   RO          737    i.HardFault_Handler  stm32f4xx_it.o
    0x08002084   0x08002084   0x00000018   Code   RO         1841    i.IMU_Buff_Full_Judge  imu.o
    0x0800209c   0x0800209c   0x00000050   Code   RO         1842    i.IMU_Buff_Init     imu.o
    0x080020ec   0x080020ec   0x000000d4   Code   RO         1933    i.IMU_Data_Frame_Handling  solution.o
    0x080021c0   0x080021c0   0x00000250   Code   RO         1934    i.IMU_Data_Frame_Transmit  solution.o
    0x08002410   0x08002410   0x00000030   Code   RO         1843    i.IMU_Init          imu.o
    0x08002440   0x08002440   0x00000100   Code   RO         1844    i.IMU_Put_into_Buff  imu.o
    0x08002540   0x08002540   0x000000d8   Code   RO         1845    i.IMU_Read_Write_Buff_Switch  imu.o
    0x08002618   0x08002618   0x00000018   Code   RO         1846    i.IMU_TimeStamp     imu.o
    0x08002630   0x08002630   0x000001d0   Code   RO          567    i.InitHardUart      usart.o
    0x08002800   0x08002800   0x00000024   Code   RO         2109    i.LL_ADC_CommonInit  stm32f4xx_ll_adc.o
    0x08002824   0x08002824   0x00000034   Code   RO         2114    i.LL_ADC_Init       stm32f4xx_ll_adc.o
    0x08002858   0x08002858   0x00000050   Code   RO         2115    i.LL_ADC_REG_Init   stm32f4xx_ll_adc.o
    0x080028a8   0x080028a8   0x00000030   Code   RO          452    i.LL_ADC_REG_SetSequencerRanks  adc.o
    0x080028d8   0x080028d8   0x00000018   Code   RO          296    i.LL_AHB1_GRP1_EnableClock  gpio.o
    0x080028f0   0x080028f0   0x00000136   Code   RO         2059    i.LL_GPIO_Init      stm32f4xx_ll_gpio.o
    0x08002a26   0x08002a26   0x00000002   PAD
    0x08002a28   0x08002a28   0x00000098   Code   RO         5111    i.LL_TIM_Init       stm32f4xx_ll_tim.o
    0x08002ac0   0x08002ac0   0x0000004c   Code   RO          568    i.Load_Command      usart.o
    0x08002b0c   0x08002b0c   0x0000000a   Code   RO          889    i.MUX_SetPin        plantar.o
    0x08002b16   0x08002b16   0x00000002   PAD
    0x08002b18   0x08002b18   0x00000194   Code   RO          453    i.MX_ADC1_Init      adc.o
    0x08002cac   0x08002cac   0x00000078   Code   RO          349    i.MX_FREERTOS_Init  freertos.o
    0x08002d24   0x08002d24   0x0000013c   Code   RO          297    i.MX_GPIO_Init      gpio.o
    0x08002e60   0x08002e60   0x000000ac   Code   RO          535    i.MX_TIM2_Init      tim.o
    0x08002f0c   0x08002f0c   0x00000002   Code   RO          738    i.MemManage_Handler  stm32f4xx_it.o
    0x08002f0e   0x08002f0e   0x00000002   Code   RO          739    i.NMI_Handler       stm32f4xx_it.o
    0x08002f10   0x08002f10   0x00000018   Code   RO          890    i.Plantar_Buff_Full_Judge  plantar.o
    0x08002f28   0x08002f28   0x00000024   Code   RO          891    i.Plantar_Buff_Init  plantar.o
    0x08002f4c   0x08002f4c   0x00000084   Code   RO          892    i.Plantar_ChannelChange  plantar.o
    0x08002fd0   0x08002fd0   0x0000002c   Code   RO          893    i.Plantar_ChannelJudge  plantar.o
    0x08002ffc   0x08002ffc   0x0000004c   Code   RO         1935    i.Plantar_Data_Frame_Handling  solution.o
    0x08003048   0x08003048   0x00000064   Code   RO         1936    i.Plantar_Data_Frame_Transmit  solution.o
    0x080030ac   0x080030ac   0x000000e0   Code   RO          894    i.Plantar_Mode_Change  plantar.o
    0x0800318c   0x0800318c   0x0000004c   Code   RO          895    i.Plantar_Rate_Change  plantar.o
    0x080031d8   0x080031d8   0x0000002c   Code   RO          896    i.Plantar_Read_Write_Buff_Switch  plantar.o
    0x08003204   0x08003204   0x00000014   Code   RO          897    i.Plantar_SettingsInit  plantar.o
    0x08003218   0x08003218   0x00000018   Code   RO          898    i.Plantar_TimeStamp  plantar.o
    0x08003230   0x08003230   0x000000c0   Code   RO         1937    i.Pressure_Calculation  solution.o
    0x080032f0   0x080032f0   0x0000008c   Code   RO          899    i.Row_Select        plantar.o
    0x0800337c   0x0800337c   0x00000078   Code   RO         1847    i.SensorDataUpdate  imu.o
    0x080033f4   0x080033f4   0x0000000a   Code   RO         1848    i.SensorUartSend    imu.o
    0x080033fe   0x080033fe   0x00000002   PAD
    0x08003400   0x08003400   0x00000078   Code   RO          900    i.Singal_Point_Sampling  plantar.o
    0x08003478   0x08003478   0x00000088   Code   RO         1938    i.Singel_Point_Calculation  solution.o
    0x08003500   0x08003500   0x0000001a   Code   RO         6844    i.SysTick_Handler   cmsis_os2.o
    0x0800351a   0x0800351a   0x00000002   PAD
    0x0800351c   0x0800351c   0x00000090   Code   RO           15    i.SystemClock_Config  main.o
    0x080035ac   0x080035ac   0x00000010   Code   RO         5706    i.SystemInit        system_stm32f4xx.o
    0x080035bc   0x080035bc   0x0000000c   Code   RO          740    i.TIM1_UP_TIM10_IRQHandler  stm32f4xx_it.o
    0x080035c8   0x080035c8   0x00000002   Code   RO          741    i.TIM2_IRQHandler   stm32f4xx_it.o
    0x080035ca   0x080035ca   0x00000002   PAD
    0x080035cc   0x080035cc   0x00000098   Code   RO         4220    i.TIM_Base_SetConfig  stm32f4xx_hal_tim.o
    0x08003664   0x08003664   0x0000010c   Code   RO         5275    i.UART_SetConfig    stm32f4xx_hal_uart.o
    0x08003770   0x08003770   0x0000000c   Code   RO          569    i.USART1_IRQHandler  usart.o
    0x0800377c   0x0800377c   0x0000000c   Code   RO          570    i.USART2_IRQHandler  usart.o
    0x08003788   0x08003788   0x0000000c   Code   RO          571    i.USART6_IRQHandler  usart.o
    0x08003794   0x08003794   0x000000d0   Code   RO          572    i.UartIRQ           usart.o
    0x08003864   0x08003864   0x0000007a   Code   RO          573    i.UartSend          usart.o
    0x080038de   0x080038de   0x00000002   PAD
    0x080038e0   0x080038e0   0x000000ac   Code   RO          575    i.UartVarInit       usart.o
    0x0800398c   0x0800398c   0x00000018   Code   RO          576    i.Uart_RxBuf_Clear  usart.o
    0x080039a4   0x080039a4   0x0000001c   Code   RO          577    i.Uart_RxBuf_Init   usart.o
    0x080039c0   0x080039c0   0x00000024   Code   RO          578    i.Uart_RxBuf_Putin  usart.o
    0x080039e4   0x080039e4   0x00000002   Code   RO          742    i.UsageFault_Handler  stm32f4xx_it.o
    0x080039e6   0x080039e6   0x00000002   PAD
    0x080039e8   0x080039e8   0x00000014   Code   RO         1690    i.WitDelayMsRegister  wit_c_sdk.o
    0x080039fc   0x080039fc   0x0000001c   Code   RO         1692    i.WitInit           wit_c_sdk.o
    0x08003a18   0x08003a18   0x00000140   Code   RO         1693    i.WitReadReg        wit_c_sdk.o
    0x08003b58   0x08003b58   0x00000014   Code   RO         1694    i.WitRegisterCallBack  wit_c_sdk.o
    0x08003b6c   0x08003b6c   0x00000100   Code   RO         1695    i.WitSerialDataIn   wit_c_sdk.o
    0x08003c6c   0x08003c6c   0x00000014   Code   RO         1696    i.WitSerialWriteRegister  wit_c_sdk.o
    0x08003c80   0x08003c80   0x00000020   Code   RO         7768    i.__0printf         mc_w.l(printfa.o)
    0x08003ca0   0x08003ca0   0x00000028   Code   RO         7770    i.__0sprintf        mc_w.l(printfa.o)
    0x08003cc8   0x08003cc8   0x00000030   Code   RO         7864    i.__ARM_fpclassify  m_wm.l(fpclassify.o)
    0x08003cf8   0x08003cf8   0x0000002c   Code   RO         1707    i.__CRC16           wit_c_sdk.o
    0x08003d24   0x08003d24   0x00000020   Code   RO         3073    i.__NVIC_SetPriority  stm32f4xx_hal_cortex.o
    0x08003d44   0x08003d44   0x00000004   PAD
    0x08003d48   0x08003d48   0x00000358   Code   RO         7486    i.__hardfp_exp      m_wm.l(exp.o)
    0x080040a0   0x080040a0   0x000000f8   Code   RO         7866    i.__kernel_poly     m_wm.l(poly.o)
    0x08004198   0x08004198   0x00000014   Code   RO         7851    i.__mathlib_dbl_infnan  m_wm.l(dunder.o)
    0x080041ac   0x080041ac   0x00000004   PAD
    0x080041b0   0x080041b0   0x00000020   Code   RO         7854    i.__mathlib_dbl_overflow  m_wm.l(dunder.o)
    0x080041d0   0x080041d0   0x00000020   Code   RO         7856    i.__mathlib_dbl_underflow  m_wm.l(dunder.o)
    0x080041f0   0x080041f0   0x0000000e   Code   RO         7931    i.__scatterload_copy  mc_w.l(handlers.o)
    0x080041fe   0x080041fe   0x00000002   Code   RO         7932    i.__scatterload_null  mc_w.l(handlers.o)
    0x08004200   0x08004200   0x0000000e   Code   RO         7933    i.__scatterload_zeroinit  mc_w.l(handlers.o)
    0x0800420e   0x0800420e   0x00000002   PAD
    0x08004210   0x08004210   0x0000000c   Code   RO         7898    i.__set_errno       mc_w.l(errno.o)
    0x0800421c   0x0800421c   0x00000184   Code   RO         7775    i._fp_digits        mc_w.l(printfa.o)
    0x080043a0   0x080043a0   0x000006b4   Code   RO         7776    i._printf_core      mc_w.l(printfa.o)
    0x08004a54   0x08004a54   0x00000024   Code   RO         7777    i._printf_post_padding  mc_w.l(printfa.o)
    0x08004a78   0x08004a78   0x0000002e   Code   RO         7778    i._printf_pre_padding  mc_w.l(printfa.o)
    0x08004aa6   0x08004aa6   0x0000000a   Code   RO         7780    i._sputc            mc_w.l(printfa.o)
    0x08004ab0   0x08004ab0   0x0000000e   Code   RO          579    i.bsp_InitUart      usart.o
    0x08004abe   0x08004abe   0x00000028   Code   RO          580    i.bsp_SetUartParam  usart.o
    0x08004ae6   0x08004ae6   0x0000004e   Code   RO          583    i.comGetChar        usart.o
    0x08004b34   0x08004b34   0x0000001c   Code   RO          584    i.comSendBuf        usart.o
    0x08004b50   0x08004b50   0x00000018   Code   RO          586    i.comSetBaud        usart.o
    0x08004b68   0x08004b68   0x00000024   Code   RO         2002    i.float_u8Arry      function.o
    0x08004b8c   0x08004b8c   0x00000010   Code   RO          588    i.fputc             usart.o
    0x08004b9c   0x08004b9c   0x00000026   Code   RO           16    i.main              main.o
    0x08004bc2   0x08004bc2   0x0000001a   Code   RO         6846    i.osDelay           cmsis_os2.o
    0x08004bdc   0x08004bdc   0x0000002c   Code   RO         6851    i.osEventFlagsNew   cmsis_os2.o
    0x08004c08   0x08004c08   0x00000024   Code   RO         6860    i.osKernelInitialize  cmsis_os2.o
    0x08004c2c   0x08004c2c   0x00000038   Code   RO         6863    i.osKernelStart     cmsis_os2.o
    0x08004c64   0x08004c64   0x00000064   Code   RO         6875    i.osMessageQueueGet  cmsis_os2.o
    0x08004cc8   0x08004cc8   0x00000058   Code   RO         6880    i.osMessageQueueNew  cmsis_os2.o
    0x08004d20   0x08004d20   0x00000068   Code   RO         6881    i.osMessageQueuePut  cmsis_os2.o
    0x08004d88   0x08004d88   0x00000068   Code   RO         6886    i.osMutexNew        cmsis_os2.o
    0x08004df0   0x08004df0   0x00000098   Code   RO         6891    i.osSemaphoreNew    cmsis_os2.o
    0x08004e88   0x08004e88   0x0000008a   Code   RO         6905    i.osThreadNew       cmsis_os2.o
    0x08004f12   0x08004f12   0x00000002   PAD
    0x08004f14   0x08004f14   0x0000005c   Code   RO         6308    i.prvAddCurrentTaskToDelayedList  tasks.o
    0x08004f70   0x08004f70   0x000000d0   Code   RO         6309    i.prvAddNewTaskToReadyList  tasks.o
    0x08005040   0x08005040   0x00000058   Code   RO         6673    i.prvCheckForValidListAndQueue  timers.o
    0x08005098   0x08005098   0x00000026   Code   RO         5908    i.prvCopyDataFromQueue  queue.o
    0x080050be   0x080050be   0x0000006c   Code   RO         5909    i.prvCopyDataToQueue  queue.o
    0x0800512a   0x0800512a   0x00000034   Code   RO         6310    i.prvDeleteTCB      tasks.o
    0x0800515e   0x0800515e   0x00000002   PAD
    0x08005160   0x08005160   0x0000004c   Code   RO         7354    i.prvHeapInit       heap_4.o
    0x080051ac   0x080051ac   0x00000060   Code   RO         6311    i.prvIdleTask       tasks.o
    0x0800520c   0x0800520c   0x00000016   Code   RO         5910    i.prvInitialiseMutex  queue.o
    0x08005222   0x08005222   0x00000002   PAD
    0x08005224   0x08005224   0x00000022   Code   RO         5911    i.prvInitialiseNewQueue  queue.o
    0x08005246   0x08005246   0x00000002   PAD
    0x08005248   0x08005248   0x000000b0   Code   RO         6312    i.prvInitialiseNewTask  tasks.o
    0x080052f8   0x080052f8   0x0000004c   Code   RO         7355    i.prvInsertBlockIntoFreeList  heap_4.o
    0x08005344   0x08005344   0x00000038   Code   RO         6675    i.prvInsertTimerInActiveList  timers.o
    0x0800537c   0x0800537c   0x0000001c   Code   RO         5912    i.prvIsQueueEmpty   queue.o
    0x08005398   0x08005398   0x000000fc   Code   RO         6676    i.prvProcessReceivedCommands  timers.o
    0x08005494   0x08005494   0x000000c0   Code   RO         6677    i.prvProcessTimerOrBlockTask  timers.o
    0x08005554   0x08005554   0x00000020   Code   RO         6314    i.prvResetNextTaskUnblockTime  tasks.o
    0x08005574   0x08005574   0x00000028   Code   RO         6678    i.prvSampleTimeNow  timers.o
    0x0800559c   0x0800559c   0x0000006c   Code   RO         6679    i.prvSwitchTimerLists  timers.o
    0x08005608   0x08005608   0x00000028   Code   RO         7410    i.prvTaskExitError  port.o
    0x08005630   0x08005630   0x00000014   Code   RO         5749    i.prvTestWaitCondition  event_groups.o
    0x08005644   0x08005644   0x00000024   Code   RO         6680    i.prvTimerTask      timers.o
    0x08005668   0x08005668   0x0000006a   Code   RO         5913    i.prvUnlockQueue    queue.o
    0x080056d2   0x080056d2   0x00000002   PAD
    0x080056d4   0x080056d4   0x000000dc   Code   RO         7356    i.pvPortMalloc      heap_4.o
    0x080057b0   0x080057b0   0x00000018   Code   RO         6317    i.pvTaskIncrementMutexHeldCount  tasks.o
    0x080057c8   0x080057c8   0x0000002c   Code   RO         7411    i.pxPortInitialiseStack  port.o
    0x080057f4   0x080057f4   0x00000008   Code   RO         2003    i.u16_u8Arry        function.o
    0x080057fc   0x080057fc   0x00000010   Code   RO         2004    i.u32_u8Arry        function.o
    0x0800580c   0x0800580c   0x00000026   Code   RO         5868    i.uxListRemove      list.o
    0x08005832   0x08005832   0x00000002   PAD
    0x08005834   0x08005834   0x00000018   Code   RO         6326    i.uxTaskResetEventItemValue  tasks.o
    0x0800584c   0x0800584c   0x00000014   Code   RO         6917    i.vApplicationGetIdleTaskMemory  cmsis_os2.o
    0x08005860   0x08005860   0x00000018   Code   RO         6918    i.vApplicationGetTimerTaskMemory  cmsis_os2.o
    0x08005878   0x08005878   0x00000016   Code   RO         5869    i.vListInitialise   list.o
    0x0800588e   0x0800588e   0x00000006   Code   RO         5870    i.vListInitialiseItem  list.o
    0x08005894   0x08005894   0x00000030   Code   RO         5871    i.vListInsert       list.o
    0x080058c4   0x080058c4   0x00000018   Code   RO         5872    i.vListInsertEnd    list.o
    0x080058dc   0x080058dc   0x00000040   Code   RO         7413    i.vPortEnterCritical  port.o
    0x0800591c   0x0800591c   0x00000028   Code   RO         7414    i.vPortExitCritical  port.o
    0x08005944   0x08005944   0x00000064   Code   RO         7357    i.vPortFree         heap_4.o
    0x080059a8   0x080059a8   0x00000024   Code   RO         7415    i.vPortSetupTimerInterrupt  port.o
    0x080059cc   0x080059cc   0x00000054   Code   RO         7416    i.vPortValidateInterruptPriority  port.o
    0x08005a20   0x08005a20   0x00000028   Code   RO         5919    i.vQueueAddToRegistry  queue.o
    0x08005a48   0x08005a48   0x0000002e   Code   RO         5920    i.vQueueDelete      queue.o
    0x08005a76   0x08005a76   0x00000002   PAD
    0x08005a78   0x08005a78   0x00000028   Code   RO         5922    i.vQueueUnregisterQueue  queue.o
    0x08005aa0   0x08005aa0   0x00000044   Code   RO         5923    i.vQueueWaitForMessageRestricted  queue.o
    0x08005ae4   0x08005ae4   0x0000004c   Code   RO         6327    i.vTaskDelay        tasks.o
    0x08005b30   0x08005b30   0x00000090   Code   RO         6329    i.vTaskDelete       tasks.o
    0x08005bc0   0x08005bc0   0x00000010   Code   RO         6332    i.vTaskInternalSetTimeOutState  tasks.o
    0x08005bd0   0x08005bd0   0x0000000c   Code   RO         6333    i.vTaskMissedYield  tasks.o
    0x08005bdc   0x08005bdc   0x00000030   Code   RO         6335    i.vTaskPlaceOnEventList  tasks.o
    0x08005c0c   0x08005c0c   0x00000038   Code   RO         6336    i.vTaskPlaceOnEventListRestricted  tasks.o
    0x08005c44   0x08005c44   0x00000050   Code   RO         6337    i.vTaskPlaceOnUnorderedEventList  tasks.o
    0x08005c94   0x08005c94   0x00000090   Code   RO         6338    i.vTaskPriorityDisinheritAfterTimeout  tasks.o
    0x08005d24   0x08005d24   0x00000070   Code   RO         6340    i.vTaskRemoveFromUnorderedEventList  tasks.o
    0x08005d94   0x08005d94   0x00000088   Code   RO         6344    i.vTaskStartScheduler  tasks.o
    0x08005e1c   0x08005e1c   0x00000010   Code   RO         6346    i.vTaskSuspendAll   tasks.o
    0x08005e2c   0x08005e2c   0x00000064   Code   RO         6347    i.vTaskSwitchContext  tasks.o
    0x08005e90   0x08005e90   0x00000040   Code   RO         5755    i.xEventGroupClearBits  event_groups.o
    0x08005ed0   0x08005ed0   0x0000001c   Code   RO         5757    i.xEventGroupCreate  event_groups.o
    0x08005eec   0x08005eec   0x0000002c   Code   RO         5758    i.xEventGroupCreateStatic  event_groups.o
    0x08005f18   0x08005f18   0x0000008c   Code   RO         5760    i.xEventGroupSetBits  event_groups.o
    0x08005fa4   0x08005fa4   0x00000108   Code   RO         5763    i.xEventGroupWaitBits  event_groups.o
    0x080060ac   0x080060ac   0x000000f4   Code   RO         7417    i.xPortStartScheduler  port.o
    0x080061a0   0x080061a0   0x0000002c   Code   RO         7418    i.xPortSysTickHandler  port.o
    0x080061cc   0x080061cc   0x0000003a   Code   RO         5924    i.xQueueCreateCountingSemaphore  queue.o
    0x08006206   0x08006206   0x00000040   Code   RO         5925    i.xQueueCreateCountingSemaphoreStatic  queue.o
    0x08006246   0x08006246   0x00000016   Code   RO         5926    i.xQueueCreateMutex  queue.o
    0x0800625c   0x0800625c   0x0000001a   Code   RO         5927    i.xQueueCreateMutexStatic  queue.o
    0x08006276   0x08006276   0x00000042   Code   RO         5928    i.xQueueGenericCreate  queue.o
    0x080062b8   0x080062b8   0x00000066   Code   RO         5929    i.xQueueGenericCreateStatic  queue.o
    0x0800631e   0x0800631e   0x00000002   PAD
    0x08006320   0x08006320   0x00000088   Code   RO         5930    i.xQueueGenericReset  queue.o
    0x080063a8   0x080063a8   0x00000160   Code   RO         5931    i.xQueueGenericSend  queue.o
    0x08006508   0x08006508   0x000000be   Code   RO         5932    i.xQueueGenericSendFromISR  queue.o
    0x080065c6   0x080065c6   0x00000002   PAD
    0x080065c8   0x080065c8   0x00000138   Code   RO         5941    i.xQueueReceive     queue.o
    0x08006700   0x08006700   0x0000009a   Code   RO         5942    i.xQueueReceiveFromISR  queue.o
    0x0800679a   0x0800679a   0x00000002   PAD
    0x0800679c   0x0800679c   0x00000178   Code   RO         5943    i.xQueueSemaphoreTake  queue.o
    0x08006914   0x08006914   0x00000074   Code   RO         6349    i.xTaskCheckForTimeOut  tasks.o
    0x08006988   0x08006988   0x0000005a   Code   RO         6350    i.xTaskCreate       tasks.o
    0x080069e2   0x080069e2   0x00000056   Code   RO         6351    i.xTaskCreateStatic  tasks.o
    0x08006a38   0x08006a38   0x0000001c   Code   RO         6355    i.xTaskGetSchedulerState  tasks.o
    0x08006a54   0x08006a54   0x0000000c   Code   RO         6356    i.xTaskGetTickCount  tasks.o
    0x08006a60   0x08006a60   0x000000c8   Code   RO         6358    i.xTaskIncrementTick  tasks.o
    0x08006b28   0x08006b28   0x00000080   Code   RO         6361    i.xTaskPriorityDisinherit  tasks.o
    0x08006ba8   0x08006ba8   0x00000078   Code   RO         6362    i.xTaskPriorityInherit  tasks.o
    0x08006c20   0x08006c20   0x00000070   Code   RO         6363    i.xTaskRemoveFromEventList  tasks.o
    0x08006c90   0x08006c90   0x000000c4   Code   RO         6364    i.xTaskResumeAll    tasks.o
    0x08006d54   0x08006d54   0x00000060   Code   RO         6689    i.xTimerCreateTimerTask  timers.o
    0x08006db4   0x08006db4   0x00000068   Code   RO         6690    i.xTimerGenericCommand  timers.o
    0x08006e1c   0x08006e1c   0x000001a8   Data   RO          352    .constdata          freertos.o
    0x08006fc4   0x08006fc4   0x00000028   Data   RO          903    .constdata          plantar.o
    0x08006fec   0x08006fec   0x00000200   Data   RO         1709    .constdata          wit_c_sdk.o
    0x080071ec   0x080071ec   0x00000028   Data   RO         1851    .constdata          imu.o
    0x08007214   0x08007214   0x00000010   Data   RO         5707    .constdata          system_stm32f4xx.o
    0x08007224   0x08007224   0x00000008   Data   RO         5708    .constdata          system_stm32f4xx.o
    0x0800722c   0x0800722c   0x00000004   PAD
    0x08007230   0x08007230   0x00000058   Data   RO         7489    .constdata          m_wm.l(exp.o)
    0x08007288   0x08007288   0x000000ea   Data   RO          353    .conststring        freertos.o
    0x08007372   0x08007372   0x00000002   PAD
    0x08007374   0x08007374   0x00000020   Data   RO         7929    Region$$Table       anon$$obj.o


    Execution Region RW_IRAM1 (Exec base: 0x20000000, Load base: 0x08007394, Size: 0x0000a4b8, Max: 0x00020000, ABSOLUTE)

    Exec Addr    Load Addr    Size         Type   Attr      Idx    E Section Name        Object

    0x20000000   0x08007394   0x00000042   Data   RW          354    .data               freertos.o
    0x20000042   0x080073d6   0x00000002   PAD
    0x20000044   0x080073d8   0x00000008   Data   RW          593    .data               usart.o
    0x2000004c   0x080073e0   0x00000028   Data   RW         1710    .data               wit_c_sdk.o
    0x20000074   0x08007408   0x00000004   Data   RW         1852    .data               imu.o
    0x20000078   0x0800740c   0x00000016   Data   RW         1945    .data               solution.o
    0x2000008e   0x08007422   0x00000002   PAD
    0x20000090   0x08007424   0x0000000c   Data   RW         3217    .data               stm32f4xx_hal.o
    0x2000009c   0x08007430   0x00000004   Data   RW         5709    .data               system_stm32f4xx.o
    0x200000a0   0x08007434   0x0000003c   Data   RW         6367    .data               tasks.o
    0x200000dc   0x08007470   0x00000014   Data   RW         6698    .data               timers.o
    0x200000f0   0x08007484   0x00000004   Data   RW         6920    .data               cmsis_os2.o
    0x200000f4   0x08007488   0x00000020   Data   RW         7363    .data               heap_4.o
    0x20000114   0x080074a8   0x0000000c   Data   RW         7419    .data               port.o
    0x20000120   0x080074b4   0x00000004   Data   RW         7885    .data               mc_w.l(stdout.o)
    0x20000124   0x080074b8   0x00000004   Data   RW         7899    .data               mc_w.l(errno.o)
    0x20000128        -       0x00000100   Zero   RW          350    .bss                freertos.o
    0x20000228        -       0x0000000d   Zero   RW          351    .bss                freertos.o
    0x20000235   0x080074bc   0x00000003   PAD
    0x20000238        -       0x00003884   Zero   RW          592    .bss                usart.o
    0x20003abc        -       0x00000048   Zero   RW          851    .bss                stm32f4xx_hal_timebase_tim.o
    0x20003b04        -       0x0000076c   Zero   RW          901    .bss                plantar.o
    0x20004270        -       0x00000220   Zero   RW         1708    .bss                wit_c_sdk.o
    0x20004490        -       0x000005f0   Zero   RW         1850    .bss                imu.o
    0x20004a80        -       0x0000095e   Zero   RW         1939    .bss                solution.o
    0x200053de   0x080074bc   0x00000002   PAD
    0x200053e0        -       0x00000040   Zero   RW         5945    .bss                queue.o
    0x20005420        -       0x000004c4   Zero   RW         6366    .bss                tasks.o
    0x200058e4        -       0x00000118   Zero   RW         6697    .bss                timers.o
    0x200059fc        -       0x000006b8   Zero   RW         6919    .bss                cmsis_os2.o
    0x200060b4        -       0x00003c00   Zero   RW         7362    .bss                heap_4.o
    0x20009cb4   0x080074bc   0x00000004   PAD
    0x20009cb8        -       0x00000800   Zero   RW            1    STACK               startup_stm32f411xe.o


==============================================================================

Image component sizes


      Code (inc. data)   RO Data    RW Data    ZI Data      Debug   Object Name

       536         76          0          0          0      69825   adc.o
         0          0          0          0          0        392   cjson.o
       918         30          0          4       1720      69543   cmsis_os2.o
       764        380          0          0          0       6143   command.o
       560          4          0          0          0      27572   event_groups.o
      1344        148        658         66        269      13205   freertos.o
        60          0          0          0          0       2185   function.o
       340         40          0          0          0      47854   gpio.o
       472         24          0         32      15360       5059   heap_4.o
       982        134         40          4       1520       9592   imu.o
       138          0          0          0          0       3738   list.o
       206         14          0          0          0     449883   main.o
      1118        310         40          0       1900      15386   plantar.o
       786         82          0         12          0      11893   port.o
      2388         28          0          0         64      27734   queue.o
      1308        106          0         22       2398       7099   solution.o
        36          8        408          0       2048        868   startup_stm32f411xe.o
        80         14          0         12          0       8134   stm32f4xx_hal.o
       158         14          0          0          0      33318   stm32f4xx_hal_cortex.o
       480         34          0          0          0       1576   stm32f4xx_hal_gpio.o
        56          4          0          0          0        930   stm32f4xx_hal_msp.o
      1412         86          0          0          0       6121   stm32f4xx_hal_rcc.o
       718         50          0          0          0       7636   stm32f4xx_hal_tim.o
         4          0          0          0          0       1693   stm32f4xx_hal_tim_ex.o
       116         18          0          0         72       1511   stm32f4xx_hal_timebase_tim.o
       368         10          0          0          0       2667   stm32f4xx_hal_uart.o
       110         38          0          0          0      48876   stm32f4xx_it.o
       168         14          0          0          0      46276   stm32f4xx_ll_adc.o
       310          0          0          0          0       7271   stm32f4xx_ll_gpio.o
       152         30          0          0          0      31138   stm32f4xx_ll_tim.o
        16          4         24          4          0       1223   system_stm32f4xx.o
      2732        224          0         60       1220      33944   tasks.o
       172         14          0          0          0      30359   tim.o
       972         80          0         20        280      30139   timers.o
      1450        128          0          8      14468      15421   usart.o
       888         68        512         40        544       8637   wit_c_sdk.o

    ----------------------------------------------------------------------
     22364       2214       1720        288      41872    1084841   Object Totals
         0          0         32          0          0          0   (incl. Generated)
        46          0          6          4          9          0   (incl. Padding)

    ----------------------------------------------------------------------

      Code (inc. data)   RO Data    RW Data    ZI Data      Debug   Library Member Name

        84         16          0          0          0        372   dunder.o
       856        142         88          0          0        288   exp.o
        48          0          0          0          0        124   fpclassify.o
       248          0          0          0          0        152   poly.o
         0          0          0          0          0          0   entry.o
         0          0          0          0          0          0   entry10a.o
         0          0          0          0          0          0   entry11a.o
         4          0          0          0          0          0   entry12b.o
         8          4          0          0          0          0   entry2.o
         4          0          0          0          0          0   entry5.o
         0          0          0          0          0          0   entry7b.o
         0          0          0          0          0          0   entry8b.o
         8          4          0          0          0          0   entry9a.o
        12          6          0          4          0         68   errno.o
        30          0          0          0          0          0   handlers.o
        36          8          0          0          0         68   init.o
         0          0          0          0          0          0   iusefp.o
        30          0          0          0          0         68   llshl.o
        36          0          0          0          0         68   llsshr.o
        32          0          0          0          0         68   llushr.o
        36          0          0          0          0         68   memcpya.o
        36          0          0          0          0        108   memseta.o
      2268         96          0          0          0        616   printfa.o
         0          0          0          4          0          0   stdout.o
        44          0          0          0          0         80   uidiv.o
        98          0          0          0          0         92   uldiv.o
        48          0          0          0          0         68   cdcmple.o
        48          0          0          0          0         68   cdrcmple.o
        56          0          0          0          0         88   d2f.o
       334          0          0          0          0        148   dadd.o
       222          0          0          0          0        100   ddiv.o
       186          0          0          0          0        176   depilogue.o
        62          0          0          0          0         80   dfixi.o
        50          0          0          0          0         76   dfixui.o
        48          0          0          0          0         68   dfixul.o
        34          0          0          0          0         76   dflti.o
        26          0          0          0          0         76   dfltui.o
       228          0          0          0          0         96   dmul.o
        38          0          0          0          0         68   f2d.o
       110          0          0          0          0        168   fepilogue.o

    ----------------------------------------------------------------------
      5416        276         88          8          0       3596   Library Totals
         8          0          0          0          0          0   (incl. Padding)

    ----------------------------------------------------------------------

      Code (inc. data)   RO Data    RW Data    ZI Data      Debug   Library Name

      1236        158         88          0          0        936   m_wm.l
      2682        118          0          8          0       1304   mc_w.l
      1490          0          0          0          0       1356   mf_w.l

    ----------------------------------------------------------------------
      5416        276         88          8          0       3596   Library Totals

    ----------------------------------------------------------------------

==============================================================================


      Code (inc. data)   RO Data    RW Data    ZI Data      Debug   

     27780       2490       1808        296      41872    1064437   Grand Totals
     27780       2490       1808        296      41872    1064437   ELF Image Totals
     27780       2490       1808        296          0          0   ROM Totals

==============================================================================

    Total RO  Size (Code + RO Data)                29588 (  28.89kB)
    Total RW  Size (RW Data + ZI Data)             42168 (  41.18kB)
    Total ROM Size (Code + RO Data + RW Data)      29884 (  29.18kB)

==============================================================================

