<html>
<body>
<pre>
<h1>礦ision Build Log</h1>
<h2>Tool Versions:</h2>
IDE-Version: μVision V5.36.0.0
Copyright (C) 2021 ARM Ltd and ARM Germany GmbH. All rights reserved.
License Information: Chen Haotian, DUT, LIC=32B1Q-NQXZ7-JJZ6S-LTE5N-Q06QR-LQNX7
 
Tool Versions:
Toolchain:       MDK-ARM Plus  Version: 5.36.0.0
Toolchain Path:  D:\Keil_v5\ARM\ARMCC\Bin
C Compiler:      Armcc.exe V5.06 update 7 (build 960)
Assembler:       Armasm.exe V5.06 update 7 (build 960)
Linker/Locator:  ArmLink.exe V5.06 update 7 (build 960)
Library Manager: ArmAr.exe V5.06 update 7 (build 960)
Hex Converter:   FromElf.exe V5.06 update 7 (build 960)
CPU DLL:         SARMCM3.DLL V5.36.0.0
Dialog DLL:      DCM.DLL V1.17.3.0
Target DLL:      STLink\ST-LINKIII-KEIL_SWO.dll V3.0.9.0
Dialog DLL:      TCM.DLL V1.53.0.0
 
<h2>Project:</h2>
D:\Git_Nanolib\Indoor_localization\ST_SamplingBoard\ST_SamplingBoard\MDK-ARM\ST_SamplingBoard.uvprojx
Project File Date:  06/23/2023

<h2>Output:</h2>
*** Using Compiler 'V5.06 update 7 (build 960)', folder: 'D:\Keil_v5\ARM\ARMCC\Bin'
Rebuild target 'ST_SamplingBoard'
assembling startup_stm32f411xe.s...
compiling stm32f4xx_hal_timebase_tim.c...
compiling stm32f4xx_ll_gpio.c...
compiling stm32f4xx_ll_dma.c...
compiling stm32f4xx_ll_adc.c...
compiling stm32f4xx_hal_rcc_ex.c...
compiling stm32f4xx_hal_rcc.c...
compiling stm32f4xx_hal_flash_ex.c...
compiling usart.c...
compiling stm32f4xx_hal_flash.c...
compiling main.c...
compiling Plantar.c...
compiling adc.c...
compiling stm32f4xx_hal_msp.c...
compiling gpio.c...
compiling freertos.c...
../Core/Src/freertos.c(204): warning:  #177-D: variable "temp"  was declared but never referenced
      float temp;
../Core/Src/freertos.c(234): warning:  #177-D: variable "x_return"  was declared but never referenced
      BaseType_t x_return = pdPASS;                   // 定义一个创建信息返回值，默认为 pdPASS
../Core/Src/freertos.c(235): warning:  #177-D: variable "r_queue"  was declared but never referenced
      uint32_t r_queue;                               // 定义一个接收消息的变量 
../Core/Src/freertos.c(236): warning:  #177-D: variable "s_queue"  was declared but never referenced
      uint32_t s_queue = PRESSURE_SOLUTION;           // 定义一个发送消息的变量
../Core/Src/freertos.c: 4 warnings, 0 errors
compiling tim.c...
compiling i2c.c...
compiling stm32f4xx_it.c...
compiling stm32f4xx_hal_flash_ramfunc.c...
compiling stm32f4xx_hal_gpio.c...
compiling stm32f4xx_hal_pwr.c...
compiling stm32f4xx_hal_dma.c...
compiling stm32f4xx_hal_dma_ex.c...
compiling stm32f4xx_hal_pwr_ex.c...
compiling stm32f4xx_hal_cortex.c...
compiling stm32f4xx_hal_exti.c...
compiling stm32f4xx_hal.c...
compiling stm32f4xx_ll_exti.c...
compiling croutine.c...
compiling stm32f4xx_hal_i2c_ex.c...
compiling event_groups.c...
compiling list.c...
compiling stm32f4xx_ll_rcc.c...
compiling stm32f4xx_ll_utils.c...
compiling queue.c...
compiling stream_buffer.c...
compiling timers.c...
compiling heap_4.c...
compiling port.c...
compiling tasks.c...
compiling stm32f4xx_hal_i2c.c...
compiling stm32f4xx_hal_tim_ex.c...
compiling system_stm32f4xx.c...
compiling stm32f4xx_hal_tim.c...
compiling stm32f4xx_ll_tim.c...
compiling stm32f4xx_hal_uart.c...
compiling cmsis_os2.c...
linking...
Program Size: Code=20444 RO-data=840 RW-data=180 ZI-data=22788  
FromELF: creating hex file...
"ST_SamplingBoard\ST_SamplingBoard.axf" - 0 Error(s), 4 Warning(s).

<h2>Software Packages used:</h2>

Package Vendor: ARM
                http://www.keil.com/pack/ARM.CMSIS.5.8.0.pack
                ARM.CMSIS.5.8.0
                CMSIS (Common Microcontroller Software Interface Standard)
   * Component: CORE Version: 5.5.0

Package Vendor: Keil
                http://www.keil.com/pack/Keil.STM32F4xx_DFP.2.16.0.pack
                Keil.STM32F4xx_DFP.2.16.0
                STMicroelectronics STM32F4 Series Device Support, Drivers and Examples

<h2>Collection of Component include folders:</h2>
  .\RTE\_ST_SamplingBoard
  D:\Keil_v5\Arm\Packs\ARM\CMSIS\5.8.0\CMSIS\Core\Include
  D:\Keil_v5\Arm\Packs\Keil\STM32F4xx_DFP\2.16.0\Drivers\CMSIS\Device\ST\STM32F4xx\Include

<h2>Collection of Component Files used:</h2>

   * Component: ARM::CMSIS:CORE:5.5.0
      Include file:  CMSIS\Core\Include\tz_context.h
Build Time Elapsed:  00:00:06
</pre>
</body>
</html>
